{
  "hash": "T8RqEjh9T5BaxOiHO0oRIUMCQ6+D3ta1dhw6imYwxzc=",
  "header": {
    "baseFeePerGas": {
      "bytes": "kwcfxw=="
    },
    "coinbase": "Kx2Hm14QLmAWYgLeeVN7SOLxikI=",
    "difficulty": {
      "bytes": "AA=="
    },
    "gasLimit": "30000000",
    "hash": "T8RqEjh9T5BaxOiHO0oRIUMCQ6+D3ta1dhw6imYwxzc=",
    "logsBloom": "AAAAAAAAAAAAAAAAAAAAAAAAAAAAAAAAAAAAAAAAAAAAAAAAAAAAAAAAAAAAAAAAAAAAAAAAAAAAAAAAAAAAAAAAAAAAAAAAAAAAAAAAAAAAAAAAAAAAAAAAAAAAAAAAAAAAAAAAAAAAAAAAAAAAAAAAAAAAAAAAAAAAAAAAAAAAAAAAAAAAAAAAAAAAAAAAAAAAAAAAAAAAAAAAAAAAAAAAAAAAAAAAAAAAAAAAAAAAAAAAAAAAAAAAAAAAAAAAAAAAAAAAAAAAAAAAAAAAAAAAAAAAAAAAAAAAAAAAAAAAAAAAAAAAAAAAAAAAAAAAAAAAAAAAAAAAAAAAAAAAAA==",
    "mixHash": "AAAAAAAAAAAAAAAAAAAAAAAAAAAAAAAAAAAAAAAAAAA=",
    "number": "1550267",
    "parentBeaconRoot": "AAAAAAAAAAAAAAAAAAAAAAAAAAAAAAAAAAAAAAAAAAA=",
    "parentHash": "wcp0P3AwI6STMa3FvgIY/O+U7FIzNKmZZqlZtudkVAo=",
    "receiptRoot": "VugfFxvMVab/g0XmksD4bltI4BuZbK3AAWIvteNjtCE=",
    "stateRoot": "AAAAAAAAAAAAAAAAAAAAAAAAAAAAAAAAAAAAAAAAAAA=",
    "timestamp": "2024-05-15T17:12:36Z",
    "transactionsRoot": "UGovRwB9IOw9P7ACFl+hfCxFwgTa3lRZNqwqrJ0NJ20=",
    "uncleHash": "HcxN6N7HXXqrhbVntszUGtMSRRuUinQT8KFC/UDUk0c="
  },
  "number": "1550267",
  "size": "4196",
  "transactionTraces": [
    {
      "beginOrdinal": "1",
      "calls": [
        {
          "accountCreations": [
            {
              "account": "tmHJ8wNCN1AUM716ZYd4S3AgslQ=",
              "ordinal": "6"
            },
            {
              "account": "eo7Sf0wwUSMmh4ZS0g/IVydAGFQ=",
              "ordinal": "13"
            }
          ],
          "address": "tmHJ8wNCN1AUM716ZYd4S3AgslQ=",
          "balanceChanges": [
            {
              "address": "eiOPKY1V+NsnuGDv8eAtFSixZYU=",
              "newValue": {
                "bytes": "DbTWtv/L76k="
              },
              "oldValue": {
                "bytes": "Dbv1zrT3nx0="
              },
              "ordinal": "2",
              "reason": "REASON_GAS_BUY"
            },
            {
              "address": "eiOPKY1V+NsnuGDv8eAtFSixZYU=",
              "newValue": {
                "bytes": "DbTWtoh1IQk="
              },
              "oldValue": {
                "bytes": "DbTWtv/L76k="
              },
              "ordinal": "8",
              "reason": "REASON_TRANSFER"
            },
            {
              "address": "tmHJ8wNCN1AUM716ZYd4S3AgslQ=",
              "newValue": {
                "bytes": "d1bOoA=="
              },
              "ordinal": "9",
              "reason": "REASON_TRANSFER"
            },
            {
              "address": "eo7Sf0wwUSMmh4ZS0g/IVydAGFQ=",
              "newValue": {
                "bytes": "BtP88JGWRg=="
              },
              "ordinal": "14",
              "reason": "REASON_TRANSFER"
            },
            {
              "address": "Kx2Hm14QLmAWYgLeeVN7SOLxikI=",
              "newValue": {
                "bytes": "3mbuEFStTODo"
              },
              "oldValue": {
                "bytes": "3mbtxTnosse6"
              },
              "ordinal": "15",
              "reason": "REASON_TRANSFER"
            }
          ],
          "callType": "CREATE",
          "caller": "eiOPKY1V+NsnuGDv8eAtFSixZYU=",
          "endOrdinal": "12",
          "failureReason": "invalid opcode: PUSH0",
          "gasChanges": [
            {
              "newValue": "671370",
              "oldValue": "779146",
              "ordinal": "3",
              "reason": "REASON_INTRINSIC_GAS"
            },
            {
              "oldValue": "671346",
              "ordinal": "11",
              "reason": "REASON_FAILED_EXECUTION"
            }
          ],
          "gasConsumed": "671370",
          "gasLimit": "671370",
          "index": 1,
          "logs": [
            {
              "address": "AAAAAAAAAAAAAAAAAAAAAAAAEBA=",
              "data": "AAAAAAAAAAAAAAAAAAAAAAAAAAAAAAAAAAAAAHdWzqAAAAAAAAAAAAAAAAAAAAAAAAAAAAAAAAANtNa2/8vvqQAAAAAAAAAAAAAAAAAAAAAAAAAAAAAAAAAAAAAAAAAAAAAAAAAAAAAAAAAAAAAAAAAAAAAAAAAADbTWtoh1IQkAAAAAAAAAAAAAAAAAAAAAAAAAAAAAAAAAAAAAd1bOoA==",
              "ordinal": "10",
              "topics": [
                "5kl+PuVIozchNq8vywaW2zH8bPICYHB2RQaL0/6X88Q=",
                "AAAAAAAAAAAAAAAAAAAAAAAAAAAAAAAAAAAAAAAAEBA=",
                "AAAAAAAAAAAAAAAAeiOPKY1V+NsnuGDv8eAtFSixZYU=",
                "AAAAAAAAAAAAAAAAtmHJ8wNCN1AUM716ZYd4S3AgslQ="
              ]
            },
            {
              "address": "AAAAAAAAAAAAAAAAAAAAAAAAEBA=",
              "data": "AAAAAAAAAAAAAAAAAAAAAAAAAAAAAAAAAABLGsSaGS4AAAAAAAAAAAAAAAAAAAAAAAAAAAAAAAANu/XOtPefHQAAAAAAAAAAAAAAAAAAAAAAAAAAAAAA3mbtxTnosse6AAAAAAAAAAAAAAAAAAAAAAAAAAAAAAAADbuqs/Bdhe8AAAAAAAAAAAAAAAAAAAAAAAAAAAAAAN5m7hBUrUzg6A==",
              "index": 1,
              "ordinal": "16",
              "topics": [
                "Tf4bu88Hfdw+ASke6i1ccMK0IrQV2VZFua3P1njLHWM=",
                "AAAAAAAAAAAAAAAAAAAAAAAAAAAAAAAAAAAAAAAAEBA=",
                "AAAAAAAAAAAAAAAAeiOPKY1V+NsnuGDv8eAtFSixZYU=",
                "AAAAAAAAAAAAAAAAKx2Hm14QLmAWYgLeeVN7SOLxikI="
              ]
            }
          ],
          "nonceChanges": [
            {
              "address": "eiOPKY1V+NsnuGDv8eAtFSixZYU=",
              "newValue": "9",
              "oldValue": "8",
              "ordinal": "5"
            },
            {
              "address": "tmHJ8wNCN1AUM716ZYd4S3AgslQ=",
              "newValue": "1",
              "ordinal": "7"
            }
          ],
          "stateReverted": true,
          "statusFailed": true,
          "value": {
            "bytes": "d1bOoA=="
          }
        }
      ],
      "endOrdinal": "17",
      "from": "eiOPKY1V+NsnuGDv8eAtFSixZYU=",
      "gasLimit": "779146",
      "gasPrice": {
        "bytes": "mVhWcg=="
      },
      "gasUsed": "779146",
      "hash": "5gTFisgmyZvp3w4jvWMAn6e93CFPnMRbzXnM9NcV2lg=",
      "input": "YIBgQFJzQwAAAAAAAAAAAAAAAAAAAAAAAABgAl9hAQAKgVSBc///////////////////////////AhkWkINz//////////////////////////8WAheQVVBzeiOPKY1V+NsnuGDv8eAtFSixZYVgA19hAQAKgVSBc///////////////////////////AhkWkINz//////////////////////////8WAheQVVBhALphAL9gIBtgIBxWW2EDHlZbX3+cIv9fIfC4GxE+Y/fbbalP7e8RshGbQIi4lmT7mjy2WJBQgGBAUWEA8JBhAnhWW4GQYEBRgJEDkF/1kFCAFYAVYQENVz1fgD49X/1bUF+AYQEACoFUgXP//////////////////////////wIZFpCDc///////////////////////////FgIXkFVQX4BUkGEBAAqQBHP//////////////////////////xZz//////////////////////////8WNGBAUWEBj5BhArJWW19gQFGAgwOBhYda8ZJQUFA9gF+BFGEByVdgQFGRUGAfGWA/PQEWggFgQFI9glI9X2AghAE+YQHOVltgYJFQW1BQUF+AVJBhAQAKkARz//////////////////////////8Wc///////////////////////////FmMPrxAhX4BUkGEBAAqQBHP//////////////////////////xZgQFGCY/////8WYOAbgVJgBAFhAkiRkGEDBVZbX2BAUYCDA4Ffh4A7FYAVYQJfV1+A/VtQWvEVgBVhAnFXPV+APj1f/VtQUFBQUFZbYQKKgGELSYM5AZBWW1+BkFCSkVBQVltQVltfYQKdX4NhAoVWW5FQYQKogmECj1ZbX4IBkFCRkFBWW19hAryCYQKSVluRUIGQUJGQUFZbX3P//////////////////////////4IWkFCRkFBWW19hAu+CYQLGVluQUJGQUFZbYQL/gWEC5VZbglJQUFZbX2AgggGQUGEDGF+DAYRhAvZWW5KRUFBWW2EIHoBhAytfOV/z/mCAYEBSYAQ2EGEAc1dfNWDgHIBjTffj0BFhAE1XgGNN9+PQFGEA3FeAY3R39wAUYQEGV4Bjex2CnBRhATBXgGPPOiF+FGEBWldhAHpWW4BjC2HNfxRhAH5XgGMNvmcfFGEAiFeAYx1j4k0UYQCyV2EAelZbNmEAelcAW1+A/VthAIZhAXBWWwBbNIAVYQCTV1+A/VtQYQCcYQMpVltgQFFhAKmRkGEEmlZbYEBRgJEDkPNbNIAVYQC9V1+A/VtQYQDGYQNMVltgQFFhANORkGEEy1ZbYEBRgJEDkPNbNIAVYQDnV1+A/VtQYQDwYQNSVltgQFFhAP2RkGEEmlZbYEBRgJEDkPNbNIAVYQERV1+A/VtQYQEaYQN3VltgQFFhASeRkGEEy1ZbYEBRgJEDkPNbNIAVYQE7V1+A/VtQYQFEYQN9VltgQFFhAVGRkGEEy1ZbYEBRgJEDkPNbNIAVYQFlV1+A/VtQYQFuYQODVlsAW19/nCL/XyHwuBsRPmP3222pT+3vEbIRm0CIuJZk+5o8tliQUIBgQFFhAaGQYQQTVluBkGBAUYCRA5Bf9ZBQgBWAFWEBvlc9X4A+PV/9W1BfgGEBAAqBVIFz//////////////////////////8CGRaQg3P//////////////////////////xYCF5BVUF+AVJBhAQAKkARz//////////////////////////8Wc///////////////////////////FjRgQFFhAkCQYQURVltfYEBRgIMDgYWHWvGSUFBQPYBfgRRhAnpXYEBRkVBgHxlgPz0BFoIBYEBSPYJSPV9gIIQBPmECf1ZbYGCRUFtQUFBfgFSQYQEACpAEc///////////////////////////FnP//////////////////////////xZjD68QIV+AVJBhAQAKkARz//////////////////////////8WYEBRgmP/////FmDgG4FSYAQBYQL5kZBhBUVWW19gQFGAgwOBX4eAOxWAFWEDEFdfgP1bUFrxFYAVYQMiVz1fgD49X/1bUFBQUFBWW1+AVJBhAQAKkARz//////////////////////////8WgVZbYAVUgVZbYAFfkFSQYQEACpAEc///////////////////////////FoFWW2AEVIFWW2AGVIFWW19/nCL/XyHwuBsRPmP3222pT+3vEbIRm0CIuJZk+5o8tliQUIBgQFFhA7SQYQQTVluBkGBAUYCRA5Bf9ZBQgBWAFWED0Vc9X4A+PV/9W1BfgGEBAAqBVIFz//////////////////////////8CGRaQg3P//////////////////////////xYCF5BVUFBWW2ECioBhBV+DOQGQVltfc///////////////////////////ghaQUJGQUFZbX4GQUJGQUFZbX2EEYmEEXWEEWIRhBCBWW2EEP1ZbYQQgVluQUJGQUFZbX2EEc4JhBEhWW5BQkZBQVltfYQSEgmEEaVZbkFCRkFBWW2EElIFhBHpWW4JSUFBWW19gIIIBkFBhBK1fgwGEYQSLVluSkVBQVltfgZBQkZBQVlthBMWBYQSzVluCUlBQVltfYCCCAZBQYQTeX4MBhGEEvFZbkpFQUFZbX4GQUJKRUFBWW1BWW19hBPxfg2EE5FZbkVBhBQeCYQTuVltfggGQUJGQUFZbX2EFG4JhBPFWW5FQgZBQkZBQVltfYQUvgmEEIFZbkFCRkFBWW2EFP4FhBSVWW4JSUFBWW19gIIIBkFBhBVhfgwGEYQU2VluSkVBQVv5ggGBAUnNDAAAAAAAAAAAAAAAAAAAAAAAAAF+AYQEACoFUgXP//////////////////////////wIZFpCDc///////////////////////////FgIXkFVQc3ojjymNVfjbJ7hg7/HgLRUosWWFYAFfYQEACoFUgXP//////////////////////////wIZFpCDc///////////////////////////FgIXkFVQNIAVYLVXX4D9W1BhAceAYQDDXzlf8/5ggGBAUmAENhBhADdXXzVg4ByAYw+vECEUYQBCV4BjHWPiTRRhAF5XgGN0d/cAFGEAiFdhAD5WWzZhAD5XAFtfgP1bYQBcYASANgOBAZBhAFeRkGEBNVZbYQCyVlsAWzSAFWEAaVdfgP1bUGEAcmEAy1ZbYEBRYQB/kZBhAXhWW2BAUYCRA5DzWzSAFWEAk1dfgP1bUGEAnGEA0VZbYEBRYQCpkZBhAXhWW2BAUYCRA5DzW4Bz//////////////////////////8W/1tgA1SBVltgAlSBVltfgP1bX3P//////////////////////////4IWkFCRkFBWW19hAQSCYQDbVluQUJGQUFZbYQEUgWEA+lZbgRRhAR5XX4D9W1BWW1+BNZBQYQEvgWEBC1ZbkpFQUFZbX2AggoQDEhVhAUpXYQFJYQDXVltbX2EBV4SChQFhASFWW5FQUJKRUFBWW1+BkFCRkFBWW2EBcoFhAWBWW4JSUFBWW19gIIIBkFBhAYtfgwGEYQFpVluSkVBQVv6iZGlwZnNYIhIgeJ3+vUw6BPBQJteR8YhtD8wTPcLbIRYEWUqAC1vSMjBkc29sY0MACBkAM6JkaXBmc1giEiC/VJdrQtHrDXIpsr3UjopR7bzpzAzhLuPtNOmtg7kBFWRzb2xjQwAIGQAzYIBgQFJzQwAAAAAAAAAAAAAAAAAAAAAAAABfgGEBAAqBVIFz//////////////////////////8CGRaQg3P//////////////////////////xYCF5BVUHN6I48pjVX42ye4YO/x4C0VKLFlhWABX2EBAAqBVIFz//////////////////////////8CGRaQg3P//////////////////////////xYCF5BVUDSAFWC1V1+A/VtQYQHHgGEAw185X/P+YIBgQFJgBDYQYQA3V181YOAcgGMPrxAhFGEAQleAYx1j4k0UYQBeV4BjdHf3ABRhAIhXYQA+Vls2YQA+VwBbX4D9W2EAXGAEgDYDgQGQYQBXkZBhATVWW2EAslZbAFs0gBVhAGlXX4D9W1BhAHJhAMtWW2BAUWEAf5GQYQF4VltgQFGAkQOQ81s0gBVhAJNXX4D9W1BhAJxhANFWW2BAUWEAqZGQYQF4VltgQFGAkQOQ81uAc///////////////////////////Fv9bYANUgVZbYAJUgVZbX4D9W19z//////////////////////////+CFpBQkZBQVltfYQEEgmEA21ZbkFCRkFBWW2EBFIFhAPpWW4EUYQEeV1+A/VtQVltfgTWQUGEBL4FhAQtWW5KRUFBWW19gIIKEAxIVYQFKV2EBSWEA11ZbW19hAVeEgoUBYQEhVluRUFCSkVBQVltfgZBQkZBQVlthAXKBYQFgVluCUlBQVltfYCCCAZBQYQGLX4MBhGEBaVZbkpFQUFb+omRpcGZzWCISIHid/r1MOgTwUCbXkfGIbQ/MEz3C2yEWBFlKgAtb0jIwZHNvbGNDAAgZADM=",
      "maxFeePerGas": {
        "bytes": "yOKYzA=="
      },
      "maxPriorityFeePerGas": {
        "bytes": "BlE2qw=="
      },
      "nonce": "8",
      "r": "uEHvjD26MNMUOogGHEac8h8Gyz2aw+Nbzc+mi2kmRS8=",
      "receipt": {
        "cumulativeGasUsed": "779146",
        "logs": [
          {
            "address": "AAAAAAAAAAAAAAAAAAAAAAAAEBA=",
            "data": "AAAAAAAAAAAAAAAAAAAAAAAAAAAAAAAAAABLGsSaGS4AAAAAAAAAAAAAAAAAAAAAAAAAAAAAAAANu/XOtPefHQAAAAAAAAAAAAAAAAAAAAAAAAAAAAAA3mbtxTnosse6AAAAAAAAAAAAAAAAAAAAAAAAAAAAAAAADbuqs/Bdhe8AAAAAAAAAAAAAAAAAAAAAAAAAAAAAAN5m7hBUrUzg6A==",
            "index": 1,
            "ordinal": "16",
            "topics": [
              "Tf4bu88Hfdw+ASke6i1ccMK0IrQV2VZFua3P1njLHWM=",
              "AAAAAAAAAAAAAAAAAAAAAAAAAAAAAAAAAAAAAAAAEBA=",
              "AAAAAAAAAAAAAAAAeiOPKY1V+NsnuGDv8eAtFSixZYU=",
              "AAAAAAAAAAAAAAAAKx2Hm14QLmAWYgLeeVN7SOLxikI="
            ]
          }
        ],
        "logsBloom": "AAAAAAAAAAAAAAAAAAAAAAAAAAAAAAAAAAAAAAAAAAAAAAAAAAAAAAIAAAAAAAAAAACAAAEAAAAAAAAAAAAAAAAAAAAAAAAAAAAAAAAAAIAAAAAAAAAAAAABAAAAAAAAAAAAAAAAAAAAAAAAAAAAAAAAAAAAAAAAgAAAAAAAAAAAAAAAAAAAAAAAAAAAAAAAAgAAAAAAAAAAAQAAAAAAACAAAAAAAAAAAAAAAAAAAAAAAAAAAAAAAAAAAAAAAABAAAAAAAAAAAAAAQAAAAAAAAAAAAQAAAAAABAAAAAAAAAAAAAAAAAAAAAAAAAAAAAAAAIAAAAAAAAAAAAAABAAAA=="
      },
      "s": "E8IkJGk6TjnE8pl+DO4Ty/WfNsTFicVgSpPI2ayGblU=",
      "status": "FAILED",
      "to": "tmHJ8wNCN1AUM716ZYd4S3AgslQ=",
      "type": "TRX_TYPE_DYNAMIC_FEE",
      "value": {
        "bytes": "d1bOoA=="
      }
    }
  ],
  "ver": 3
}