{
  "hash": "WUIeQvVUUGqoJKGZcAZToh992RTQ1M0QGUAR7Y5Pnh0=",
  "header": {
    "baseFeePerGas": {
      "bytes": "DQ=="
    },
    "coinbase": "AAAAaRaoe4IzP0JFBGYjsjeUxlw=",
    "difficulty": {
      "bytes": "AA=="
    },
    "gasLimit": "30000000",
    "hash": "WUIeQvVUUGqoJKGZcAZToh992RTQ1M0QGUAR7Y5Pnh0=",
    "logsBloom": "AAAAAAAAAAAAAAAAAAAAAAAAAAAAAAAAAAAAAAAAAAAAAAAAAAAAAAAAAAAAAAAAAAAAAAAAAAAAAAAAAAAAAAAAAAAAAAAAAAAAAAAAAAAAAAAAAAAAAAAAAAAAAAAAAAAAAAAAAAAAAAAAAAAAAAAAAAAAAAAAAAAAAAAAAAAAAAAAAAAAAAAAAAAAAAAAAAAAAAAAAAAAAAAAAAAAAAAAAAAAAAAAAAAAAAAAAAAAAAAAAAAAAAAAAAAAAAAAAAAAAAAAAAAAAAAAAAAAAAAAAAAAAAAAAAAAAAAAAAAAAAAAAAAAAAAAAAAAAAAAAAAAAAAAAAAAAAAAAAAAAA==",
    "mixHash": "AAAAAAAAAAAAAAAAAAAAAAAAAAAAAAAAAAAAAAAAAAA=",
    "number": "3727495",
    "parentBeaconRoot": "AAAAAAAAAAAAAAAAAAAAAAAAAAAAAAAAAAAAAAAAAAA=",
    "parentHash": "/09H7bBHMtkwJkmguTqP1pqOfgqHOkg8j6PDjjeU/F0=",
    "receiptRoot": "VugfFxvMVab/g0XmksD4bltI4BuZbK3AAWIvteNjtCE=",
    "stateRoot": "AAAAAAAAAAAAAAAAAAAAAAAAAAAAAAAAAAAAAAAAAAA=",
    "timestamp": "2023-06-19T23:23:48Z",
    "transactionsRoot": "bDCtoar4SKuDMt3K7Ay0vDV8FJj/S9YTAtfuy7yJYL0=",
    "uncleHash": "HcxN6N7HXXqrhbVntszUGtMSRRuUinQT8KFC/UDUk0c="
  },
  "number": "3727495",
  "size": "723",
  "transactionTraces": [
    {
      "beginOrdinal": "1",
      "calls": [
        {
          "address": "3Z+V4sEFOnYIm1AXgpuyMwy2rkc=",
          "balanceChanges": [
            {
              "address": "6z09YW8+Q+ntNh7dLQ5kTRjRebc=",
              "newValue": {
                "bytes": "B5sluWAKJ10="
              },
              "oldValue": {
                "bytes": "B5sluWe3fF0="
              },
              "ordinal": "3",
              "reason": "REASON_GAS_BUY"
            },
            {
              "address": "6z09YW8+Q+ntNh7dLQ5kTRjRebc=",
              "newValue": {
                "bytes": "B5sluWUI8jk="
              },
              "oldValue": {
                "bytes": "B5sluWAKJ10="
              },
              "ordinal": "14",
              "reason": "REASON_GAS_REFUND"
            },
            {
              "address": "eo7Sf0wwUSMmh4ZS0g/IVydAGFQ=",
              "newValue": {
                "bytes": "DdvV"
              },
              "ordinal": "16",
              "reason": "REASON_TRANSFER"
            },
            {
              "address": "AAAAaRaoe4IzP0JFBGYjsjeUxlw=",
              "newValue": {
                "bytes": "AecopRVH6f5hufY="
              },
              "oldValue": {
                "bytes": "AecopRVH6fvBC6c="
              },
              "ordinal": "17",
              "reason": "REASON_TRANSFER"
            }
          ],
          "beginOrdinal": "6",
          "callType": "CALL",
          "caller": "6z09YW8+Q+ntNh7dLQ5kTRjRebc=",
          "endOrdinal": "13",
          "executedCode": true,
          "gasChanges": [
            {
              "newValue": "200000",
              "ordinal": "2",
              "reason": "REASON_TX_INITIAL_BALANCE"
            },
            {
              "newValue": "178428",
              "oldValue": "200000",
              "ordinal": "4",
              "reason": "REASON_INTRINSIC_GAS"
            },
            {
              "newValue": "178428",
              "ordinal": "7",
              "reason": "REASON_CALL_INITIAL_BALANCE"
            },
            {
              "newValue": "130141",
              "oldValue": "131897",
              "ordinal": "10",
              "reason": "REASON_EVENT_LOG"
            },
            {
              "oldValue": "130135",
              "ordinal": "12",
              "reason": "REASON_CALL_LEFT_OVER_RETURNED"
            },
            {
              "oldValue": "130135",
              "ordinal": "15",
              "reason": "REASON_TX_LEFT_OVER_RETURNED"
            }
          ],
          "gasConsumed": "48293",
          "gasLimit": "178428",
          "index": 1,
          "input": "QMEPGQAAAAAAAAAAAAAAAOs9PWFvPkPp7TYe3S0OZE0Y0Xm3AAAAAAAAAAAAAAAAAAAAAAAAAAAAAAAAAAAAAAAAAPo=",
          "keccakPreimages": {
            "bb65ff7a03b11b79143b011da0de7c67f6d9bb8f57df2381d88d503cdb07b0b6": "000000000000000000000000eb3d3d616f3e43e9ed361edd2d0e644d18d179b70000000000000000000000000000000000000000000000000000000000000000"
          },
          "logs": [
            {
              "address": "3Z+V4sEFOnYIm1AXgpuyMwy2rkc=",
              "data": "AAAAAAAAAAAAAAAAAAAAAAAAAAAAAAAAAAAAAAAAAPo=",
              "ordinal": "11",
              "topics": [
                "3fJSrRviyJtpwrBo/DeNqpUrp/FjxKEWKPVaTfUjs+8=",
                "AAAAAAAAAAAAAAAAAAAAAAAAAAAAAAAAAAAAAAAAAAA=",
                "AAAAAAAAAAAAAAAA6z09YW8+Q+ntNh7dLQ5kTRjRebc="
              ]
            },
            {
              "address": "AAAAAAAAAAAAAAAAAAAAAAAAEBA=",
              "blockIndex": 1,
              "data": "AAAAAAAAAAAAAAAAAAAAAAAAAAAAAAAAAAAAAAKgrk8AAAAAAAAAAAAAAAAAAAAAAAAAAAAAAAAHmyW5Z7d8XQAAAAAAAAAAAAAAAAAAAAAAAAAAAAHnKKUVR+n7wQunAAAAAAAAAAAAAAAAAAAAAAAAAAAAAAAAB5sluWUWzg4AAAAAAAAAAAAAAAAAAAAAAAAAAAAB5yilFUfp/mG59g==",
              "index": 1,
              "ordinal": "18",
              "topics": [
                "Tf4bu88Hfdw+ASke6i1ccMK0IrQV2VZFua3P1njLHWM=",
                "AAAAAAAAAAAAAAAAAAAAAAAAAAAAAAAAAAAAAAAAEBA=",
                "AAAAAAAAAAAAAAAA6z09YW8+Q+ntNh7dLQ5kTRjRebc=",
                "AAAAAAAAAAAAAAAAAAAAaRaoe4IzP0JFBGYjsjeUxlw="
              ]
            }
          ],
          "nonceChanges": [
            {
              "address": "6z09YW8+Q+ntNh7dLQ5kTRjRebc=",
              "newValue": "6",
              "oldValue": "5",
              "ordinal": "5"
            }
          ],
          "storageChanges": [
            {
              "address": "3Z+V4sEFOnYIm1AXgpuyMwy2rkc=",
              "key": "u2X/egOxG3kUOwEdoN58Z/bZu49X3yOB2I1QPNsHsLY=",
              "newValue": "AAAAAAAAAAAAAAAAAAAAAAAAAAAAAAAAAAAAAAAAAPo=",
              "oldValue": "AAAAAAAAAAAAAAAAAAAAAAAAAAAAAAAAAAAAAAAAAAA=",
              "ordinal": "8"
            },
            {
              "address": "3Z+V4sEFOnYIm1AXgpuyMwy2rkc=",
              "key": "AAAAAAAAAAAAAAAAAAAAAAAAAAAAAAAAAAAAAAAAAAI=",
              "newValue": "AAAAAAAAAAAAAAAAAAAAAAAAAAAAAAAAAAAAAAAAAPo=",
              "oldValue": "AAAAAAAAAAAAAAAAAAAAAAAAAAAAAAAAAAAAAAAAAAA=",
              "ordinal": "9"
            }
          ]
        }
      ],
      "endOrdinal": "19",
      "from": "6z09YW8+Q+ntNh7dLQ5kTRjRebc=",
      "gasLimit": "200000",
      "gasPrice": {
        "bytes": "AoQ="
      },
      "gasUsed": "69865",
      "hash": "tF3PNXHZNWA+icLD8DyDTxT8x76iGVd8sDejy7wEQx8=",
      "input": "QMEPGQAAAAAAAAAAAAAAAOs9PWFvPkPp7TYe3S0OZE0Y0Xm3AAAAAAAAAAAAAAAAAAAAAAAAAAAAAAAAAAAAAAAAAPo=",
      "nonce": "5",
      "r": "Xww4NKZlcXSDEHF8P5UnXU9PLqL6aBoOU5VFipWpVaM=",
      "receipt": {
        "cumulativeGasUsed": "69865",
        "logs": [
          {
            "address": "3Z+V4sEFOnYIm1AXgpuyMwy2rkc=",
            "data": "AAAAAAAAAAAAAAAAAAAAAAAAAAAAAAAAAAAAAAAAAPo=",
            "ordinal": "11",
            "topics": [
              "3fJSrRviyJtpwrBo/DeNqpUrp/FjxKEWKPVaTfUjs+8=",
              "AAAAAAAAAAAAAAAAAAAAAAAAAAAAAAAAAAAAAAAAAAA=",
              "AAAAAAAAAAAAAAAA6z09YW8+Q+ntNh7dLQ5kTRjRebc="
            ]
          },
          {
            "address": "AAAAAAAAAAAAAAAAAAAAAAAAEBA=",
            "blockIndex": 1,
            "data": "AAAAAAAAAAAAAAAAAAAAAAAAAAAAAAAAAAAAAAKgrk8AAAAAAAAAAAAAAAAAAAAAAAAAAAAAAAAHmyW5Z7d8XQAAAAAAAAAAAAAAAAAAAAAAAAAAAAHnKKUVR+n7wQunAAAAAAAAAAAAAAAAAAAAAAAAAAAAAAAAB5sluWUWzg4AAAAAAAAAAAAAAAAAAAAAAAAAAAAB5yilFUfp/mG59g==",
            "index": 1,
            "ordinal": "18",
            "topics": [
              "Tf4bu88Hfdw+ASke6i1ccMK0IrQV2VZFua3P1njLHWM=",
              "AAAAAAAAAAAAAAAAAAAAAAAAAAAAAAAAAAAAAAAAEBA=",
              "AAAAAAAAAAAAAAAA6z09YW8+Q+ntNh7dLQ5kTRjRebc=",
              "AAAAAAAAAAAAAAAAAAAAaRaoe4IzP0JFBGYjsjeUxlw="
            ]
          }
        ],
        "logsBloom": "AAAAAAAAAAAAAAAAAAAAAAAAAAAAAAAAAAAAAAAAAAAAAAAAAAAAIAAAAAAAAAAAAACAAAAAAAAAAAAAAAAAAIAAAAAAAAAAAJAACAAAAIAAAAAAAAAAAAABAAQAAAAAAAAAAAIAAAAAAAAAAAAIAAAAAAAAAAAAgAAAEQAAAAAAAAAAAAAAAAAAAAAAAAAAAAAAAAAAAAAAAAAAAAAAACAAAAAAAAAAAAAAAAAAAAAAAAAAAAAAAAAAAAAAAABAAAAAAgAAAAAAAQAAAAAAAAAAAAAEAAAAABAAAAAAIAAAAACAAAAAAAAAAAAAAAAAAAAAAAAAAAgAAAAAABAAAA=="
      },
      "s": "BOdJVNNAB7fPBAA48slaL2uQd1vOwb423lDacpucotM=",
      "status": "SUCCEEDED",
      "to": "3Z+V4sEFOnYIm1AXgpuyMwy2rkc=",
      "v": "AVRtcg=="
    }
  ],
  "ver": 4
}