{
  "hash": "Hlau1KLprrOkaDe4TNZdPEoXeJ4UGEL1PwUY/qq+/rk=",
  "header": {
    "baseFeePerGas": {
      "bytes": "LgcbLA=="
    },
    "blobGasUsed": "0",
    "coinbase": "AAAAAAAAAAAAAAAAAAAAAAAAqqo=",
    "difficulty": {
      "bytes": "AA=="
    },
    "excessBlobGas": "0",
    "gasLimit": "4712388",
    "gasUsed": "35126",
    "hash": "Hlau1KLprrOkaDe4TNZdPEoXeJ4UGEL1PwUY/qq+/rk=",
    "logsBloom": "AAAAAAAAAAAAAAAAAAAAAAAAAAAAAAAAAAAAAAAAAAAAAAAAAAAAAAAAAAAAAAAAAAAAAAAAAAAAAAAAAAAAAAAAAAAAAAAAAAAAAAAAAAAAAAAAAAAAAAAAAAAAAAAAAAAAAAAAAAAAAAAAAAAAAAAAAAAAAAAAAAAAAAAAAAAAAAAAAAAAAAAAAAAAAAAAAAAAAAAAAAAAAAAAAAAAAAAAAAAAAAAAAAAAAAAAAAAAAAAAAAAAAAAAAAAAAAAAAAAAAAAAAAAAAAAAAAAAAAAAAAAAAAAAAAAAAAAAAAAAAAAAAAAAAAAAAAAAAAAAAAAAAAAAAAAAAAAAAAAAAA==",
    "mixHash": "AAAAAAAAAAAAAAAAAAAAAAAAAAAAAAAAAAAAAAAAAAA=",
    "number": "2",
    "parentBeaconRoot": "AAAAAAAAAAAAAAAAAAAAAAAAAAAAAAAAAAAAAAAAAAA=",
    "parentHash": "tNKSM8SZPvaEgBA4yUj9YayXYYuXnLCuHx5oWJwVOhw=",
    "receiptRoot": "TaaZwIwiwzd65OYkLzazOIYrFN0/DnyXzNqaA/dY3pQ=",
    "requestsHash": "47DEQpj8HBSa+/TImW+5JCeuQeRkm5NMpJWZG3hSuFU=",
    "stateRoot": "C/zDETYPAXEFuq3RDENkXppoaNjfcWKHhIQqZGC0D5c=",
    "timestamp": "1970-01-01T00:00:20Z",
    "transactionsRoot": "5SXnkgZs4gKgt8t4GTnSeoV1i17zHn3xbZXSln9fd2E=",
    "uncleHash": "HcxN6N7HXXqrhbVntszUGtMSRRuUinQT8KFC/UDUk0c=",
    "withdrawalsRoot": "VugfFxvMVab/g0XmksD4bltI4BuZbK3AAWIvteNjtCE="
  },
  "number": "2",
  "size": "717",
  "systemCalls": [
    {
      "address": "AA899tcygH7xMZ+3uLuFItC+rAI=",
      "beginOrdinal": "1",
      "callType": "CALL",
      "caller": "//////////////////////////4=",
      "endOrdinal": "4",
      "gasChanges": [
        {
          "newValue": "30000000",
          "ordinal": "2",
          "reason": "REASON_CALL_INITIAL_BALANCE"
        },
        {
          "oldValue": "30000000",
          "ordinal": "3",
          "reason": "REASON_CALL_LEFT_OVER_RETURNED"
        }
      ],
      "gasLimit": "30000000",
      "index": 1,
      "input": "AAAAAAAAAAAAAAAAAAAAAAAAAAAAAAAAAAAAAAAAAAA="
    },
    {
      "address": "AAD5CCfxxToQy3oCM1sXUyAAKTU=",
      "beginOrdinal": "5",
      "callType": "CALL",
      "caller": "//////////////////////////4=",
      "endOrdinal": "8",
      "gasChanges": [
        {
          "newValue": "30000000",
          "ordinal": "6",
          "reason": "REASON_CALL_INITIAL_BALANCE"
        },
        {
          "oldValue": "30000000",
          "ordinal": "7",
          "reason": "REASON_CALL_LEFT_OVER_RETURNED"
        }
      ],
      "gasLimit": "30000000",
      "index": 1,
      "input": "tNKSM8SZPvaEgBA4yUj9YayXYYuXnLCuHx5oWJwVOhw="
    },
    {
      "address": "AAAJYe9IDrVegNGa2DV5pkwAcAI=",
      "beginOrdinal": "32",
      "callType": "CALL",
      "caller": "//////////////////////////4=",
      "endOrdinal": "35",
      "gasChanges": [
        {
          "newValue": "30000000",
          "ordinal": "33",
          "reason": "REASON_CALL_INITIAL_BALANCE"
        },
        {
          "oldValue": "30000000",
          "ordinal": "34",
          "reason": "REASON_CALL_LEFT_OVER_RETURNED"
        }
      ],
      "gasLimit": "30000000",
      "index": 1
    },
    {
      "address": "AAC73cfOSIZC+1efiwDzpZAAclE=",
      "beginOrdinal": "36",
      "callType": "CALL",
      "caller": "//////////////////////////4=",
      "endOrdinal": "39",
      "gasChanges": [
        {
          "newValue": "30000000",
          "ordinal": "37",
          "reason": "REASON_CALL_INITIAL_BALANCE"
        },
        {
          "oldValue": "30000000",
          "ordinal": "38",
          "reason": "REASON_CALL_LEFT_OVER_RETURNED"
        }
      ],
      "gasLimit": "30000000",
      "index": 1
    }
  ],
  "transactionTraces": [
    {
      "beginOrdinal": "9",
      "calls": [
        {
          "address": "cVYrcZmYc9tbKG35V68ZnslGF/c=",
          "addressDelegatesTo": "AAAAAAAAAAAAAAAAAAAAAAAAqqo=",
          "balanceChanges": [
            {
              "address": "cVYrcZmYc9tbKG35V68ZnslGF/c=",
              "newValue": {
                "bytes": "CmgYAUEtZrU="
              },
              "oldValue": {
                "bytes": "DeBFrisGZrU="
              },
              "ordinal": "11",
              "reason": "REASON_GAS_BUY"
            },
            {
              "address": "cVYrcZmYc9tbKG35V68ZnslGF/c=",
              "newValue": {
                "bytes": "DaHgOZLVtrQ="
              },
              "oldValue": {
                "bytes": "CmgYAUEtZrQ="
              },
              "ordinal": "28",
              "reason": "REASON_GAS_REFUND"
            },
            {
              "address": "AAAAAAAAAAAAAAAAAAAAAAAAqqo=",
              "newValue": {
                "bytes": "PkzJFSq+Qg=="
              },
              "oldValue": {
                "bytes": "BFWK"
              },
              "ordinal": "30",
              "reason": "REASON_REWARD_TRANSACTION_FEE"
            }
          ],
          "beginOrdinal": "14",
          "callType": "CALL",
          "caller": "cVYrcZmYc9tbKG35V68ZnslGF/c=",
          "endOrdinal": "27",
          "executedCode": true,
          "gasChanges": [
            {
              "newValue": "500000",
              "ordinal": "10",
              "reason": "REASON_TX_INITIAL_BALANCE"
            },
            {
              "newValue": "479000",
              "oldValue": "500000",
              "ordinal": "12",
              "reason": "REASON_INTRINSIC_GAS"
            },
            {
              "newValue": "479000",
              "ordinal": "15",
              "reason": "REASON_CALL_INITIAL_BALANCE"
            },
            {
              "newValue": "476380",
              "oldValue": "478880",
              "ordinal": "16",
              "reason": "REASON_STATE_COLD_ACCESS"
            },
            {
              "newValue": "473780",
              "oldValue": "476380",
              "ordinal": "17",
              "reason": "REASON_STATE_COLD_ACCESS"
            },
            {
              "newValue": "7262",
              "oldValue": "478980",
              "ordinal": "18",
              "reason": "REASON_CALL"
            },
            {
              "newValue": "464874",
              "oldValue": "7262",
              "ordinal": "25",
              "reason": "REASON_REFUND_AFTER_EXECUTION"
            },
            {
              "oldValue": "464874",
              "ordinal": "26",
              "reason": "REASON_CALL_LEFT_OVER_RETURNED"
            },
            {
              "oldValue": "464874",
              "ordinal": "29",
              "reason": "REASON_TX_LEFT_OVER_RETURNED"
            }
          ],
          "gasConsumed": "14126",
          "gasLimit": "479000",
          "index": 1,
          "nonceChanges": [
            {
              "address": "cVYrcZmYc9tbKG35V68ZnslGF/c=",
              "newValue": "3",
              "oldValue": "2",
              "ordinal": "13"
            }
          ]
        },
        {
          "address": "cDxLK9cMFp9XFxAcruVDKZ/JRsc=",
          "addressDelegatesTo": "AAAAAAAAAAAAAAAAAAAAAAAAu7s=",
          "balanceChanges": [
            {
              "address": "cVYrcZmYc9tbKG35V68ZnslGF/c=",
              "newValue": {
                "bytes": "CmgYAUEtZrQ="
              },
              "oldValue": {
                "bytes": "CmgYAUEtZrU="
              },
              "ordinal": "21",
              "reason": "REASON_TRANSFER"
            },
            {
              "address": "cDxLK9cMFp9XFxAcruVDKZ/JRsc=",
              "newValue": {
                "bytes": "DeC2s6dkAAI="
              },
              "oldValue": {
                "bytes": "DeC2s6dkAAE="
              },
              "ordinal": "22",
              "reason": "REASON_TRANSFER"
            }
          ],
          "beginOrdinal": "19",
          "callType": "CALL",
          "caller": "cVYrcZmYc9tbKG35V68ZnslGF/c=",
          "depth": 1,
          "endOrdinal": "24",
          "executedCode": true,
          "gasChanges": [
            {
              "newValue": "459818",
              "ordinal": "20",
              "reason": "REASON_CALL_INITIAL_BALANCE"
            },
            {
              "oldValue": "457612",
              "ordinal": "23",
              "reason": "REASON_CALL_LEFT_OVER_RETURNED"
            }
          ],
          "gasConsumed": "2206",
          "gasLimit": "459818",
          "index": 2,
          "parentIndex": 1,
          "value": {
            "bytes": "AQ=="
          }
        }
      ],
      "endOrdinal": "31",
      "from": "cVYrcZmYc9tbKG35V68ZnslGF/c=",
      "gasLimit": "500000",
      "gasPrice": {
        "bytes": "dGpSiAA="
      },
      "gasUsed": "35126",
      "hash": "TNmQOfjPE0jeas0eba+xGMaitDgyCOKmvNIBapciCiE=",
      "nonce": "2",
      "r": "llnySTXnLA5URm+RriiJTQ4gvkdUifLtVOIyBCpDFTw=",
      "receipt": {
        "cumulativeGasUsed": "35126",
        "logsBloom": "AAAAAAAAAAAAAAAAAAAAAAAAAAAAAAAAAAAAAAAAAAAAAAAAAAAAAAAAAAAAAAAAAAAAAAAAAAAAAAAAAAAAAAAAAAAAAAAAAAAAAAAAAAAAAAAAAAAAAAAAAAAAAAAAAAAAAAAAAAAAAAAAAAAAAAAAAAAAAAAAAAAAAAAAAAAAAAAAAAAAAAAAAAAAAAAAAAAAAAAAAAAAAAAAAAAAAAAAAAAAAAAAAAAAAAAAAAAAAAAAAAAAAAAAAAAAAAAAAAAAAAAAAAAAAAAAAAAAAAAAAAAAAAAAAAAAAAAAAAAAAAAAAAAAAAAAAAAAAAAAAAAAAAAAAAAAAAAAAAAAAA=="
      },
      "s": "SsqOfVDTp1cpwvz0g4nLhIzrWRGwh0Jgz4l9GK/UHbE=",
      "status": "SUCCEEDED",
      "to": "cVYrcZmYc9tbKG35V68ZnslGF/c=",
      "v": "JQ=="
    }
  ],
  "ver": 4
}