{
  "hash": "w4n/joLe7sYmT+cQ9p9Oc3akAagVk0AFhk3sHMVBueI=",
  "header": {
    "baseFeePerGas": {
      "bytes": "KFws9Q=="
    },
    "blobGasUsed": "0",
    "coinbase": "AAAAAAAAAAAAAAAAAAAAAAAAqqo=",
    "difficulty": {
      "bytes": "AA=="
    },
    "excessBlobGas": "0",
    "gasLimit": "4712388",
    "gasUsed": "36800",
    "hash": "w4n/joLe7sYmT+cQ9p9Oc3akAagVk0AFhk3sHMVBueI=",
    "logsBloom": "AAAAAAAAAAAAAAAAAAAAAAAAAAAAAAAAAAAAAABAAAAAAAAAAAAAAAAAAAAAAAAAAACAAAAAAAAAAAAAAAAAAAAAAAAAAAAAAAAAAAAAAIAAAAAAAAAAAAABAAAAAAAAAAAAAAAAAAAAAAAAAQAAAAAAAAAAAAAAgAAAAAAAAAAAAAAAAAAAAABAAAAAAAAAAAAAAAAAAAAAAAAAAAAAACAAAAAAIAAAAAAAAAAAAAAAAAAAAAAAAAAAAAAAAABAAAAAAAAAAAAAAQAEAAAAAAABAAAAAAAAABAAAAAAAAAAAAAAAAAAAAAAAAAAAAAAAAAAAAAAAAAAAAAAABAAAA==",
    "mixHash": "AAAAAAAAAAAAAAAAAAAAAAAAAAAAAAAAAAAAAAAAAAA=",
    "number": "3",
    "parentBeaconRoot": "AAAAAAAAAAAAAAAAAAAAAAAAAAAAAAAAAAAAAAAAAAA=",
    "parentHash": "Gv/8rxPs41NSjA5ZsmZNgeXPWPT8V6320AX3kRJrhXs=",
    "receiptRoot": "PFxYxpYPIwnxWGKxyK9AIwqHoTvd7Bjc+jVy1J0J/Ag=",
    "stateRoot": "Hbbo6EwcosUAUf7Q+Vg+AW227rCp4lQUc9105x6mA8M=",
    "timestamp": "1970-01-01T00:00:30Z",
    "transactionsRoot": "Bpo3ARUhIUuu9hH3yrkUNF2s22VFnHRDwdWxzM0pb5U=",
    "uncleHash": "HcxN6N7HXXqrhbVntszUGtMSRRuUinQT8KFC/UDUk0c=",
    "withdrawalsRoot": "VugfFxvMVab/g0XmksD4bltI4BuZbK3AAWIvteNjtCE="
  },
  "number": "3",
  "size": "784",
  "systemCalls": [
    {
      "address": "AA899tcygH7xMZ+3uLuFItC+rAI=",
      "beginOrdinal": "1",
      "callType": "CALL",
      "caller": "//////////////////////////4=",
      "endOrdinal": "4",
      "gasChanges": [
        {
          "newValue": "30000000",
          "ordinal": "2",
          "reason": "REASON_CALL_INITIAL_BALANCE"
        },
        {
          "oldValue": "30000000",
          "ordinal": "3",
          "reason": "REASON_CALL_LEFT_OVER_RETURNED"
        }
      ],
      "gasLimit": "30000000",
      "index": 1,
      "input": "AAAAAAAAAAAAAAAAAAAAAAAAAAAAAAAAAAAAAAAAAAA="
    },
    {
      "address": "AAD5CCfxxToQy3oCM1sXUyAAKTU=",
      "beginOrdinal": "5",
      "callType": "CALL",
      "caller": "//////////////////////////4=",
      "endOrdinal": "8",
      "gasChanges": [
        {
          "newValue": "30000000",
          "ordinal": "6",
          "reason": "REASON_CALL_INITIAL_BALANCE"
        },
        {
          "oldValue": "30000000",
          "ordinal": "7",
          "reason": "REASON_CALL_LEFT_OVER_RETURNED"
        }
      ],
      "gasLimit": "30000000",
      "index": 1,
      "input": "Gv/8rxPs41NSjA5ZsmZNgeXPWPT8V6320AX3kRJrhXs="
    }
  ],
  "transactionTraces": [
    {
      "beginOrdinal": "9",
      "calls": [
        {
          "address": "cVYrcZmYc9tbKG35V68ZnslGF/c=",
          "balanceChanges": [
            {
              "address": "cVYrcZmYc9tbKG35V68ZnslGF/c=",
              "newValue": {
                "bytes": "DaCsTVRHwNQ="
              },
              "oldValue": {
                "bytes": "DaHgOZLVtrQ="
              },
              "ordinal": "11",
              "reason": "REASON_GAS_BUY"
            },
            {
              "address": "cVYrcZmYc9tbKG35V68ZnslGF/c=",
              "newValue": {
                "bytes": "DaHJj9CWBHQ="
              },
              "oldValue": {
                "bytes": "DaCsTVRHwNQ="
              },
              "ordinal": "21",
              "reason": "REASON_GAS_REFUND"
            },
            {
              "address": "AAAAAAAAAAAAAAAAAAAAAAAA3q0=",
              "newValue": {
                "bytes": "oFrBoh3I"
              },
              "oldValue": {
                "bytes": "ibD/Y4sI"
              },
              "ordinal": "23",
              "reason": "REASON_BURN"
            },
            {
              "address": "AAAAAAAAAAAAAAAAAAAAAAAAqqo=",
              "newValue": {
                "bytes": "PkzJFSvdwg=="
              },
              "oldValue": {
                "bytes": "PkzJFSq+Qg=="
              },
              "ordinal": "24",
              "reason": "REASON_REWARD_TRANSACTION_FEE"
            }
          ],
          "beginOrdinal": "16",
          "callType": "CALL",
          "caller": "cVYrcZmYc9tbKG35V68ZnslGF/c=",
          "codeChanges": [
            {
              "address": "cVYrcZmYc9tbKG35V68ZnslGF/c=",
              "newHash": "xdJGAYb3IzySfn2y3McDwOUAtlPKgic7e/rYBF2FpHA=",
              "oldCode": "7wEAAAAAAAAAAAAAAAAAAAAAAAAAqqo=",
              "oldHash": "6BOVhfT5ksAf8bXRTf8FXcJyKhFA0Cb18MtIsAn1Z9o=",
              "ordinal": "15"
            }
          ],
          "endOrdinal": "19",
          "gasChanges": [
            {
              "newValue": "500000",
              "ordinal": "10",
              "reason": "REASON_TX_INITIAL_BALANCE"
            },
            {
              "newValue": "454000",
              "oldValue": "500000",
              "ordinal": "12",
              "reason": "REASON_INTRINSIC_GAS"
            },
            {
              "newValue": "454000",
              "ordinal": "17",
              "reason": "REASON_CALL_INITIAL_BALANCE"
            },
            {
              "oldValue": "454000",
              "ordinal": "18",
              "reason": "REASON_CALL_LEFT_OVER_RETURNED"
            },
            {
              "newValue": "463200",
              "oldValue": "454000",
              "ordinal": "20",
              "reason": "REASON_TX_REFUNDS"
            },
            {
              "oldValue": "463200",
              "ordinal": "22",
              "reason": "REASON_TX_LEFT_OVER_RETURNED"
            }
          ],
          "gasLimit": "454000",
          "index": 1,
          "logs": [
            {
              "address": "AAAAAAAAAAAAAAAAAAAAAAAAEBA=",
              "data": "AAAAAAAAAAAAAAAAAAAAAAAAAAAAAAAAAAAAAAABH4AAAAAAAAAAAAAAAAAAAAAAAAAAAAAAAAANoeA5ktW2tAAAAAAAAAAAAAAAAAAAAAAAAAAAAAAAAAA+TMkVKr5CAAAAAAAAAAAAAAAAAAAAAAAAAAAAAAAADaHgOZLUlzQAAAAAAAAAAAAAAAAAAAAAAAAAAAAAAAAAPkzJFSvdwg==",
              "ordinal": "25",
              "topics": [
                "Tf4bu88Hfdw+ASke6i1ccMK0IrQV2VZFua3P1njLHWM=",
                "AAAAAAAAAAAAAAAAAAAAAAAAAAAAAAAAAAAAAAAAEBA=",
                "AAAAAAAAAAAAAAAAcVYrcZmYc9tbKG35V68ZnslGF/c=",
                "AAAAAAAAAAAAAAAAAAAAAAAAAAAAAAAAAAAAAAAAqqo="
              ]
            }
          ],
          "nonceChanges": [
            {
              "address": "cVYrcZmYc9tbKG35V68ZnslGF/c=",
              "newValue": "4",
              "oldValue": "3",
              "ordinal": "13"
            },
            {
              "address": "cVYrcZmYc9tbKG35V68ZnslGF/c=",
              "newValue": "5",
              "oldValue": "4",
              "ordinal": "14"
            }
          ]
        }
      ],
      "endOrdinal": "26",
      "from": "cVYrcZmYc9tbKG35V68ZnslGF/c=",
      "gasLimit": "500000",
      "gasPrice": {
        "bytes": "KFws9w=="
      },
      "gasUsed": "36800",
      "hash": "vj4lUeVR72WjVf2OYUmz3Um0SH4d6qCao7cZRbBiaCI=",
      "maxFeePerGas": {
        "bytes": "ASoF8gA="
      },
      "maxPriorityFeePerGas": {
        "bytes": "Ag=="
      },
      "nonce": "3",
      "r": "3+bIOst9jVy0xdYLs7dP1KfP1XrtsXepmpY0W3XBKII=",
      "receipt": {
        "cumulativeGasUsed": "36800",
        "logs": [
          {
            "address": "AAAAAAAAAAAAAAAAAAAAAAAAEBA=",
            "data": "AAAAAAAAAAAAAAAAAAAAAAAAAAAAAAAAAAAAAAABH4AAAAAAAAAAAAAAAAAAAAAAAAAAAAAAAAANoeA5ktW2tAAAAAAAAAAAAAAAAAAAAAAAAAAAAAAAAAA+TMkVKr5CAAAAAAAAAAAAAAAAAAAAAAAAAAAAAAAADaHgOZLUlzQAAAAAAAAAAAAAAAAAAAAAAAAAAAAAAAAAPkzJFSvdwg==",
            "ordinal": "25",
            "topics": [
              "Tf4bu88Hfdw+ASke6i1ccMK0IrQV2VZFua3P1njLHWM=",
              "AAAAAAAAAAAAAAAAAAAAAAAAAAAAAAAAAAAAAAAAEBA=",
              "AAAAAAAAAAAAAAAAcVYrcZmYc9tbKG35V68ZnslGF/c=",
              "AAAAAAAAAAAAAAAAAAAAAAAAAAAAAAAAAAAAAAAAqqo="
            ]
          }
        ],
        "logsBloom": "AAAAAAAAAAAAAAAAAAAAAAAAAAAAAAAAAAAAAABAAAAAAAAAAAAAAAAAAAAAAAAAAACAAAAAAAAAAAAAAAAAAAAAAAAAAAAAAAAAAAAAAIAAAAAAAAAAAAABAAAAAAAAAAAAAAAAAAAAAAAAAQAAAAAAAAAAAAAAgAAAAAAAAAAAAAAAAAAAAABAAAAAAAAAAAAAAAAAAAAAAAAAAAAAACAAAAAAIAAAAAAAAAAAAAAAAAAAAAAAAAAAAAAAAABAAAAAAAAAAAAAAQAEAAAAAAABAAAAAAAAABAAAAAAAAAAAAAAAAAAAAAAAAAAAAAAAAAAAAAAAAAAAAAAABAAAA=="
      },
      "s": "UGXb+KJ8dparEBn0Wb2lX5fh1gB2+AiHfowzzmJWOkE=",
      "setCodeAuthorizations": [
        {
          "address": "AAAAAAAAAAAAAAAAAAAAAAAAAAA=",
          "authority": "cVYrcZmYc9tbKG35V68ZnslGF/c=",
          "chainId": "AQ==",
          "nonce": "4",
          "r": "8RpcvObxuhW9b2SyJDTKMBtrqfyaAJlzS37bOLPTKIo=",
          "s": "NMkyzSai5xkwNV4ttrTli9jZHXeB7hUwej28frcnTDw="
        }
      ],
      "status": "SUCCEEDED",
      "to": "cVYrcZmYc9tbKG35V68ZnslGF/c=",
      "type": "TRX_TYPE_SET_CODE"
    }
  ],
  "ver": 4
}