{
  "hash": "tNKSM8SZPvaEgBA4yUj9YayXYYuXnLCuHx5oWJwVOhw=",
  "header": {
    "baseFeePerGas": {
      "bytes": "NCdwwA=="
    },
    "blobGasUsed": "0",
    "coinbase": "AAAAAAAAAAAAAAAAAAAAAAAAqqo=",
    "difficulty": {
      "bytes": "AA=="
    },
    "excessBlobGas": "0",
    "gasLimit": "4712388",
    "gasUsed": "142021",
    "hash": "tNKSM8SZPvaEgBA4yUj9YayXYYuXnLCuHx5oWJwVOhw=",
    "logsBloom": "AAAAAAAAAAAAAAAAAAAAAAAAAAAAAAAAAAAAAAAAAAAAAAAAAAAAAAAAAAAAAAAAAAAAAAAAAAAAAAAAAAAAAAAAAAAAAAAAAAAAAAAAAAAAAAAAAAAAAAAAAAAAAAAAAAAAAAAAAAAAAAAAAAAAAAAAAAAAAAAAAAAAAAAAAAAAAAAAAAAAAAAAAAAAAAAAAAAAAAAAAAAAAAAAAAAAAAAAAAAAAAAAAAAAAAAAAAAAAAAAAAAAAAAAAAAAAAAAAAAAAAAAAAAAAAAAAAAAAAAAAAAAAAAAAAAAAAAAAAAAAAAAAAAAAAAAAAAAAAAAAAAAAAAAAAAAAAAAAAAAAA==",
    "mixHash": "AAAAAAAAAAAAAAAAAAAAAAAAAAAAAAAAAAAAAAAAAAA=",
    "number": "1",
    "parentBeaconRoot": "AAAAAAAAAAAAAAAAAAAAAAAAAAAAAAAAAAAAAAAAAAA=",
    "parentHash": "pWIUj7qpHz/G8tLNdaLNz8Jr1TmoyDxTXP9TdFcxi1w=",
    "receiptRoot": "6LQ+xgZZXKAlBStw088D6A2kWiz7g+TtQlAALnPMSi4=",
    "requestsHash": "47DEQpj8HBSa+/TImW+5JCeuQeRkm5NMpJWZG3hSuFU=",
    "stateRoot": "wFieFJlWOhntuAXVWTxqg5Uur7kaXrFRERwFB8+qscc=",
    "timestamp": "1970-01-01T00:00:10Z",
    "transactionsRoot": "L6HG4v+Zoguv352C8ZdQGQ4tE5BJdzCJVbfWBHMquN0=",
    "uncleHash": "HcxN6N7HXXqrhbVntszUGtMSRRuUinQT8KFC/UDUk0c=",
    "withdrawalsRoot": "VugfFxvMVab/g0XmksD4bltI4BuZbK3AAWIvteNjtCE="
  },
  "number": "1",
  "size": "1190",
  "systemCalls": [
    {
      "address": "AA899tcygH7xMZ+3uLuFItC+rAI=",
      "beginOrdinal": "1",
      "callType": "CALL",
      "caller": "//////////////////////////4=",
      "endOrdinal": "4",
      "gasChanges": [
        {
          "newValue": "30000000",
          "ordinal": "2",
          "reason": "REASON_CALL_INITIAL_BALANCE"
        },
        {
          "oldValue": "30000000",
          "ordinal": "3",
          "reason": "REASON_CALL_LEFT_OVER_RETURNED"
        }
      ],
      "gasLimit": "30000000",
      "index": 1,
      "input": "AAAAAAAAAAAAAAAAAAAAAAAAAAAAAAAAAAAAAAAAAAA="
    },
    {
      "address": "AAD5CCfxxToQy3oCM1sXUyAAKTU=",
      "beginOrdinal": "5",
      "callType": "CALL",
      "caller": "//////////////////////////4=",
      "endOrdinal": "8",
      "gasChanges": [
        {
          "newValue": "30000000",
          "ordinal": "6",
          "reason": "REASON_CALL_INITIAL_BALANCE"
        },
        {
          "oldValue": "30000000",
          "ordinal": "7",
          "reason": "REASON_CALL_LEFT_OVER_RETURNED"
        }
      ],
      "gasLimit": "30000000",
      "index": 1,
      "input": "pWIUj7qpHz/G8tLNdaLNz8Jr1TmoyDxTXP9TdFcxi1w="
    },
    {
      "address": "AAAJYe9IDrVegNGa2DV5pkwAcAI=",
      "beginOrdinal": "39",
      "callType": "CALL",
      "caller": "//////////////////////////4=",
      "endOrdinal": "42",
      "gasChanges": [
        {
          "newValue": "30000000",
          "ordinal": "40",
          "reason": "REASON_CALL_INITIAL_BALANCE"
        },
        {
          "oldValue": "30000000",
          "ordinal": "41",
          "reason": "REASON_CALL_LEFT_OVER_RETURNED"
        }
      ],
      "gasLimit": "30000000",
      "index": 1
    },
    {
      "address": "AAC73cfOSIZC+1efiwDzpZAAclE=",
      "beginOrdinal": "43",
      "callType": "CALL",
      "caller": "//////////////////////////4=",
      "endOrdinal": "46",
      "gasChanges": [
        {
          "newValue": "30000000",
          "ordinal": "44",
          "reason": "REASON_CALL_INITIAL_BALANCE"
        },
        {
          "oldValue": "30000000",
          "ordinal": "45",
          "reason": "REASON_CALL_LEFT_OVER_RETURNED"
        }
      ],
      "gasLimit": "30000000",
      "index": 1
    }
  ],
  "transactionTraces": [
    {
      "beginOrdinal": "9",
      "calls": [
        {
          "address": "cVYrcZmYc9tbKG35V68ZnslGF/c=",
          "addressDelegatesTo": "AAAAAAAAAAAAAAAAAAAAAAAAqqo=",
          "balanceChanges": [
            {
              "address": "cVYrcZmYc9tbKG35V68ZnslGF/c=",
              "newValue": {
                "bytes": "Dd8ozD895cA="
              },
              "oldValue": {
                "bytes": "DeC2s6dkAAA="
              },
              "ordinal": "11",
              "reason": "REASON_GAS_BUY"
            },
            {
              "address": "cVYrcZmYc9tbKG35V68ZnslGF/c=",
              "newValue": {
                "bytes": "DeBFrisGZrU="
              },
              "oldValue": {
                "bytes": "Dd8ozD895b8="
              },
              "ordinal": "35",
              "reason": "REASON_GAS_REFUND"
            },
            {
              "address": "AAAAAAAAAAAAAAAAAAAAAAAAqqo=",
              "newValue": {
                "bytes": "BFWK"
              },
              "ordinal": "37",
              "reason": "REASON_REWARD_TRANSACTION_FEE"
            }
          ],
          "beginOrdinal": "20",
          "callType": "CALL",
          "caller": "cVYrcZmYc9tbKG35V68ZnslGF/c=",
          "codeChanges": [
            {
              "address": "cVYrcZmYc9tbKG35V68ZnslGF/c=",
              "newCode": "7wEAAAAAAAAAAAAAAAAAAAAAAAAAqqo=",
              "newHash": "6BOVhfT5ksAf8bXRTf8FXcJyKhFA0Cb18MtIsAn1Z9o=",
              "oldHash": "xdJGAYb3IzySfn2y3McDwOUAtlPKgic7e/rYBF2FpHA=",
              "ordinal": "15"
            },
            {
              "address": "cDxLK9cMFp9XFxAcruVDKZ/JRsc=",
              "newCode": "7wEAAAAAAAAAAAAAAAAAAAAAAAAAzMw=",
              "newHash": "2nRj6FdgztYMKwAqS2x5e7pQdCMd4bTSeffx8pbIFmU=",
              "oldHash": "xdJGAYb3IzySfn2y3McDwOUAtlPKgic7e/rYBF2FpHA=",
              "ordinal": "17"
            },
            {
              "address": "cDxLK9cMFp9XFxAcruVDKZ/JRsc=",
              "newCode": "7wEAAAAAAAAAAAAAAAAAAAAAAAAAu7s=",
              "newHash": "0mhxQ0BYDv3haWHrT7NIuLWUSlfUHjFwuLM/8Jt1SXA=",
              "oldCode": "7wEAAAAAAAAAAAAAAAAAAAAAAAAAzMw=",
              "oldHash": "2nRj6FdgztYMKwAqS2x5e7pQdCMd4bTSeffx8pbIFmU=",
              "ordinal": "19"
            }
          ],
          "endOrdinal": "33",
          "executedCode": true,
          "gasChanges": [
            {
              "newValue": "500000",
              "ordinal": "10",
              "reason": "REASON_TX_INITIAL_BALANCE"
            },
            {
              "newValue": "354000",
              "oldValue": "500000",
              "ordinal": "12",
              "reason": "REASON_INTRINSIC_GAS"
            },
            {
              "newValue": "354000",
              "ordinal": "21",
              "reason": "REASON_CALL_INITIAL_BALANCE"
            },
            {
              "newValue": "351280",
              "oldValue": "353880",
              "ordinal": "22",
              "reason": "REASON_STATE_COLD_ACCESS"
            },
            {
              "newValue": "5348",
              "oldValue": "353980",
              "ordinal": "23",
              "reason": "REASON_CALL"
            },
            {
              "newValue": "322474",
              "oldValue": "5348",
              "ordinal": "31",
              "reason": "REASON_REFUND_AFTER_EXECUTION"
            },
            {
              "oldValue": "322474",
              "ordinal": "32",
              "reason": "REASON_CALL_LEFT_OVER_RETURNED"
            },
            {
              "newValue": "357979",
              "oldValue": "322474",
              "ordinal": "34",
              "reason": "REASON_TX_REFUNDS"
            },
            {
              "oldValue": "357979",
              "ordinal": "36",
              "reason": "REASON_TX_LEFT_OVER_RETURNED"
            }
          ],
          "gasConsumed": "31526",
          "gasLimit": "354000",
          "index": 1,
          "nonceChanges": [
            {
              "address": "cVYrcZmYc9tbKG35V68ZnslGF/c=",
              "newValue": "1",
              "ordinal": "13"
            },
            {
              "address": "cVYrcZmYc9tbKG35V68ZnslGF/c=",
              "newValue": "2",
              "oldValue": "1",
              "ordinal": "14"
            },
            {
              "address": "cDxLK9cMFp9XFxAcruVDKZ/JRsc=",
              "newValue": "1",
              "ordinal": "16"
            },
            {
              "address": "cDxLK9cMFp9XFxAcruVDKZ/JRsc=",
              "newValue": "2",
              "oldValue": "1",
              "ordinal": "18"
            }
          ]
        },
        {
          "address": "cDxLK9cMFp9XFxAcruVDKZ/JRsc=",
          "addressDelegatesTo": "AAAAAAAAAAAAAAAAAAAAAAAAu7s=",
          "balanceChanges": [
            {
              "address": "cVYrcZmYc9tbKG35V68ZnslGF/c=",
              "newValue": {
                "bytes": "Dd8ozD895b8="
              },
              "oldValue": {
                "bytes": "Dd8ozD895cA="
              },
              "ordinal": "26",
              "reason": "REASON_TRANSFER"
            },
            {
              "address": "cDxLK9cMFp9XFxAcruVDKZ/JRsc=",
              "newValue": {
                "bytes": "DeC2s6dkAAE="
              },
              "oldValue": {
                "bytes": "DeC2s6dkAAA="
              },
              "ordinal": "27",
              "reason": "REASON_TRANSFER"
            }
          ],
          "beginOrdinal": "24",
          "callType": "CALL",
          "caller": "cVYrcZmYc9tbKG35V68ZnslGF/c=",
          "depth": 1,
          "endOrdinal": "30",
          "executedCode": true,
          "gasChanges": [
            {
              "newValue": "339232",
              "ordinal": "25",
              "reason": "REASON_CALL_INITIAL_BALANCE"
            },
            {
              "oldValue": "317126",
              "ordinal": "29",
              "reason": "REASON_CALL_LEFT_OVER_RETURNED"
            }
          ],
          "gasConsumed": "22106",
          "gasLimit": "339232",
          "index": 2,
          "parentIndex": 1,
          "storageChanges": [
            {
              "address": "cDxLK9cMFp9XFxAcruVDKZ/JRsc=",
              "key": "AAAAAAAAAAAAAAAAAAAAAAAAAAAAAAAAAAAAAAAAAEI=",
              "newValue": "AAAAAAAAAAAAAAAAAAAAAAAAAAAAAAAAAAAAAAAAAEI=",
              "oldValue": "AAAAAAAAAAAAAAAAAAAAAAAAAAAAAAAAAAAAAAAAAAA=",
              "ordinal": "28"
            }
          ],
          "value": {
            "bytes": "AQ=="
          }
        }
      ],
      "endOrdinal": "38",
      "from": "cVYrcZmYc9tbKG35V68ZnslGF/c=",
      "gasLimit": "500000",
      "gasPrice": {
        "bytes": "NCdwwg=="
      },
      "gasUsed": "142021",
      "hash": "alLg5Yk4t0M/5q97S3ye+D/U/jP60tAc1kNI8q4G+G0=",
      "maxFeePerGas": {
        "bytes": "ASoF8gA="
      },
      "maxPriorityFeePerGas": {
        "bytes": "Ag=="
      },
      "r": "E2l+Qpz16QzQhLJM+8gu8vd/lpMS1JAC0/hIlSNzFeg=",
      "receipt": {
        "cumulativeGasUsed": "142021",
        "logsBloom": "AAAAAAAAAAAAAAAAAAAAAAAAAAAAAAAAAAAAAAAAAAAAAAAAAAAAAAAAAAAAAAAAAAAAAAAAAAAAAAAAAAAAAAAAAAAAAAAAAAAAAAAAAAAAAAAAAAAAAAAAAAAAAAAAAAAAAAAAAAAAAAAAAAAAAAAAAAAAAAAAAAAAAAAAAAAAAAAAAAAAAAAAAAAAAAAAAAAAAAAAAAAAAAAAAAAAAAAAAAAAAAAAAAAAAAAAAAAAAAAAAAAAAAAAAAAAAAAAAAAAAAAAAAAAAAAAAAAAAAAAAAAAAAAAAAAAAAAAAAAAAAAAAAAAAAAAAAAAAAAAAAAAAAAAAAAAAAAAAAAAAA=="
      },
      "s": "N9pmx9wBwi0vXsT283fImtj6D4zPzYK3ZFXwBhYmbBA=",
      "setCodeAuthorizations": [
        {
          "address": "AAAAAAAAAAAAAAAAAAAAAAAAqqo=",
          "authority": "cVYrcZmYc9tbKG35V68ZnslGF/c=",
          "chainId": "AQ==",
          "nonce": "1",
          "r": "9+Pll/wJfnHtbCaxSyXlOVvIUQ1YuRNq9DnhJxXy1yE=",
          "s": "bPfD15Ob/beENz7/wOuwvXVJaRpRPzlePNq/hgJySYc=",
          "v": 1
        },
        {
          "address": "AAAAAAAAAAAAAAAAAAAAAAAAzMw=",
          "authority": "cDxLK9cMFp9XFxAcruVDKZ/JRsc=",
          "r": "2uP1vwtGC/qSZin0z+PZ2kBZ/xY3445BRUpUUwr4UOc=",
          "s": "HhA+a0fj/u82ZZyD9gMoHso5vGditId+wkZrJcpo4UM="
        },
        {
          "address": "AAAAAAAAAAAAAAAAAAAAAAAAzMw=",
          "discarded": true,
          "r": "2uP1vwtGC/qSZin0z+PZ2kBZ/xY3445BRUpUUwr4UOc=",
          "s": "HhA+a0fj/u82ZZyD9gMoHso5vGditId+wkZrJcpo4UM=",
          "v": 4
        },
        {
          "address": "AAAAAAAAAAAAAAAAAAAAAAAAu7s=",
          "authority": "cDxLK9cMFp9XFxAcruVDKZ/JRsc=",
          "nonce": "1",
          "r": "aZRYP4l48gpWJSypjCxSptjK/kDFXmphIXOrnH6LlKs=",
          "s": "HLb0WRaaPuzez2ZbtK39Ch9vZGXNjm5AYg2i8X5MMwg="
        },
        {
          "address": "AAAAAAAAAAAAAAAAAAAAAAAAu7s=",
          "authority": "cDxLK9cMFp9XFxAcruVDKZ/JRsc=",
          "discarded": true,
          "nonce": "1",
          "r": "aZRYP4l48gpWJSypjCxSptjK/kDFXmphIXOrnH6LlKs=",
          "s": "HLb0WRaaPuzez2ZbtK39Ch9vZGXNjm5AYg2i8X5MMwg="
        }
      ],
      "status": "SUCCEEDED",
      "to": "cVYrcZmYc9tbKG35V68ZnslGF/c=",
      "type": "TRX_TYPE_SET_CODE"
    }
  ],
  "ver": 4
}