{
  "hash": "sr0uqeYWyrLV1vijvIG6fe+0mu8LRG6FLMHv5UmUxK8=",
  "number": "1",
  "size": "501",
  "header": {
    "parentHash": "AAAAAAAAAAAAAAAAAAAAAAAAAAAAAAAAAAAAAAAAAAA=",
    "uncleHash": "HcxN6N7HXXqrhbVntszUGtMSRRuUinQT8KFC/UDUk0c=",
    "coinbase": "AAAAAAAAAAAAAAAAAAAAAAAAAAA=",
    "stateRoot": "AAAAAAAAAAAAAAAAAAAAAAAAAAAAAAAAAAAAAAAAAAA=",
    "transactionsRoot": "VugfFxvMVab/g0XmksD4bltI4BuZbK3AAWIvteNjtCE=",
    "receiptRoot": "VugfFxvMVab/g0XmksD4bltI4BuZbK3AAWIvteNjtCE=",
    "logsBloom": "AAAAAAAAAAAAAAAAAAAAAAAAAAAAAAAAAAAAAAAAAAAAAAAAAAAAAAAAAAAAAAAAAAAAAAAAAAAAAAAAAAAAAAAAAAAAAAAAAAAAAAAAAAAAAAAAAAAAAAAAAAAAAAAAAAAAAAAAAAAAAAAAAAAAAAAAAAAAAAAAAAAAAAAAAAAAAAAAAAAAAAAAAAAAAAAAAAAAAAAAAAAAAAAAAAAAAAAAAAAAAAAAAAAAAAAAAAAAAAAAAAAAAAAAAAAAAAAAAAAAAAAAAAAAAAAAAAAAAAAAAAAAAAAAAAAAAAAAAAAAAAAAAAAAAAAAAAAAAAAAAAAAAAAAAAAAAAAAAAAAAA==",
    "difficulty": {
      "bytes": "AA=="
    },
    "totalDifficulty": {
      "bytes": "AQ=="
    },
    "number": "1",
    "timestamp": "1970-01-01T00:00:00Z",
    "mixHash": "AAAAAAAAAAAAAAAAAAAAAAAAAAAAAAAAAAAAAAAAAAA=",
    "hash": "sr0uqeYWyrLV1vijvIG6fe+0mu8LRG6FLMHv5UmUxK8="
  },
  "transactionTraces": [
    {
      "to": "AAAAAAAAAAAAAAAAAAAAAAAAAAI=",
      "gasPrice": {
        "bytes": "AQ=="
      },
      "gasLimit": "1",
      "value": {
        "bytes": "AQ=="
      },
      "v": "AQ==",
      "r": "AAAAAAAAAAAAAAAAAAAAAAAAAAAAAAAAAAAAAAAAAAE=",
      "s": "AAAAAAAAAAAAAAAAAAAAAAAAAAAAAAAAAAAAAAAAAAE=",
      "hash": "AAAAAAAAAAAAAAAAAAAAAAAAAAAAAAAAAAAAAAAAAKo=",
      "from": "AAAAAAAAAAAAAAAAAAAAAAAAAAE=",
      "beginOrdinal": "1",
      "endOrdinal": "4",
      "status": "SUCCEEDED",
      "receipt": {
        "logsBloom": "AAAAAAAAAAAAAAAAAAAAAAAAAAAAAAAAAAAAAAAAAAAAAAAAAAAAAAAAAAAAAAAAAAAAAAAAAAAAAAAAAAAAAAAAAAAAAAAAAAAAAAAAAAAAAAAAAAAAAAAAAAAAAAAAAAAAAAAAAAAAAAAAAAAAAAAAAAAAAAAAAAAAAAAAAAAAAAAAAAAAAAAAAAAAAAAAAAAAAAAAAAAAAAAAAAAAAAAAAAAAAAAAAAAAAAAAAAAAAAAAAAAAAAAAAAAAAAAAAAAAAAAAAAAAAAAAAAAAAAAAAAAAAAAAAAAAAAAAAAAAAAAAAAAAAAAAAAAAAAAAAAAAAAAAAAAAAAAAAAAAAA=="
      },
      "calls": [
        {
          "index": 1,
          "callType": "CALL",
          "caller": "AAAAAAAAAAAAAAAAAAAAAAAAAAE=",
          "address": "AAAAAAAAAAAAAAAAAAAAAAAAAAI=",
          "beginOrdinal": "2",
          "endOrdinal": "3"
        }
      ]
    },
    {
      "to": "AAAAAAAAAAAAAAAAAAAAAAAAAAI=",
      "gasPrice": {
        "bytes": "AQ=="
      },
      "gasLimit": "1",
      "value": {
        "bytes": "AQ=="
      },
      "v": "AQ==",
      "r": "AAAAAAAAAAAAAAAAAAAAAAAAAAAAAAAAAAAAAAAAAAE=",
      "s": "AAAAAAAAAAAAAAAAAAAAAAAAAAAAAAAAAAAAAAAAAAE=",
      "index": 1,
      "hash": "AAAAAAAAAAAAAAAAAAAAAAAAAAAAAAAAAAAAAAAAALs=",
      "from": "AAAAAAAAAAAAAAAAAAAAAAAAAAE=",
      "beginOrdinal": "5",
      "endOrdinal": "8",
      "status": "SUCCEEDED",
      "receipt": {
        "logsBloom": "AAAAAAAAAAAAAAAAAAAAAAAAAAAAAAAAAAAAAAAAAAAAAAAAAAAAAAAAAAAAAAAAAAAAAAAAAAAAAAAAAAAAAAAAAAAAAAAAAAAAAAAAAAAAAAAAAAAAAAAAAAAAAAAAAAAAAAAAAAAAAAAAAAAAAAAAAAAAAAAAAAAAAAAAAAAAAAAAAAAAAAAAAAAAAAAAAAAAAAAAAAAAAAAAAAAAAAAAAAAAAAAAAAAAAAAAAAAAAAAAAAAAAAAAAAAAAAAAAAAAAAAAAAAAAAAAAAAAAAAAAAAAAAAAAAAAAAAAAAAAAAAAAAAAAAAAAAAAAAAAAAAAAAAAAAAAAAAAAAAAAA=="
      },
      "calls": [
        {
          "index": 1,
          "callType": "CALL",
          "caller": "AAAAAAAAAAAAAAAAAAAAAAAAAAE=",
          "address": "AAAAAAAAAAAAAAAAAAAAAAAAAAI=",
          "beginOrdinal": "6",
          "endOrdinal": "7"
        }
      ]
    },
    {
      "to": "AAAAAAAAAAAAAAAAAAAAAAAAAAI=",
      "gasPrice": {
        "bytes": "AQ=="
      },
      "gasLimit": "1",
      "value": {
        "bytes": "AQ=="
      },
      "v": "AQ==",
      "r": "AAAAAAAAAAAAAAAAAAAAAAAAAAAAAAAAAAAAAAAAAAE=",
      "s": "AAAAAAAAAAAAAAAAAAAAAAAAAAAAAAAAAAAAAAAAAAE=",
      "index": 2,
      "hash": "AAAAAAAAAAAAAAAAAAAAAAAAAAAAAAAAAAAAAAAAAMw=",
      "from": "AAAAAAAAAAAAAAAAAAAAAAAAAAE=",
      "beginOrdinal": "9",
      "endOrdinal": "12",
      "status": "SUCCEEDED",
      "receipt": {
        "logsBloom": "AAAAAAAAAAAAAAAAAAAAAAAAAAAAAAAAAAAAAAAAAAAAAAAAAAAAAAAAAAAAAAAAAAAAAAAAAAAAAAAAAAAAAAAAAAAAAAAAAAAAAAAAAAAAAAAAAAAAAAAAAAAAAAAAAAAAAAAAAAAAAAAAAAAAAAAAAAAAAAAAAAAAAAAAAAAAAAAAAAAAAAAAAAAAAAAAAAAAAAAAAAAAAAAAAAAAAAAAAAAAAAAAAAAAAAAAAAAAAAAAAAAAAAAAAAAAAAAAAAAAAAAAAAAAAAAAAAAAAAAAAAAAAAAAAAAAAAAAAAAAAAAAAAAAAAAAAAAAAAAAAAAAAAAAAAAAAAAAAAAAAA=="
      },
      "calls": [
        {
          "index": 1,
          "callType": "CALL",
          "caller": "AAAAAAAAAAAAAAAAAAAAAAAAAAE=",
          "address": "AAAAAAAAAAAAAAAAAAAAAAAAAAI=",
          "beginOrdinal": "10",
          "endOrdinal": "11"
        }
      ]
    }
  ],
  "ver": 4
}