{
  "hash": "N6zSvR8q4sVWyJKo2vdOcc1KsrHinU95Ki/q4tjYQoc=",
  "header": {
    "baseFeePerGas": {
      "bytes": "NCdwwA=="
    },
    "blobGasUsed": "0",
    "coinbase": "AAAAAAAAAAAAAAAAAAAAAAAAAAA=",
    "difficulty": {
      "bytes": "AA=="
    },
    "excessBlobGas": "0",
    "gasLimit": "4712388",
    "hash": "N6zSvR8q4sVWyJKo2vdOcc1KsrHinU95Ki/q4tjYQoc=",
    "logsBloom": "AAAAAAAAAAAAAAAAAAAAAAAAAAAAAAAAAAAAAAAAAAAAAAAAAAAAAAAAAAAAAAAAAAAAAAAAAAAAAAAAAAAAAAAAAAAAAAAAAAAAAAAAAAAAAAAAAAAAAAAAAAAAAAAAAAAAAAAAAAAAAAAAAAAAAAAAAAAAAAAAAAAAAAAAAAAAAAAAAAAAAAAAAAAAAAAAAAAAAAAAAAAAAAAAAAAAAAAAAAAAAAAAAAAAAAAAAAAAAAAAAAAAAAAAAAAAAAAAAAAAAAAAAAAAAAAAAAAAAAAAAAAAAAAAAAAAAAAAAAAAAAAAAAAAAAAAAAAAAAAAAAAAAAAAAAAAAAAAAAAAAA==",
    "mixHash": "AAAAAAAAAAAAAAAAAAAAAAAAAAAAAAAAAAAAAAAAAAA=",
    "number": "1",
    "parentBeaconRoot": "AAAAAAAAAAAAAAAAAAAAAAAAAAAAAAAAAAAAAAAAAAA=",
    "parentHash": "MFX8J9a0oI6wcDOg0e51WkspiAhvKKYYnqwbUHUl7rE=",
    "receiptRoot": "VugfFxvMVab/g0XmksD4bltI4BuZbK3AAWIvteNjtCE=",
    "requestsHash": "47DEQpj8HBSa+/TImW+5JCeuQeRkm5NMpJWZG3hSuFU=",
    "stateRoot": "VugfFxvMVab/g0XmksD4bltI4BuZbK3AAWIvteNjtCE=",
    "timestamp": "1970-01-01T00:00:10Z",
    "transactionsRoot": "VugfFxvMVab/g0XmksD4bltI4BuZbK3AAWIvteNjtCE=",
    "uncleHash": "HcxN6N7HXXqrhbVntszUGtMSRRuUinQT8KFC/UDUk0c=",
    "withdrawalsRoot": "VugfFxvMVab/g0XmksD4bltI4BuZbK3AAWIvteNjtCE="
  },
  "number": "1",
  "size": "611",
  "systemCalls": [
    {
      "address": "AA899tcygH7xMZ+3uLuFItC+rAI=",
      "beginOrdinal": "1",
      "callType": "CALL",
      "caller": "//////////////////////////4=",
      "endOrdinal": "2",
      "gasLimit": "30000000",
      "index": 1,
      "input": "AAAAAAAAAAAAAAAAAAAAAAAAAAAAAAAAAAAAAAAAAAA="
    },
    {
      "address": "AAD5CCfxxToQy3oCM1sXUyAAKTU=",
      "beginOrdinal": "3",
      "callType": "CALL",
      "caller": "//////////////////////////4=",
      "endOrdinal": "4",
      "gasLimit": "30000000",
      "index": 1,
      "input": "MFX8J9a0oI6wcDOg0e51WkspiAhvKKYYnqwbUHUl7rE="
    },
    {
      "address": "AAAJYe9IDrVegNGa2DV5pkwAcAI=",
      "beginOrdinal": "5",
      "callType": "CALL",
      "caller": "//////////////////////////4=",
      "endOrdinal": "6",
      "gasLimit": "30000000",
      "index": 1
    },
    {
      "address": "AAC73cfOSIZC+1efiwDzpZAAclE=",
      "beginOrdinal": "7",
      "callType": "CALL",
      "caller": "//////////////////////////4=",
      "endOrdinal": "8",
      "gasLimit": "30000000",
      "index": 1
    }
  ],
  "ver": 3
}