{
  "codeChanges": [
    {
      "address": "AAAAAAAAAAAAAAAAAAAAAAAAAAA=",
      "newCode": "Ag==",
      "newHash": "AAAAAAAAAAAAAAAAAAAAAAAAAAAAAAAAAAAAAAAAAAI=",
      "oldCode": "AQ==",
      "oldHash": "AAAAAAAAAAAAAAAAAAAAAAAAAAAAAAAAAAAAAAAAAAE=",
      "ordinal": "1"
    }
  ],
  "hash": "WLGMKK1ccyTrarRdy4zscMOz8v4oSRmSquZyaMFyvTA=",
  "header": {
    "baseFeePerGas": {
      "bytes": "O5rKAA=="
    },
    "coinbase": "AAAAAAAAAAAAAAAAAAAAAAAAAAA=",
    "difficulty": {
      "bytes": "AA=="
    },
    "gasLimit": "210000",
    "hash": "WLGMKK1ccyTrarRdy4zscMOz8v4oSRmSquZyaMFyvTA=",
    "logsBloom": "AAAAAAAAAAAAAAAAAAAAAAAAAAAAAAAAAAAAAAAAAAAAAAAAAAAAAAAAAAAAAAAAAAAAAAAAAAAAAAAAAAAAAAAAAAAAAAAAAAAAAAAAAAAAAAAAAAAAAAAAAAAAAAAAAAAAAAAAAAAAAAAAAAAAAAAAAAAAAAAAAAAAAAAAAAAAAAAAAAAAAAAAAAAAAAAAAAAAAAAAAAAAAAAAAAAAAAAAAAAAAAAAAAAAAAAAAAAAAAAAAAAAAAAAAAAAAAAAAAAAAAAAAAAAAAAAAAAAAAAAAAAAAAAAAAAAAAAAAAAAAAAAAAAAAAAAAAAAAAAAAAAAAAAAAAAAAAAAAAAAAA==",
    "mixHash": "AAAAAAAAAAAAAAAAAAAAAAAAAAAAAAAAAAAAAAAAAAA=",
    "number": "1",
    "parentBeaconRoot": "AAAAAAAAAAAAAAAAAAAAAAAAAAAAAAAAAAAAAAAAAAA=",
    "parentHash": "AAAAAAAAAAAAAAAAAAAAAAAAAAAAAAAAAAAAAAAAAAA=",
    "receiptRoot": "VugfFxvMVab/g0XmksD4bltI4BuZbK3AAWIvteNjtCE=",
    "stateRoot": "AAAAAAAAAAAAAAAAAAAAAAAAAAAAAAAAAAAAAAAAAAA=",
    "timestamp": "1970-01-01T00:00:01Z",
    "transactionsRoot": "VugfFxvMVab/g0XmksD4bltI4BuZbK3AAWIvteNjtCE=",
    "uncleHash": "HcxN6N7HXXqrhbVntszUGtMSRRuUinQT8KFC/UDUk0c="
  },
  "number": "1",
  "size": "545",
  "ver": 3
}