{
  "hash": "nM0MjYrd54p5L0zQNGpHV7fxetFL1VCejCvGELDLop8=",
  "header": {
    "baseFeePerGas": {
      "bytes": "KFws9Q=="
    },
    "blobGasUsed": "0",
    "coinbase": "AAAAAAAAAAAAAAAAAAAAAAAAqqo=",
    "difficulty": {
      "bytes": "AA=="
    },
    "excessBlobGas": "0",
    "gasLimit": "4712388",
    "gasUsed": "36800",
    "hash": "nM0MjYrd54p5L0zQNGpHV7fxetFL1VCejCvGELDLop8=",
    "logsBloom": "AAAAAAAAAAAAAAAAAAAAAAAAAAAAAAAAAAAAAAAAAAAAAAAAAAAAAAAAAAAAAAAAAAAAAAAAAAAAAAAAAAAAAAAAAAAAAAAAAAAAAAAAAAAAAAAAAAAAAAAAAAAAAAAAAAAAAAAAAAAAAAAAAAAAAAAAAAAAAAAAAAAAAAAAAAAAAAAAAAAAAAAAAAAAAAAAAAAAAAAAAAAAAAAAAAAAAAAAAAAAAAAAAAAAAAAAAAAAAAAAAAAAAAAAAAAAAAAAAAAAAAAAAAAAAAAAAAAAAAAAAAAAAAAAAAAAAAAAAAAAAAAAAAAAAAAAAAAAAAAAAAAAAAAAAAAAAAAAAAAAAA==",
    "mixHash": "AAAAAAAAAAAAAAAAAAAAAAAAAAAAAAAAAAAAAAAAAAA=",
    "number": "3",
    "parentBeaconRoot": "AAAAAAAAAAAAAAAAAAAAAAAAAAAAAAAAAAAAAAAAAAA=",
    "parentHash": "Hlau1KLprrOkaDe4TNZdPEoXeJ4UGEL1PwUY/qq+/rk=",
    "receiptRoot": "A2x9IEIO284ktQYhSLzoBWO0j9RTL7HAaLLJalMRcBk=",
    "requestsHash": "47DEQpj8HBSa+/TImW+5JCeuQeRkm5NMpJWZG3hSuFU=",
    "stateRoot": "vWvMYC8Hck2r4d77C3bO7nRWmEtpytSHv092DGpMjeI=",
    "timestamp": "1970-01-01T00:00:30Z",
    "transactionsRoot": "Bpo3ARUhIUuu9hH3yrkUNF2s22VFnHRDwdWxzM0pb5U=",
    "uncleHash": "HcxN6N7HXXqrhbVntszUGtMSRRuUinQT8KFC/UDUk0c=",
    "withdrawalsRoot": "VugfFxvMVab/g0XmksD4bltI4BuZbK3AAWIvteNjtCE="
  },
  "number": "3",
  "size": "817",
  "systemCalls": [
    {
      "address": "AA899tcygH7xMZ+3uLuFItC+rAI=",
      "beginOrdinal": "1",
      "callType": "CALL",
      "caller": "//////////////////////////4=",
      "endOrdinal": "2",
      "gasLimit": "30000000",
      "index": 1,
      "input": "AAAAAAAAAAAAAAAAAAAAAAAAAAAAAAAAAAAAAAAAAAA="
    },
    {
      "address": "AAD5CCfxxToQy3oCM1sXUyAAKTU=",
      "beginOrdinal": "3",
      "callType": "CALL",
      "caller": "//////////////////////////4=",
      "endOrdinal": "4",
      "gasLimit": "30000000",
      "index": 1,
      "input": "Hlau1KLprrOkaDe4TNZdPEoXeJ4UGEL1PwUY/qq+/rk="
    },
    {
      "address": "AAAJYe9IDrVegNGa2DV5pkwAcAI=",
      "beginOrdinal": "12",
      "callType": "CALL",
      "caller": "//////////////////////////4=",
      "endOrdinal": "13",
      "gasLimit": "30000000",
      "index": 1
    },
    {
      "address": "AAC73cfOSIZC+1efiwDzpZAAclE=",
      "beginOrdinal": "14",
      "callType": "CALL",
      "caller": "//////////////////////////4=",
      "endOrdinal": "15",
      "gasLimit": "30000000",
      "index": 1
    }
  ],
  "transactionTraces": [
    {
      "beginOrdinal": "1",
      "calls": [
        {
          "address": "cVYrcZmYc9tbKG35V68ZnslGF/c=",
          "balanceChanges": [
            {
              "address": "cVYrcZmYc9tbKG35V68ZnslGF/c=",
              "newValue": {
                "bytes": "DaCsTVRHwNQ="
              },
              "oldValue": {
                "bytes": "DaHgOZLVtrQ="
              },
              "ordinal": "2",
              "reason": "REASON_GAS_BUY"
            },
            {
              "address": "cVYrcZmYc9tbKG35V68ZnslGF/c=",
              "newValue": {
                "bytes": "DaHJj9CWBHQ="
              },
              "oldValue": {
                "bytes": "DaCsTVRHwNQ="
              },
              "ordinal": "9",
              "reason": "REASON_GAS_REFUND"
            },
            {
              "address": "AAAAAAAAAAAAAAAAAAAAAAAAqqo=",
              "newValue": {
                "bytes": "PkzJFSvdwg=="
              },
              "oldValue": {
                "bytes": "PkzJFSq+Qg=="
              },
              "ordinal": "10",
              "reason": "REASON_REWARD_TRANSACTION_FEE"
            }
          ],
          "callType": "CALL",
          "caller": "cVYrcZmYc9tbKG35V68ZnslGF/c=",
          "codeChanges": [
            {
              "address": "cVYrcZmYc9tbKG35V68ZnslGF/c=",
              "newHash": "xdJGAYb3IzySfn2y3McDwOUAtlPKgic7e/rYBF2FpHA=",
              "oldCode": "7wEAAAAAAAAAAAAAAAAAAAAAAAAAqqo=",
              "oldHash": "6BOVhfT5ksAf8bXRTf8FXcJyKhFA0Cb18MtIsAn1Z9o=",
              "ordinal": "6"
            }
          ],
          "endOrdinal": "8",
          "gasChanges": [
            {
              "newValue": "454000",
              "oldValue": "500000",
              "ordinal": "3",
              "reason": "REASON_INTRINSIC_GAS"
            }
          ],
          "gasLimit": "454000",
          "index": 1,
          "nonceChanges": [
            {
              "address": "cVYrcZmYc9tbKG35V68ZnslGF/c=",
              "newValue": "4",
              "oldValue": "3",
              "ordinal": "4"
            },
            {
              "address": "cVYrcZmYc9tbKG35V68ZnslGF/c=",
              "newValue": "5",
              "oldValue": "4",
              "ordinal": "5"
            }
          ]
        }
      ],
      "endOrdinal": "11",
      "from": "cVYrcZmYc9tbKG35V68ZnslGF/c=",
      "gasLimit": "500000",
      "gasPrice": {
        "bytes": "KFws9w=="
      },
      "gasUsed": "36800",
      "hash": "vj4lUeVR72WjVf2OYUmz3Um0SH4d6qCao7cZRbBiaCI=",
      "maxFeePerGas": {
        "bytes": "ASoF8gA="
      },
      "maxPriorityFeePerGas": {
        "bytes": "Ag=="
      },
      "nonce": "3",
      "r": "3+bIOst9jVy0xdYLs7dP1KfP1XrtsXepmpY0W3XBKII=",
      "receipt": {
        "cumulativeGasUsed": "36800",
        "logsBloom": "AAAAAAAAAAAAAAAAAAAAAAAAAAAAAAAAAAAAAAAAAAAAAAAAAAAAAAAAAAAAAAAAAAAAAAAAAAAAAAAAAAAAAAAAAAAAAAAAAAAAAAAAAAAAAAAAAAAAAAAAAAAAAAAAAAAAAAAAAAAAAAAAAAAAAAAAAAAAAAAAAAAAAAAAAAAAAAAAAAAAAAAAAAAAAAAAAAAAAAAAAAAAAAAAAAAAAAAAAAAAAAAAAAAAAAAAAAAAAAAAAAAAAAAAAAAAAAAAAAAAAAAAAAAAAAAAAAAAAAAAAAAAAAAAAAAAAAAAAAAAAAAAAAAAAAAAAAAAAAAAAAAAAAAAAAAAAAAAAAAAAA=="
      },
      "s": "UGXb+KJ8dparEBn0Wb2lX5fh1gB2+AiHfowzzmJWOkE=",
      "setCodeAuthorizations": [
        {
          "authority": "cVYrcZmYc9tbKG35V68ZnslGF/c=",
          "chainId": "AQ==",
          "nonce": "4",
          "r": "8RpcvObxuhW9b2SyJDTKMBtrqfyaAJlzS37bOLPTKIo=",
          "s": "NMkyzSai5xkwNV4ttrTli9jZHXeB7hUwej28frcnTDw="
        }
      ],
      "status": "SUCCEEDED",
      "to": "cVYrcZmYc9tbKG35V68ZnslGF/c=",
      "type": "TRX_TYPE_SET_CODE"
    }
  ],
  "ver": 3
}