{
  "hash": "tNKSM8SZPvaEgBA4yUj9YayXYYuXnLCuHx5oWJwVOhw=",
  "number": "1",
  "size": "1190",
  "header": {
    "parentHash": "pWIUj7qpHz/G8tLNdaLNz8Jr1TmoyDxTXP9TdFcxi1w=",
    "uncleHash": "HcxN6N7HXXqrhbVntszUGtMSRRuUinQT8KFC/UDUk0c=",
    "coinbase": "AAAAAAAAAAAAAAAAAAAAAAAAqqo=",
    "stateRoot": "wFieFJlWOhntuAXVWTxqg5Uur7kaXrFRERwFB8+qscc=",
    "transactionsRoot": "L6HG4v+Zoguv352C8ZdQGQ4tE5BJdzCJVbfWBHMquN0=",
    "receiptRoot": "6LQ+xgZZXKAlBStw088D6A2kWiz7g+TtQlAALnPMSi4=",
    "logsBloom": "AAAAAAAAAAAAAAAAAAAAAAAAAAAAAAAAAAAAAAAAAAAAAAAAAAAAAAAAAAAAAAAAAAAAAAAAAAAAAAAAAAAAAAAAAAAAAAAAAAAAAAAAAAAAAAAAAAAAAAAAAAAAAAAAAAAAAAAAAAAAAAAAAAAAAAAAAAAAAAAAAAAAAAAAAAAAAAAAAAAAAAAAAAAAAAAAAAAAAAAAAAAAAAAAAAAAAAAAAAAAAAAAAAAAAAAAAAAAAAAAAAAAAAAAAAAAAAAAAAAAAAAAAAAAAAAAAAAAAAAAAAAAAAAAAAAAAAAAAAAAAAAAAAAAAAAAAAAAAAAAAAAAAAAAAAAAAAAAAAAAAA==",
    "difficulty": {
      "bytes": "AA=="
    },
    "number": "1",
    "gasLimit": "4712388",
    "gasUsed": "142021",
    "timestamp": "1970-01-01T00:00:10Z",
    "mixHash": "AAAAAAAAAAAAAAAAAAAAAAAAAAAAAAAAAAAAAAAAAAA=",
    "hash": "tNKSM8SZPvaEgBA4yUj9YayXYYuXnLCuHx5oWJwVOhw=",
    "baseFeePerGas": {
      "bytes": "NCdwwA=="
    },
    "withdrawalsRoot": "VugfFxvMVab/g0XmksD4bltI4BuZbK3AAWIvteNjtCE=",
    "blobGasUsed": "0",
    "excessBlobGas": "0",
    "parentBeaconRoot": "AAAAAAAAAAAAAAAAAAAAAAAAAAAAAAAAAAAAAAAAAAA=",
    "requestsHash": "47DEQpj8HBSa+/TImW+5JCeuQeRkm5NMpJWZG3hSuFU="
  },
  "transactionTraces": [
    {
      "to": "cVYrcZmYc9tbKG35V68ZnslGF/c=",
      "gasPrice": {
        "bytes": "NCdwwg=="
      },
      "gasLimit": "500000",
      "r": "E2l+Qpz16QzQhLJM+8gu8vd/lpMS1JAC0/hIlSNzFeg=",
      "s": "N9pmx9wBwi0vXsT283fImtj6D4zPzYK3ZFXwBhYmbBA=",
      "gasUsed": "142021",
      "type": "TRX_TYPE_SET_CODE",
      "maxFeePerGas": {
        "bytes": "ASoF8gA="
      },
      "maxPriorityFeePerGas": {
        "bytes": "Ag=="
      },
      "hash": "alLg5Yk4t0M/5q97S3ye+D/U/jP60tAc1kNI8q4G+G0=",
      "from": "cVYrcZmYc9tbKG35V68ZnslGF/c=",
      "beginOrdinal": "5",
      "endOrdinal": "27",
      "status": "SUCCEEDED",
      "receipt": {
        "cumulativeGasUsed": "142021",
        "logsBloom": "AAAAAAAAAAAAAAAAAAAAAAAAAAAAAAAAAAAAAAAAAAAAAAAAAAAAAAAAAAAAAAAAAAAAAAAAAAAAAAAAAAAAAAAAAAAAAAAAAAAAAAAAAAAAAAAAAAAAAAAAAAAAAAAAAAAAAAAAAAAAAAAAAAAAAAAAAAAAAAAAAAAAAAAAAAAAAAAAAAAAAAAAAAAAAAAAAAAAAAAAAAAAAAAAAAAAAAAAAAAAAAAAAAAAAAAAAAAAAAAAAAAAAAAAAAAAAAAAAAAAAAAAAAAAAAAAAAAAAAAAAAAAAAAAAAAAAAAAAAAAAAAAAAAAAAAAAAAAAAAAAAAAAAAAAAAAAAAAAAAAAA=="
      },
      "calls": [
        {
          "index": 1,
          "callType": "CALL",
          "caller": "cVYrcZmYc9tbKG35V68ZnslGF/c=",
          "address": "cVYrcZmYc9tbKG35V68ZnslGF/c=",
          "addressDelegatesTo": "AAAAAAAAAAAAAAAAAAAAAAAAqqo=",
          "gasLimit": "354000",
          "gasConsumed": "31526",
          "balanceChanges": [
            {
              "address": "cVYrcZmYc9tbKG35V68ZnslGF/c=",
              "oldValue": {
                "bytes": "DeC2s6dkAAA="
              },
              "newValue": {
                "bytes": "Dd8ozD895cA="
              },
              "reason": "REASON_GAS_BUY",
              "ordinal": "6"
            },
            {
              "address": "cVYrcZmYc9tbKG35V68ZnslGF/c=",
              "oldValue": {
                "bytes": "Dd8ozD895b8="
              },
              "newValue": {
                "bytes": "DeBFrisGZrU="
              },
              "reason": "REASON_GAS_REFUND",
              "ordinal": "25"
            },
            {
              "address": "AAAAAAAAAAAAAAAAAAAAAAAAqqo=",
              "newValue": {
                "bytes": "BFWK"
              },
              "reason": "REASON_REWARD_TRANSACTION_FEE",
              "ordinal": "26"
            }
          ],
          "nonceChanges": [
            {
              "address": "cVYrcZmYc9tbKG35V68ZnslGF/c=",
              "newValue": "1",
              "ordinal": "8"
            },
            {
              "address": "cVYrcZmYc9tbKG35V68ZnslGF/c=",
              "oldValue": "1",
              "newValue": "2",
              "ordinal": "9"
            },
            {
              "address": "cDxLK9cMFp9XFxAcruVDKZ/JRsc=",
              "newValue": "1",
              "ordinal": "11"
            },
            {
              "address": "cDxLK9cMFp9XFxAcruVDKZ/JRsc=",
              "oldValue": "1",
              "newValue": "2",
              "ordinal": "13"
            }
          ],
          "codeChanges": [
            {
              "address": "cVYrcZmYc9tbKG35V68ZnslGF/c=",
              "oldHash": "xdJGAYb3IzySfn2y3McDwOUAtlPKgic7e/rYBF2FpHA=",
              "newHash": "6BOVhfT5ksAf8bXRTf8FXcJyKhFA0Cb18MtIsAn1Z9o=",
              "newCode": "7wEAAAAAAAAAAAAAAAAAAAAAAAAAqqo=",
              "ordinal": "10"
            },
            {
              "address": "cDxLK9cMFp9XFxAcruVDKZ/JRsc=",
              "oldHash": "xdJGAYb3IzySfn2y3McDwOUAtlPKgic7e/rYBF2FpHA=",
              "newHash": "2nRj6FdgztYMKwAqS2x5e7pQdCMd4bTSeffx8pbIFmU=",
              "newCode": "7wEAAAAAAAAAAAAAAAAAAAAAAAAAzMw=",
              "ordinal": "12"
            },
            {
              "address": "cDxLK9cMFp9XFxAcruVDKZ/JRsc=",
              "oldHash": "2nRj6FdgztYMKwAqS2x5e7pQdCMd4bTSeffx8pbIFmU=",
              "oldCode": "7wEAAAAAAAAAAAAAAAAAAAAAAAAAzMw=",
              "newHash": "0mhxQ0BYDv3haWHrT7NIuLWUSlfUHjFwuLM/8Jt1SXA=",
              "newCode": "7wEAAAAAAAAAAAAAAAAAAAAAAAAAu7s=",
              "ordinal": "14"
            }
          ],
          "gasChanges": [
            {
              "oldValue": "500000",
              "newValue": "354000",
              "reason": "REASON_INTRINSIC_GAS",
              "ordinal": "7"
            },
            {
              "oldValue": "353880",
              "newValue": "351280",
              "reason": "REASON_STATE_COLD_ACCESS",
              "ordinal": "16"
            },
            {
              "oldValue": "353980",
              "newValue": "5348",
              "reason": "REASON_CALL",
              "ordinal": "17"
            },
            {
              "oldValue": "5348",
              "newValue": "322474",
              "reason": "REASON_REFUND_AFTER_EXECUTION",
              "ordinal": "23"
            }
          ],
          "endOrdinal": "24"
        },
        {
          "index": 2,
          "parentIndex": 1,
          "depth": 1,
          "callType": "CALL",
          "caller": "cVYrcZmYc9tbKG35V68ZnslGF/c=",
          "address": "cDxLK9cMFp9XFxAcruVDKZ/JRsc=",
          "addressDelegatesTo": "AAAAAAAAAAAAAAAAAAAAAAAAu7s=",
          "value": {
            "bytes": "AQ=="
          },
          "gasLimit": "339232",
          "gasConsumed": "22106",
          "storageChanges": [
            {
              "address": "cDxLK9cMFp9XFxAcruVDKZ/JRsc=",
              "key": "AAAAAAAAAAAAAAAAAAAAAAAAAAAAAAAAAAAAAAAAAEI=",
              "oldValue": "AAAAAAAAAAAAAAAAAAAAAAAAAAAAAAAAAAAAAAAAAAA=",
              "newValue": "AAAAAAAAAAAAAAAAAAAAAAAAAAAAAAAAAAAAAAAAAEI=",
              "ordinal": "21"
            }
          ],
          "balanceChanges": [
            {
              "address": "cVYrcZmYc9tbKG35V68ZnslGF/c=",
              "oldValue": {
                "bytes": "Dd8ozD895cA="
              },
              "newValue": {
                "bytes": "Dd8ozD895b8="
              },
              "reason": "REASON_TRANSFER",
              "ordinal": "19"
            },
            {
              "address": "cDxLK9cMFp9XFxAcruVDKZ/JRsc=",
              "oldValue": {
                "bytes": "DeC2s6dkAAA="
              },
              "newValue": {
                "bytes": "DeC2s6dkAAE="
              },
              "reason": "REASON_TRANSFER",
              "ordinal": "20"
            }
          ],
          "beginOrdinal": "18",
          "endOrdinal": "22"
        }
      ],
      "setCodeAuthorizations": [
        {
          "chainId": "AQ==",
          "nonce": "1",
          "v": 1,
          "r": "9+Pll/wJfnHtbCaxSyXlOVvIUQ1YuRNq9DnhJxXy1yE=",
          "s": "bPfD15Ob/beENz7/wOuwvXVJaRpRPzlePNq/hgJySYc=",
          "authority": "cVYrcZmYc9tbKG35V68ZnslGF/c="
        },
        {
          "r": "2uP1vwtGC/qSZin0z+PZ2kBZ/xY3445BRUpUUwr4UOc=",
          "s": "HhA+a0fj/u82ZZyD9gMoHso5vGditId+wkZrJcpo4UM=",
          "authority": "cDxLK9cMFp9XFxAcruVDKZ/JRsc="
        },
        {
          "discarded": true,
          "v": 4,
          "r": "2uP1vwtGC/qSZin0z+PZ2kBZ/xY3445BRUpUUwr4UOc=",
          "s": "HhA+a0fj/u82ZZyD9gMoHso5vGditId+wkZrJcpo4UM="
        },
        {
          "nonce": "1",
          "r": "aZRYP4l48gpWJSypjCxSptjK/kDFXmphIXOrnH6LlKs=",
          "s": "HLb0WRaaPuzez2ZbtK39Ch9vZGXNjm5AYg2i8X5MMwg=",
          "authority": "cDxLK9cMFp9XFxAcruVDKZ/JRsc="
        },
        {
          "discarded": true,
          "nonce": "1",
          "r": "aZRYP4l48gpWJSypjCxSptjK/kDFXmphIXOrnH6LlKs=",
          "s": "HLb0WRaaPuzez2ZbtK39Ch9vZGXNjm5AYg2i8X5MMwg=",
          "authority": "cDxLK9cMFp9XFxAcruVDKZ/JRsc="
        }
      ]
    }
  ],
  "systemCalls": [
    {
      "index": 1,
      "callType": "CALL",
      "caller": "//////////////////////////4=",
      "address": "AA899tcygH7xMZ+3uLuFItC+rAI=",
      "gasLimit": "30000000",
      "input": "AAAAAAAAAAAAAAAAAAAAAAAAAAAAAAAAAAAAAAAAAAA=",
      "endOrdinal": "2"
    },
    {
      "index": 1,
      "callType": "CALL",
      "caller": "//////////////////////////4=",
      "address": "AAD5CCfxxToQy3oCM1sXUyAAKTU=",
      "gasLimit": "30000000",
      "input": "pWIUj7qpHz/G8tLNdaLNz8Jr1TmoyDxTXP9TdFcxi1w=",
      "endOrdinal": "4"
    },
    {
      "index": 1,
      "callType": "CALL",
      "caller": "//////////////////////////4=",
      "address": "AAAJYe9IDrVegNGa2DV5pkwAcAI=",
      "gasLimit": "30000000",
      "endOrdinal": "29"
    },
    {
      "index": 1,
      "callType": "CALL",
      "caller": "//////////////////////////4=",
      "address": "AAC73cfOSIZC+1efiwDzpZAAclE=",
      "gasLimit": "30000000",
      "endOrdinal": "31"
    }
  ],
  "ver": 3
}