{
  "hash": "Hlau1KLprrOkaDe4TNZdPEoXeJ4UGEL1PwUY/qq+/rk=",
  "number": "2",
  "size": "717",
  "header": {
    "parentHash": "tNKSM8SZPvaEgBA4yUj9YayXYYuXnLCuHx5oWJwVOhw=",
    "uncleHash": "HcxN6N7HXXqrhbVntszUGtMSRRuUinQT8KFC/UDUk0c=",
    "coinbase": "AAAAAAAAAAAAAAAAAAAAAAAAqqo=",
    "stateRoot": "C/zDETYPAXEFuq3RDENkXppoaNjfcWKHhIQqZGC0D5c=",
    "transactionsRoot": "5SXnkgZs4gKgt8t4GTnSeoV1i17zHn3xbZXSln9fd2E=",
    "receiptRoot": "TaaZwIwiwzd65OYkLzazOIYrFN0/DnyXzNqaA/dY3pQ=",
    "logsBloom": "AAAAAAAAAAAAAAAAAAAAAAAAAAAAAAAAAAAAAAAAAAAAAAAAAAAAAAAAAAAAAAAAAAAAAAAAAAAAAAAAAAAAAAAAAAAAAAAAAAAAAAAAAAAAAAAAAAAAAAAAAAAAAAAAAAAAAAAAAAAAAAAAAAAAAAAAAAAAAAAAAAAAAAAAAAAAAAAAAAAAAAAAAAAAAAAAAAAAAAAAAAAAAAAAAAAAAAAAAAAAAAAAAAAAAAAAAAAAAAAAAAAAAAAAAAAAAAAAAAAAAAAAAAAAAAAAAAAAAAAAAAAAAAAAAAAAAAAAAAAAAAAAAAAAAAAAAAAAAAAAAAAAAAAAAAAAAAAAAAAAAA==",
    "difficulty": {
      "bytes": "AA=="
    },
    "number": "2",
    "gasLimit": "4712388",
    "gasUsed": "35126",
    "timestamp": "1970-01-01T00:00:20Z",
    "mixHash": "AAAAAAAAAAAAAAAAAAAAAAAAAAAAAAAAAAAAAAAAAAA=",
    "hash": "Hlau1KLprrOkaDe4TNZdPEoXeJ4UGEL1PwUY/qq+/rk=",
    "baseFeePerGas": {
      "bytes": "LgcbLA=="
    },
    "withdrawalsRoot": "VugfFxvMVab/g0XmksD4bltI4BuZbK3AAWIvteNjtCE=",
    "blobGasUsed": "0",
    "excessBlobGas": "0",
    "parentBeaconRoot": "AAAAAAAAAAAAAAAAAAAAAAAAAAAAAAAAAAAAAAAAAAA=",
    "requestsHash": "47DEQpj8HBSa+/TImW+5JCeuQeRkm5NMpJWZG3hSuFU="
  },
  "transactionTraces": [
    {
      "to": "cVYrcZmYc9tbKG35V68ZnslGF/c=",
      "nonce": "2",
      "gasPrice": {
        "bytes": "dGpSiAA="
      },
      "gasLimit": "500000",
      "v": "JQ==",
      "r": "llnySTXnLA5URm+RriiJTQ4gvkdUifLtVOIyBCpDFTw=",
      "s": "SsqOfVDTp1cpwvz0g4nLhIzrWRGwh0Jgz4l9GK/UHbE=",
      "gasUsed": "35126",
      "hash": "TNmQOfjPE0jeas0eba+xGMaitDgyCOKmvNIBapciCiE=",
      "from": "cVYrcZmYc9tbKG35V68ZnslGF/c=",
      "beginOrdinal": "5",
      "endOrdinal": "21",
      "status": "SUCCEEDED",
      "receipt": {
        "cumulativeGasUsed": "35126",
        "logsBloom": "AAAAAAAAAAAAAAAAAAAAAAAAAAAAAAAAAAAAAAAAAAAAAAAAAAAAAAAAAAAAAAAAAAAAAAAAAAAAAAAAAAAAAAAAAAAAAAAAAAAAAAAAAAAAAAAAAAAAAAAAAAAAAAAAAAAAAAAAAAAAAAAAAAAAAAAAAAAAAAAAAAAAAAAAAAAAAAAAAAAAAAAAAAAAAAAAAAAAAAAAAAAAAAAAAAAAAAAAAAAAAAAAAAAAAAAAAAAAAAAAAAAAAAAAAAAAAAAAAAAAAAAAAAAAAAAAAAAAAAAAAAAAAAAAAAAAAAAAAAAAAAAAAAAAAAAAAAAAAAAAAAAAAAAAAAAAAAAAAAAAAA=="
      },
      "calls": [
        {
          "index": 1,
          "callType": "CALL",
          "caller": "cVYrcZmYc9tbKG35V68ZnslGF/c=",
          "address": "cVYrcZmYc9tbKG35V68ZnslGF/c=",
          "addressDelegatesTo": "AAAAAAAAAAAAAAAAAAAAAAAAqqo=",
          "gasLimit": "479000",
          "gasConsumed": "14126",
          "balanceChanges": [
            {
              "address": "cVYrcZmYc9tbKG35V68ZnslGF/c=",
              "oldValue": {
                "bytes": "DeBFrisGZrU="
              },
              "newValue": {
                "bytes": "CmgYAUEtZrU="
              },
              "reason": "REASON_GAS_BUY",
              "ordinal": "6"
            },
            {
              "address": "cVYrcZmYc9tbKG35V68ZnslGF/c=",
              "oldValue": {
                "bytes": "CmgYAUEtZrQ="
              },
              "newValue": {
                "bytes": "DaHgOZLVtrQ="
              },
              "reason": "REASON_GAS_REFUND",
              "ordinal": "19"
            },
            {
              "address": "AAAAAAAAAAAAAAAAAAAAAAAAqqo=",
              "oldValue": {
                "bytes": "BFWK"
              },
              "newValue": {
                "bytes": "PkzJFSq+Qg=="
              },
              "reason": "REASON_REWARD_TRANSACTION_FEE",
              "ordinal": "20"
            }
          ],
          "nonceChanges": [
            {
              "address": "cVYrcZmYc9tbKG35V68ZnslGF/c=",
              "oldValue": "2",
              "newValue": "3",
              "ordinal": "8"
            }
          ],
          "gasChanges": [
            {
              "oldValue": "500000",
              "newValue": "479000",
              "reason": "REASON_INTRINSIC_GAS",
              "ordinal": "7"
            },
            {
              "oldValue": "478880",
              "newValue": "476380",
              "reason": "REASON_STATE_COLD_ACCESS",
              "ordinal": "10"
            },
            {
              "oldValue": "476380",
              "newValue": "473780",
              "reason": "REASON_STATE_COLD_ACCESS",
              "ordinal": "11"
            },
            {
              "oldValue": "478980",
              "newValue": "7262",
              "reason": "REASON_CALL",
              "ordinal": "12"
            },
            {
              "oldValue": "7262",
              "newValue": "464874",
              "reason": "REASON_REFUND_AFTER_EXECUTION",
              "ordinal": "17"
            }
          ],
          "endOrdinal": "18"
        },
        {
          "index": 2,
          "parentIndex": 1,
          "depth": 1,
          "callType": "CALL",
          "caller": "cVYrcZmYc9tbKG35V68ZnslGF/c=",
          "address": "cDxLK9cMFp9XFxAcruVDKZ/JRsc=",
          "addressDelegatesTo": "AAAAAAAAAAAAAAAAAAAAAAAAu7s=",
          "value": {
            "bytes": "AQ=="
          },
          "gasLimit": "459818",
          "gasConsumed": "2206",
          "balanceChanges": [
            {
              "address": "cVYrcZmYc9tbKG35V68ZnslGF/c=",
              "oldValue": {
                "bytes": "CmgYAUEtZrU="
              },
              "newValue": {
                "bytes": "CmgYAUEtZrQ="
              },
              "reason": "REASON_TRANSFER",
              "ordinal": "14"
            },
            {
              "address": "cDxLK9cMFp9XFxAcruVDKZ/JRsc=",
              "oldValue": {
                "bytes": "DeC2s6dkAAE="
              },
              "newValue": {
                "bytes": "DeC2s6dkAAI="
              },
              "reason": "REASON_TRANSFER",
              "ordinal": "15"
            }
          ],
          "beginOrdinal": "13",
          "endOrdinal": "16"
        }
      ]
    }
  ],
  "systemCalls": [
    {
      "index": 1,
      "callType": "CALL",
      "caller": "//////////////////////////4=",
      "address": "AA899tcygH7xMZ+3uLuFItC+rAI=",
      "gasLimit": "30000000",
      "input": "AAAAAAAAAAAAAAAAAAAAAAAAAAAAAAAAAAAAAAAAAAA=",
      "endOrdinal": "2"
    },
    {
      "index": 1,
      "callType": "CALL",
      "caller": "//////////////////////////4=",
      "address": "AAD5CCfxxToQy3oCM1sXUyAAKTU=",
      "gasLimit": "30000000",
      "input": "tNKSM8SZPvaEgBA4yUj9YayXYYuXnLCuHx5oWJwVOhw=",
      "endOrdinal": "4"
    },
    {
      "index": 1,
      "callType": "CALL",
      "caller": "//////////////////////////4=",
      "address": "AAAJYe9IDrVegNGa2DV5pkwAcAI=",
      "gasLimit": "30000000",
      "endOrdinal": "23"
    },
    {
      "index": 1,
      "callType": "CALL",
      "caller": "//////////////////////////4=",
      "address": "AAC73cfOSIZC+1efiwDzpZAAclE=",
      "gasLimit": "30000000",
      "endOrdinal": "25"
    }
  ],
  "ver": 3
}