{
  "hash": "lnZNsujGZsK3octVtb7QxbNPk9VVTxux2FthlTsFpdY=",
  "header": {
    "baseFeePerGas": {
      "bytes": "NCdwwA=="
    },
    "blobGasUsed": "0",
    "coinbase": "AAAAAAAAAAAAAAAAAAAAAAAAqqo=",
    "difficulty": {
      "bytes": "AA=="
    },
    "excessBlobGas": "0",
    "gasLimit": "4712388",
    "gasUsed": "142021",
    "hash": "lnZNsujGZsK3octVtb7QxbNPk9VVTxux2FthlTsFpdY=",
    "logsBloom": "AAAAAAAAAAAAAAAAAAAAAAAAAAAAAAAAAAAAAABAAAAAAAAAAAAAAAAAABAAAAAAAACAAAAAAAAAAAAAAAAAAAAAAAAAAAAAAAAAAAAAAIAAAAAAAAAAAAABAAAAIAAAAAAAAAAAAAAAAAAAAQAAAAAAAAAAAAAAgAAAAAAAAAAAAAAAAAAAAABAAAAAAAAAAAAAAAAAAAAAAAAAAAAAACAAAAAAIAAAAAAAAAAAAAAAAAAAAAAAAAAAAAAAAABAAAAAAAAAAAAAAYAEAAAAAAABAAAAAIAAABCAAAAAAAAAAAAAAAAAAAAAAAAAAAAAAAAAIAAAAAAAAAAAABAAAA==",
    "mixHash": "AAAAAAAAAAAAAAAAAAAAAAAAAAAAAAAAAAAAAAAAAAA=",
    "number": "1",
    "parentBeaconRoot": "AAAAAAAAAAAAAAAAAAAAAAAAAAAAAAAAAAAAAAAAAAA=",
    "parentHash": "82yxkioSq/9MW5rwTIAGeNw/q+7LtEOrCPZ+DAi+xck=",
    "receiptRoot": "EJuqiHlTZ3at6tzpmvfVOsHwTt6ppN5AKk9QBp6GWOk=",
    "stateRoot": "EFV5vlGgHBNp1IlXbRJXgx7I89XB19UrSD4L6wEu03k=",
    "timestamp": "1970-01-01T00:00:10Z",
    "transactionsRoot": "L6HG4v+Zoguv352C8ZdQGQ4tE5BJdzCJVbfWBHMquN0=",
    "uncleHash": "HcxN6N7HXXqrhbVntszUGtMSRRuUinQT8KFC/UDUk0c=",
    "withdrawalsRoot": "VugfFxvMVab/g0XmksD4bltI4BuZbK3AAWIvteNjtCE="
  },
  "number": "1",
  "size": "1157",
  "systemCalls": [
    {
      "address": "AA899tcygH7xMZ+3uLuFItC+rAI=",
      "beginOrdinal": "1",
      "callType": "CALL",
      "caller": "//////////////////////////4=",
      "endOrdinal": "2",
      "gasLimit": "30000000",
      "index": 1,
      "input": "AAAAAAAAAAAAAAAAAAAAAAAAAAAAAAAAAAAAAAAAAAA="
    },
    {
      "address": "AAD5CCfxxToQy3oCM1sXUyAAKTU=",
      "beginOrdinal": "3",
      "callType": "CALL",
      "caller": "//////////////////////////4=",
      "endOrdinal": "4",
      "gasLimit": "30000000",
      "index": 1,
      "input": "82yxkioSq/9MW5rwTIAGeNw/q+7LtEOrCPZ+DAi+xck="
    }
  ],
  "transactionTraces": [
    {
      "beginOrdinal": "1",
      "calls": [
        {
          "accountCreations": [
            {
              "account": "AAAAAAAAAAAAAAAAAAAAAAAA3q0=",
              "ordinal": "23"
            }
          ],
          "address": "cVYrcZmYc9tbKG35V68ZnslGF/c=",
          "addressDelegatesTo": "AAAAAAAAAAAAAAAAAAAAAAAAqqo=",
          "balanceChanges": [
            {
              "address": "cVYrcZmYc9tbKG35V68ZnslGF/c=",
              "newValue": {
                "bytes": "Dd8ozD895cA="
              },
              "oldValue": {
                "bytes": "DeC2s6dkAAA="
              },
              "ordinal": "2",
              "reason": "REASON_GAS_BUY"
            },
            {
              "address": "cVYrcZmYc9tbKG35V68ZnslGF/c=",
              "newValue": {
                "bytes": "DeBFrisGZrU="
              },
              "oldValue": {
                "bytes": "Dd8ozD895b8="
              },
              "ordinal": "22",
              "reason": "REASON_GAS_REFUND"
            },
            {
              "address": "AAAAAAAAAAAAAAAAAAAAAAAA3q0=",
              "newValue": {
                "bytes": "cQV8WUPA"
              },
              "ordinal": "24",
              "reason": "REASON_BURN"
            },
            {
              "address": "AAAAAAAAAAAAAAAAAAAAAAAAqqo=",
              "newValue": {
                "bytes": "BFWK"
              },
              "ordinal": "25",
              "reason": "REASON_REWARD_TRANSACTION_FEE"
            }
          ],
          "callType": "CALL",
          "caller": "cVYrcZmYc9tbKG35V68ZnslGF/c=",
          "codeChanges": [
            {
              "address": "cVYrcZmYc9tbKG35V68ZnslGF/c=",
              "newCode": "7wEAAAAAAAAAAAAAAAAAAAAAAAAAqqo=",
              "newHash": "6BOVhfT5ksAf8bXRTf8FXcJyKhFA0Cb18MtIsAn1Z9o=",
              "oldHash": "xdJGAYb3IzySfn2y3McDwOUAtlPKgic7e/rYBF2FpHA=",
              "ordinal": "6"
            },
            {
              "address": "cDxLK9cMFp9XFxAcruVDKZ/JRsc=",
              "newCode": "7wEAAAAAAAAAAAAAAAAAAAAAAAAAzMw=",
              "newHash": "2nRj6FdgztYMKwAqS2x5e7pQdCMd4bTSeffx8pbIFmU=",
              "oldHash": "xdJGAYb3IzySfn2y3McDwOUAtlPKgic7e/rYBF2FpHA=",
              "ordinal": "8"
            },
            {
              "address": "cDxLK9cMFp9XFxAcruVDKZ/JRsc=",
              "newCode": "7wEAAAAAAAAAAAAAAAAAAAAAAAAAu7s=",
              "newHash": "0mhxQ0BYDv3haWHrT7NIuLWUSlfUHjFwuLM/8Jt1SXA=",
              "oldCode": "7wEAAAAAAAAAAAAAAAAAAAAAAAAAzMw=",
              "oldHash": "2nRj6FdgztYMKwAqS2x5e7pQdCMd4bTSeffx8pbIFmU=",
              "ordinal": "10"
            }
          ],
          "endOrdinal": "21",
          "gasChanges": [
            {
              "newValue": "354000",
              "oldValue": "500000",
              "ordinal": "3",
              "reason": "REASON_INTRINSIC_GAS"
            },
            {
              "newValue": "351280",
              "oldValue": "353880",
              "ordinal": "12",
              "reason": "REASON_STATE_COLD_ACCESS"
            },
            {
              "newValue": "5348",
              "oldValue": "353980",
              "ordinal": "13",
              "reason": "REASON_CALL"
            },
            {
              "newValue": "322474",
              "oldValue": "5348",
              "ordinal": "20",
              "reason": "REASON_REFUND_AFTER_EXECUTION"
            }
          ],
          "gasConsumed": "31526",
          "gasLimit": "354000",
          "index": 1,
          "logs": [
            {
              "address": "AAAAAAAAAAAAAAAAAAAAAAAAEBA=",
              "blockIndex": 1,
              "data": "AAAAAAAAAAAAAAAAAAAAAAAAAAAAAAAAAAAAAAAEVYoAAAAAAAAAAAAAAAAAAAAAAAAAAAAAAAAN4Lazp2QAAAAAAAAAAAAAAAAAAAAAAAAAAAAAAAAAAAAAAAAAAAAAAAAAAAAAAAAAAAAAAAAAAAAAAAAAAAAADeC2s6dfqnYAAAAAAAAAAAAAAAAAAAAAAAAAAAAAAAAAAAAAAARVig==",
              "index": 1,
              "ordinal": "26",
              "topics": [
                "Tf4bu88Hfdw+ASke6i1ccMK0IrQV2VZFua3P1njLHWM=",
                "AAAAAAAAAAAAAAAAAAAAAAAAAAAAAAAAAAAAAAAAEBA=",
                "AAAAAAAAAAAAAAAAcVYrcZmYc9tbKG35V68ZnslGF/c=",
                "AAAAAAAAAAAAAAAAAAAAAAAAAAAAAAAAAAAAAAAAqqo="
              ]
            }
          ],
          "nonceChanges": [
            {
              "address": "cVYrcZmYc9tbKG35V68ZnslGF/c=",
              "newValue": "1",
              "ordinal": "4"
            },
            {
              "address": "cVYrcZmYc9tbKG35V68ZnslGF/c=",
              "newValue": "2",
              "oldValue": "1",
              "ordinal": "5"
            },
            {
              "address": "cDxLK9cMFp9XFxAcruVDKZ/JRsc=",
              "newValue": "1",
              "ordinal": "7"
            },
            {
              "address": "cDxLK9cMFp9XFxAcruVDKZ/JRsc=",
              "newValue": "2",
              "oldValue": "1",
              "ordinal": "9"
            }
          ]
        },
        {
          "address": "cDxLK9cMFp9XFxAcruVDKZ/JRsc=",
          "addressDelegatesTo": "AAAAAAAAAAAAAAAAAAAAAAAAu7s=",
          "balanceChanges": [
            {
              "address": "cVYrcZmYc9tbKG35V68ZnslGF/c=",
              "newValue": {
                "bytes": "Dd8ozD895b8="
              },
              "oldValue": {
                "bytes": "Dd8ozD895cA="
              },
              "ordinal": "15",
              "reason": "REASON_TRANSFER"
            },
            {
              "address": "cDxLK9cMFp9XFxAcruVDKZ/JRsc=",
              "newValue": {
                "bytes": "DeC2s6dkAAE="
              },
              "oldValue": {
                "bytes": "DeC2s6dkAAA="
              },
              "ordinal": "16",
              "reason": "REASON_TRANSFER"
            }
          ],
          "beginOrdinal": "14",
          "callType": "CALL",
          "caller": "cVYrcZmYc9tbKG35V68ZnslGF/c=",
          "depth": 1,
          "endOrdinal": "19",
          "gasConsumed": "22106",
          "gasLimit": "339232",
          "index": 2,
          "logs": [
            {
              "address": "AAAAAAAAAAAAAAAAAAAAAAAAEBA=",
              "data": "AAAAAAAAAAAAAAAAAAAAAAAAAAAAAAAAAAAAAAAAAAEAAAAAAAAAAAAAAAAAAAAAAAAAAAAAAAAN3yjMPz3lwAAAAAAAAAAAAAAAAAAAAAAAAAAAAAAAAA3gtrOnZAAAAAAAAAAAAAAAAAAAAAAAAAAAAAAAAAAADd8ozD895b8AAAAAAAAAAAAAAAAAAAAAAAAAAAAAAAAN4Lazp2QAAQ==",
              "ordinal": "17",
              "topics": [
                "5kl+PuVIozchNq8vywaW2zH8bPICYHB2RQaL0/6X88Q=",
                "AAAAAAAAAAAAAAAAAAAAAAAAAAAAAAAAAAAAAAAAEBA=",
                "AAAAAAAAAAAAAAAAcVYrcZmYc9tbKG35V68ZnslGF/c=",
                "AAAAAAAAAAAAAAAAcDxLK9cMFp9XFxAcruVDKZ/JRsc="
              ]
            }
          ],
          "parentIndex": 1,
          "storageChanges": [
            {
              "address": "cDxLK9cMFp9XFxAcruVDKZ/JRsc=",
              "key": "AAAAAAAAAAAAAAAAAAAAAAAAAAAAAAAAAAAAAAAAAEI=",
              "newValue": "AAAAAAAAAAAAAAAAAAAAAAAAAAAAAAAAAAAAAAAAAEI=",
              "oldValue": "AAAAAAAAAAAAAAAAAAAAAAAAAAAAAAAAAAAAAAAAAAA=",
              "ordinal": "18"
            }
          ],
          "value": {
            "bytes": "AQ=="
          }
        }
      ],
      "endOrdinal": "27",
      "from": "cVYrcZmYc9tbKG35V68ZnslGF/c=",
      "gasLimit": "500000",
      "gasPrice": {
        "bytes": "NCdwwg=="
      },
      "gasUsed": "142021",
      "hash": "alLg5Yk4t0M/5q97S3ye+D/U/jP60tAc1kNI8q4G+G0=",
      "maxFeePerGas": {
        "bytes": "ASoF8gA="
      },
      "maxPriorityFeePerGas": {
        "bytes": "Ag=="
      },
      "r": "E2l+Qpz16QzQhLJM+8gu8vd/lpMS1JAC0/hIlSNzFeg=",
      "receipt": {
        "cumulativeGasUsed": "142021",
        "logs": [
          {
            "address": "AAAAAAAAAAAAAAAAAAAAAAAAEBA=",
            "data": "AAAAAAAAAAAAAAAAAAAAAAAAAAAAAAAAAAAAAAAAAAEAAAAAAAAAAAAAAAAAAAAAAAAAAAAAAAAN3yjMPz3lwAAAAAAAAAAAAAAAAAAAAAAAAAAAAAAAAA3gtrOnZAAAAAAAAAAAAAAAAAAAAAAAAAAAAAAAAAAADd8ozD895b8AAAAAAAAAAAAAAAAAAAAAAAAAAAAAAAAN4Lazp2QAAQ==",
            "ordinal": "17",
            "topics": [
              "5kl+PuVIozchNq8vywaW2zH8bPICYHB2RQaL0/6X88Q=",
              "AAAAAAAAAAAAAAAAAAAAAAAAAAAAAAAAAAAAAAAAEBA=",
              "AAAAAAAAAAAAAAAAcVYrcZmYc9tbKG35V68ZnslGF/c=",
              "AAAAAAAAAAAAAAAAcDxLK9cMFp9XFxAcruVDKZ/JRsc="
            ]
          },
          {
            "address": "AAAAAAAAAAAAAAAAAAAAAAAAEBA=",
            "blockIndex": 1,
            "data": "AAAAAAAAAAAAAAAAAAAAAAAAAAAAAAAAAAAAAAAEVYoAAAAAAAAAAAAAAAAAAAAAAAAAAAAAAAAN4Lazp2QAAAAAAAAAAAAAAAAAAAAAAAAAAAAAAAAAAAAAAAAAAAAAAAAAAAAAAAAAAAAAAAAAAAAAAAAAAAAADeC2s6dfqnYAAAAAAAAAAAAAAAAAAAAAAAAAAAAAAAAAAAAAAARVig==",
            "index": 1,
            "ordinal": "26",
            "topics": [
              "Tf4bu88Hfdw+ASke6i1ccMK0IrQV2VZFua3P1njLHWM=",
              "AAAAAAAAAAAAAAAAAAAAAAAAAAAAAAAAAAAAAAAAEBA=",
              "AAAAAAAAAAAAAAAAcVYrcZmYc9tbKG35V68ZnslGF/c=",
              "AAAAAAAAAAAAAAAAAAAAAAAAAAAAAAAAAAAAAAAAqqo="
            ]
          }
        ],
        "logsBloom": "AAAAAAAAAAAAAAAAAAAAAAAAAAAAAAAAAAAAAABAAAAAAAAAAAAAAAAAABAAAAAAAACAAAAAAAAAAAAAAAAAAAAAAAAAAAAAAAAAAAAAAIAAAAAAAAAAAAABAAAAIAAAAAAAAAAAAAAAAAAAAQAAAAAAAAAAAAAAgAAAAAAAAAAAAAAAAAAAAABAAAAAAAAAAAAAAAAAAAAAAAAAAAAAACAAAAAAIAAAAAAAAAAAAAAAAAAAAAAAAAAAAAAAAABAAAAAAAAAAAAAAYAEAAAAAAABAAAAAIAAABCAAAAAAAAAAAAAAAAAAAAAAAAAAAAAAAAAIAAAAAAAAAAAABAAAA=="
      },
      "s": "N9pmx9wBwi0vXsT283fImtj6D4zPzYK3ZFXwBhYmbBA=",
      "setCodeAuthorizations": [
        {
          "address": "AAAAAAAAAAAAAAAAAAAAAAAAqqo=",
          "authority": "cVYrcZmYc9tbKG35V68ZnslGF/c=",
          "chainId": "AQ==",
          "nonce": "1",
          "r": "9+Pll/wJfnHtbCaxSyXlOVvIUQ1YuRNq9DnhJxXy1yE=",
          "s": "bPfD15Ob/beENz7/wOuwvXVJaRpRPzlePNq/hgJySYc=",
          "v": 1
        },
        {
          "address": "AAAAAAAAAAAAAAAAAAAAAAAAzMw=",
          "authority": "cDxLK9cMFp9XFxAcruVDKZ/JRsc=",
          "r": "2uP1vwtGC/qSZin0z+PZ2kBZ/xY3445BRUpUUwr4UOc=",
          "s": "HhA+a0fj/u82ZZyD9gMoHso5vGditId+wkZrJcpo4UM="
        },
        {
          "address": "AAAAAAAAAAAAAAAAAAAAAAAAzMw=",
          "discarded": true,
          "r": "2uP1vwtGC/qSZin0z+PZ2kBZ/xY3445BRUpUUwr4UOc=",
          "s": "HhA+a0fj/u82ZZyD9gMoHso5vGditId+wkZrJcpo4UM=",
          "v": 4
        },
        {
          "address": "AAAAAAAAAAAAAAAAAAAAAAAAu7s=",
          "authority": "cDxLK9cMFp9XFxAcruVDKZ/JRsc=",
          "nonce": "1",
          "r": "aZRYP4l48gpWJSypjCxSptjK/kDFXmphIXOrnH6LlKs=",
          "s": "HLb0WRaaPuzez2ZbtK39Ch9vZGXNjm5AYg2i8X5MMwg="
        },
        {
          "address": "AAAAAAAAAAAAAAAAAAAAAAAAu7s=",
          "authority": "cDxLK9cMFp9XFxAcruVDKZ/JRsc=",
          "discarded": true,
          "nonce": "1",
          "r": "aZRYP4l48gpWJSypjCxSptjK/kDFXmphIXOrnH6LlKs=",
          "s": "HLb0WRaaPuzez2ZbtK39Ch9vZGXNjm5AYg2i8X5MMwg="
        }
      ],
      "status": "SUCCEEDED",
      "to": "cVYrcZmYc9tbKG35V68ZnslGF/c=",
      "type": "TRX_TYPE_SET_CODE"
    }
  ],
  "ver": 3
}