{
  "hash": "Gv/8rxPs41NSjA5ZsmZNgeXPWPT8V6320AX3kRJrhXs=",
  "header": {
    "baseFeePerGas": {
      "bytes": "LgcbLA=="
    },
    "blobGasUsed": "0",
    "coinbase": "AAAAAAAAAAAAAAAAAAAAAAAAqqo=",
    "difficulty": {
      "bytes": "AA=="
    },
    "excessBlobGas": "0",
    "gasLimit": "4712388",
    "gasUsed": "35126",
    "hash": "Gv/8rxPs41NSjA5ZsmZNgeXPWPT8V6320AX3kRJrhXs=",
    "logsBloom": "AAAAAAAAAAAAAAAAAAAAAAAAAAAAAAAAAAAAAABAAAAAAAAAAAAAAAAAABAAAAAAAACAAAAAAAAAAAAAAAAAAAAAAAAAAAAAAAAAAAAAAIAAAAAAAAAAAAABAAAAIAAAAAAAAAAAAAAAAAAAAQAAAAAAAAAAAAAAgAAAAAAAAAAAAAAAAAAAAABAAAAAAAAAAAAAAAAAAAAAAAAAAAAAACAAAAAAIAAAAAAAAAAAAAAAAAAAAAAAAAAAAAAAAABAAAAAAAAAAAAAAYAEAAAAAAABAAAAAIAAABCAAAAAAAAAAAAAAAAAAAAAAAAAAAAAAAAAIAAAAAAAAAAAABAAAA==",
    "mixHash": "AAAAAAAAAAAAAAAAAAAAAAAAAAAAAAAAAAAAAAAAAAA=",
    "number": "2",
    "parentBeaconRoot": "AAAAAAAAAAAAAAAAAAAAAAAAAAAAAAAAAAAAAAAAAAA=",
    "parentHash": "lnZNsujGZsK3octVtb7QxbNPk9VVTxux2FthlTsFpdY=",
    "receiptRoot": "ZOt7KODSjyDpKMez2KZx/8kAWK3qKCHBE+/CWL8atcM=",
    "stateRoot": "Mfj/Q0MWSYBnt9nyJgpuklAsOJLPx+ARN7kqZrxmDKI=",
    "timestamp": "1970-01-01T00:00:20Z",
    "transactionsRoot": "5SXnkgZs4gKgt8t4GTnSeoV1i17zHn3xbZXSln9fd2E=",
    "uncleHash": "HcxN6N7HXXqrhbVntszUGtMSRRuUinQT8KFC/UDUk0c=",
    "withdrawalsRoot": "VugfFxvMVab/g0XmksD4bltI4BuZbK3AAWIvteNjtCE="
  },
  "number": "2",
  "size": "684",
  "systemCalls": [
    {
      "address": "AA899tcygH7xMZ+3uLuFItC+rAI=",
      "beginOrdinal": "1",
      "callType": "CALL",
      "caller": "//////////////////////////4=",
      "endOrdinal": "2",
      "gasLimit": "30000000",
      "index": 1,
      "input": "AAAAAAAAAAAAAAAAAAAAAAAAAAAAAAAAAAAAAAAAAAA="
    },
    {
      "address": "AAD5CCfxxToQy3oCM1sXUyAAKTU=",
      "beginOrdinal": "3",
      "callType": "CALL",
      "caller": "//////////////////////////4=",
      "endOrdinal": "4",
      "gasLimit": "30000000",
      "index": 1,
      "input": "lnZNsujGZsK3octVtb7QxbNPk9VVTxux2FthlTsFpdY="
    }
  ],
  "transactionTraces": [
    {
      "beginOrdinal": "1",
      "calls": [
        {
          "address": "cVYrcZmYc9tbKG35V68ZnslGF/c=",
          "addressDelegatesTo": "AAAAAAAAAAAAAAAAAAAAAAAAqqo=",
          "balanceChanges": [
            {
              "address": "cVYrcZmYc9tbKG35V68ZnslGF/c=",
              "newValue": {
                "bytes": "CmgYAUEtZrU="
              },
              "oldValue": {
                "bytes": "DeBFrisGZrU="
              },
              "ordinal": "2",
              "reason": "REASON_GAS_BUY"
            },
            {
              "address": "cVYrcZmYc9tbKG35V68ZnslGF/c=",
              "newValue": {
                "bytes": "DaHgOZLVtrQ="
              },
              "oldValue": {
                "bytes": "CmgYAUEtZrQ="
              },
              "ordinal": "16",
              "reason": "REASON_GAS_REFUND"
            },
            {
              "address": "AAAAAAAAAAAAAAAAAAAAAAAA3q0=",
              "newValue": {
                "bytes": "ibD/Y4sI"
              },
              "oldValue": {
                "bytes": "cQV8WUPA"
              },
              "ordinal": "17",
              "reason": "REASON_BURN"
            },
            {
              "address": "AAAAAAAAAAAAAAAAAAAAAAAAqqo=",
              "newValue": {
                "bytes": "PkzJFSq+Qg=="
              },
              "oldValue": {
                "bytes": "BFWK"
              },
              "ordinal": "18",
              "reason": "REASON_REWARD_TRANSACTION_FEE"
            }
          ],
          "callType": "CALL",
          "caller": "cVYrcZmYc9tbKG35V68ZnslGF/c=",
          "endOrdinal": "15",
          "gasChanges": [
            {
              "newValue": "479000",
              "oldValue": "500000",
              "ordinal": "3",
              "reason": "REASON_INTRINSIC_GAS"
            },
            {
              "newValue": "476380",
              "oldValue": "478880",
              "ordinal": "6",
              "reason": "REASON_STATE_COLD_ACCESS"
            },
            {
              "newValue": "473780",
              "oldValue": "476380",
              "ordinal": "7",
              "reason": "REASON_STATE_COLD_ACCESS"
            },
            {
              "newValue": "7262",
              "oldValue": "478980",
              "ordinal": "8",
              "reason": "REASON_CALL"
            },
            {
              "newValue": "464874",
              "oldValue": "7262",
              "ordinal": "14",
              "reason": "REASON_REFUND_AFTER_EXECUTION"
            }
          ],
          "gasConsumed": "14126",
          "gasLimit": "479000",
          "index": 1,
          "logs": [
            {
              "address": "AAAAAAAAAAAAAAAAAAAAAAAAEBA=",
              "blockIndex": 1,
              "data": "AAAAAAAAAAAAAAAAAAAAAAAAAAAAAAAAAD5MyRUmaLgAAAAAAAAAAAAAAAAAAAAAAAAAAAAAAAAN4EWuKwZmtQAAAAAAAAAAAAAAAAAAAAAAAAAAAAAAAAAAAAAABFWKAAAAAAAAAAAAAAAAAAAAAAAAAAAAAAAADaH45RXf/f0AAAAAAAAAAAAAAAAAAAAAAAAAAAAAAAAAPkzJFSq+Qg==",
              "index": 1,
              "ordinal": "19",
              "topics": [
                "Tf4bu88Hfdw+ASke6i1ccMK0IrQV2VZFua3P1njLHWM=",
                "AAAAAAAAAAAAAAAAAAAAAAAAAAAAAAAAAAAAAAAAEBA=",
                "AAAAAAAAAAAAAAAAcVYrcZmYc9tbKG35V68ZnslGF/c=",
                "AAAAAAAAAAAAAAAAAAAAAAAAAAAAAAAAAAAAAAAAqqo="
              ]
            }
          ],
          "nonceChanges": [
            {
              "address": "cVYrcZmYc9tbKG35V68ZnslGF/c=",
              "newValue": "3",
              "oldValue": "2",
              "ordinal": "4"
            }
          ]
        },
        {
          "address": "cDxLK9cMFp9XFxAcruVDKZ/JRsc=",
          "addressDelegatesTo": "AAAAAAAAAAAAAAAAAAAAAAAAu7s=",
          "balanceChanges": [
            {
              "address": "cVYrcZmYc9tbKG35V68ZnslGF/c=",
              "newValue": {
                "bytes": "CmgYAUEtZrQ="
              },
              "oldValue": {
                "bytes": "CmgYAUEtZrU="
              },
              "ordinal": "10",
              "reason": "REASON_TRANSFER"
            },
            {
              "address": "cDxLK9cMFp9XFxAcruVDKZ/JRsc=",
              "newValue": {
                "bytes": "DeC2s6dkAAI="
              },
              "oldValue": {
                "bytes": "DeC2s6dkAAE="
              },
              "ordinal": "11",
              "reason": "REASON_TRANSFER"
            }
          ],
          "beginOrdinal": "9",
          "callType": "CALL",
          "caller": "cVYrcZmYc9tbKG35V68ZnslGF/c=",
          "depth": 1,
          "endOrdinal": "13",
          "gasConsumed": "2206",
          "gasLimit": "459818",
          "index": 2,
          "logs": [
            {
              "address": "AAAAAAAAAAAAAAAAAAAAAAAAEBA=",
              "data": "AAAAAAAAAAAAAAAAAAAAAAAAAAAAAAAAAAAAAAAAAAEAAAAAAAAAAAAAAAAAAAAAAAAAAAAAAAAKaBgBQS1mtQAAAAAAAAAAAAAAAAAAAAAAAAAAAAAAAA3gtrOnZAABAAAAAAAAAAAAAAAAAAAAAAAAAAAAAAAACmgYAUEtZrQAAAAAAAAAAAAAAAAAAAAAAAAAAAAAAAAN4Lazp2QAAg==",
              "ordinal": "12",
              "topics": [
                "5kl+PuVIozchNq8vywaW2zH8bPICYHB2RQaL0/6X88Q=",
                "AAAAAAAAAAAAAAAAAAAAAAAAAAAAAAAAAAAAAAAAEBA=",
                "AAAAAAAAAAAAAAAAcVYrcZmYc9tbKG35V68ZnslGF/c=",
                "AAAAAAAAAAAAAAAAcDxLK9cMFp9XFxAcruVDKZ/JRsc="
              ]
            }
          ],
          "parentIndex": 1,
          "value": {
            "bytes": "AQ=="
          }
        }
      ],
      "endOrdinal": "20",
      "from": "cVYrcZmYc9tbKG35V68ZnslGF/c=",
      "gasLimit": "500000",
      "gasPrice": {
        "bytes": "dGpSiAA="
      },
      "gasUsed": "35126",
      "hash": "TNmQOfjPE0jeas0eba+xGMaitDgyCOKmvNIBapciCiE=",
      "nonce": "2",
      "r": "llnySTXnLA5URm+RriiJTQ4gvkdUifLtVOIyBCpDFTw=",
      "receipt": {
        "cumulativeGasUsed": "35126",
        "logs": [
          {
            "address": "AAAAAAAAAAAAAAAAAAAAAAAAEBA=",
            "data": "AAAAAAAAAAAAAAAAAAAAAAAAAAAAAAAAAAAAAAAAAAEAAAAAAAAAAAAAAAAAAAAAAAAAAAAAAAAKaBgBQS1mtQAAAAAAAAAAAAAAAAAAAAAAAAAAAAAAAA3gtrOnZAABAAAAAAAAAAAAAAAAAAAAAAAAAAAAAAAACmgYAUEtZrQAAAAAAAAAAAAAAAAAAAAAAAAAAAAAAAAN4Lazp2QAAg==",
            "ordinal": "12",
            "topics": [
              "5kl+PuVIozchNq8vywaW2zH8bPICYHB2RQaL0/6X88Q=",
              "AAAAAAAAAAAAAAAAAAAAAAAAAAAAAAAAAAAAAAAAEBA=",
              "AAAAAAAAAAAAAAAAcVYrcZmYc9tbKG35V68ZnslGF/c=",
              "AAAAAAAAAAAAAAAAcDxLK9cMFp9XFxAcruVDKZ/JRsc="
            ]
          },
          {
            "address": "AAAAAAAAAAAAAAAAAAAAAAAAEBA=",
            "blockIndex": 1,
            "data": "AAAAAAAAAAAAAAAAAAAAAAAAAAAAAAAAAD5MyRUmaLgAAAAAAAAAAAAAAAAAAAAAAAAAAAAAAAAN4EWuKwZmtQAAAAAAAAAAAAAAAAAAAAAAAAAAAAAAAAAAAAAABFWKAAAAAAAAAAAAAAAAAAAAAAAAAAAAAAAADaH45RXf/f0AAAAAAAAAAAAAAAAAAAAAAAAAAAAAAAAAPkzJFSq+Qg==",
            "index": 1,
            "ordinal": "19",
            "topics": [
              "Tf4bu88Hfdw+ASke6i1ccMK0IrQV2VZFua3P1njLHWM=",
              "AAAAAAAAAAAAAAAAAAAAAAAAAAAAAAAAAAAAAAAAEBA=",
              "AAAAAAAAAAAAAAAAcVYrcZmYc9tbKG35V68ZnslGF/c=",
              "AAAAAAAAAAAAAAAAAAAAAAAAAAAAAAAAAAAAAAAAqqo="
            ]
          }
        ],
        "logsBloom": "AAAAAAAAAAAAAAAAAAAAAAAAAAAAAAAAAAAAAABAAAAAAAAAAAAAAAAAABAAAAAAAACAAAAAAAAAAAAAAAAAAAAAAAAAAAAAAAAAAAAAAIAAAAAAAAAAAAABAAAAIAAAAAAAAAAAAAAAAAAAAQAAAAAAAAAAAAAAgAAAAAAAAAAAAAAAAAAAAABAAAAAAAAAAAAAAAAAAAAAAAAAAAAAACAAAAAAIAAAAAAAAAAAAAAAAAAAAAAAAAAAAAAAAABAAAAAAAAAAAAAAYAEAAAAAAABAAAAAIAAABCAAAAAAAAAAAAAAAAAAAAAAAAAAAAAAAAAIAAAAAAAAAAAABAAAA=="
      },
      "s": "SsqOfVDTp1cpwvz0g4nLhIzrWRGwh0Jgz4l9GK/UHbE=",
      "status": "SUCCEEDED",
      "to": "cVYrcZmYc9tbKG35V68ZnslGF/c=",
      "v": "JQ=="
    }
  ],
  "ver": 3
}