{
  "hash": "ycVHQ3rBt3mfRIpHGewnuEXRq5LmU9/i+qoNZkx0qew=",
  "header": {
    "baseFeePerGas": {
      "bytes": "kwcfxw=="
    },
    "coinbase": "Kx2Hm14QLmAWYgLeeVN7SOLxikI=",
    "difficulty": {
      "bytes": "AA=="
    },
    "gasLimit": "30000000",
    "hash": "ycVHQ3rBt3mfRIpHGewnuEXRq5LmU9/i+qoNZkx0qew=",
    "logsBloom": "AAAAAAAAAAAAAAAAAAAAAAAAAAAAAAAAAAAAAAAAAAAAAAAAAAAAAAAAAAAAAAAAAAAAAAAAAAAAAAAAAAAAAAAAAAAAAAAAAAAAAAAAAAAAAAAAAAAAAAAAAAAAAAAAAAAAAAAAAAAAAAAAAAAAAAAAAAAAAAAAAAAAAAAAAAAAAAAAAAAAAAAAAAAAAAAAAAAAAAAAAAAAAAAAAAAAAAAAAAAAAAAAAAAAAAAAAAAAAAAAAAAAAAAAAAAAAAAAAAAAAAAAAAAAAAAAAAAAAAAAAAAAAAAAAAAAAAAAAAAAAAAAAAAAAAAAAAAAAAAAAAAAAAAAAAAAAAAAAAAAAA==",
    "mixHash": "AAAAAAAAAAAAAAAAAAAAAAAAAAAAAAAAAAAAAAAAAAA=",
    "number": "1550267",
    "parentBeaconRoot": "AAAAAAAAAAAAAAAAAAAAAAAAAAAAAAAAAAAAAAAAAAA=",
    "parentHash": "Lqnb2KULZPqYeoP7inwY5jwKzNhQQaD6YS01a/i6ZrA=",
    "receiptRoot": "VugfFxvMVab/g0XmksD4bltI4BuZbK3AAWIvteNjtCE=",
    "stateRoot": "AAAAAAAAAAAAAAAAAAAAAAAAAAAAAAAAAAAAAAAAAAA=",
    "timestamp": "2024-05-15T17:12:36Z",
    "transactionsRoot": "UGovRwB9IOw9P7ACFl+hfCxFwgTa3lRZNqwqrJ0NJ20=",
    "uncleHash": "HcxN6N7HXXqrhbVntszUGtMSRRuUinQT8KFC/UDUk0c="
  },
  "number": "1550267",
  "size": "4196",
  "transactionTraces": [
    {
      "beginOrdinal": "1",
      "calls": [
        {
          "accountCreations": [
            {
              "account": "tmHJ8wNCN1AUM716ZYd4S3AgslQ=",
              "ordinal": "6"
            },
            {
              "account": "eo7Sf0wwUSMmh4ZS0g/IVydAGFQ=",
              "ordinal": "47"
            }
          ],
          "address": "tmHJ8wNCN1AUM716ZYd4S3AgslQ=",
          "balanceChanges": [
            {
              "address": "eiOPKY1V+NsnuGDv8eAtFSixZYU=",
              "newValue": {
                "bytes": "DbTWtv/L76k="
              },
              "oldValue": {
                "bytes": "Dbv1zrT3nx0="
              },
              "ordinal": "2",
              "reason": "REASON_GAS_BUY"
            },
            {
              "address": "eiOPKY1V+NsnuGDv8eAtFSixZYU=",
              "newValue": {
                "bytes": "DbTWtoh1IQk="
              },
              "oldValue": {
                "bytes": "DbTWtv/L76k="
              },
              "ordinal": "8",
              "reason": "REASON_TRANSFER"
            },
            {
              "address": "tmHJ8wNCN1AUM716ZYd4S3AgslQ=",
              "newValue": {
                "bytes": "d1bOoA=="
              },
              "ordinal": "9",
              "reason": "REASON_TRANSFER"
            },
            {
              "address": "eiOPKY1V+NsnuGDv8eAtFSixZYU=",
              "newValue": {
                "bytes": "DbTnxxILzrM="
              },
              "oldValue": {
                "bytes": "DbTWtoh1IQk="
              },
              "ordinal": "46",
              "reason": "REASON_GAS_REFUND"
            },
            {
              "address": "eo7Sf0wwUSMmh4ZS0g/IVydAGFQ=",
              "newValue": {
                "bytes": "BsOgXp1OGw=="
              },
              "ordinal": "48",
              "reason": "REASON_BURN"
            },
            {
              "address": "Kx2Hm14QLmAWYgLeeVN7SOLxikI=",
              "newValue": {
                "bytes": "3mbuD6C1qntp"
              },
              "oldValue": {
                "bytes": "3mbtxTnosse6"
              },
              "ordinal": "49",
              "reason": "REASON_REWARD_TRANSACTION_FEE"
            }
          ],
          "callType": "CREATE",
          "caller": "eiOPKY1V+NsnuGDv8eAtFSixZYU=",
          "codeChanges": [
            {
              "address": "tmHJ8wNCN1AUM716ZYd4S3AgslQ=",
              "newCode": "YIBgQFJgBDYQYQBzV181YOAcgGNN9+PQEWEATVeAY03349AUYQDcV4BjdHf3ABRhAQZXgGN7HYKcFGEBMFeAY886IX4UYQFaV2EAelZbgGMLYc1/FGEAfleAYw2+Zx8UYQCIV4BjHWPiTRRhALJXYQB6Vls2YQB6VwBbX4D9W2EAhmEBcFZbAFs0gBVhAJNXX4D9W1BhAJxhAylWW2BAUWEAqZGQYQSaVltgQFGAkQOQ81s0gBVhAL1XX4D9W1BhAMZhA0xWW2BAUWEA05GQYQTLVltgQFGAkQOQ81s0gBVhAOdXX4D9W1BhAPBhA1JWW2BAUWEA/ZGQYQSaVltgQFGAkQOQ81s0gBVhARFXX4D9W1BhARphA3dWW2BAUWEBJ5GQYQTLVltgQFGAkQOQ81s0gBVhATtXX4D9W1BhAURhA31WW2BAUWEBUZGQYQTLVltgQFGAkQOQ81s0gBVhAWVXX4D9W1BhAW5hA4NWWwBbX3+cIv9fIfC4GxE+Y/fbbalP7e8RshGbQIi4lmT7mjy2WJBQgGBAUWEBoZBhBBNWW4GQYEBRgJEDkF/1kFCAFYAVYQG+Vz1fgD49X/1bUF+AYQEACoFUgXP//////////////////////////wIZFpCDc///////////////////////////FgIXkFVQX4BUkGEBAAqQBHP//////////////////////////xZz//////////////////////////8WNGBAUWECQJBhBRFWW19gQFGAgwOBhYda8ZJQUFA9gF+BFGECeldgQFGRUGAfGWA/PQEWggFgQFI9glI9X2AghAE+YQJ/VltgYJFQW1BQUF+AVJBhAQAKkARz//////////////////////////8Wc///////////////////////////FmMPrxAhX4BUkGEBAAqQBHP//////////////////////////xZgQFGCY/////8WYOAbgVJgBAFhAvmRkGEFRVZbX2BAUYCDA4Ffh4A7FYAVYQMQV1+A/VtQWvEVgBVhAyJXPV+APj1f/VtQUFBQUFZbX4BUkGEBAAqQBHP//////////////////////////xaBVltgBVSBVltgAV+QVJBhAQAKkARz//////////////////////////8WgVZbYARUgVZbYAZUgVZbX3+cIv9fIfC4GxE+Y/fbbalP7e8RshGbQIi4lmT7mjy2WJBQgGBAUWEDtJBhBBNWW4GQYEBRgJEDkF/1kFCAFYAVYQPRVz1fgD49X/1bUF+AYQEACoFUgXP//////////////////////////wIZFpCDc///////////////////////////FgIXkFVQUFZbYQKKgGEFX4M5AZBWW19z//////////////////////////+CFpBQkZBQVltfgZBQkZBQVltfYQRiYQRdYQRYhGEEIFZbYQQ/VlthBCBWW5BQkZBQVltfYQRzgmEESFZbkFCRkFBWW19hBISCYQRpVluQUJGQUFZbYQSUgWEEelZbglJQUFZbX2AgggGQUGEErV+DAYRhBItWW5KRUFBWW1+BkFCRkFBWW2EExYFhBLNWW4JSUFBWW19gIIIBkFBhBN5fgwGEYQS8VluSkVBQVltfgZBQkpFQUFZbUFZbX2EE/F+DYQTkVluRUGEFB4JhBO5WW1+CAZBQkZBQVltfYQUbgmEE8VZbkVCBkFCRkFBWW19hBS+CYQQgVluQUJGQUFZbYQU/gWEFJVZbglJQUFZbX2AgggGQUGEFWF+DAYRhBTZWW5KRUFBW/mCAYEBSc0MAAAAAAAAAAAAAAAAAAAAAAAAAX4BhAQAKgVSBc///////////////////////////AhkWkINz//////////////////////////8WAheQVVBzeiOPKY1V+NsnuGDv8eAtFSixZYVgAV9hAQAKgVSBc///////////////////////////AhkWkINz//////////////////////////8WAheQVVA0gBVgtVdfgP1bUGEBx4BhAMNfOV/z/mCAYEBSYAQ2EGEAN1dfNWDgHIBjD68QIRRhAEJXgGMdY+JNFGEAXleAY3R39wAUYQCIV2EAPlZbNmEAPlcAW1+A/VthAFxgBIA2A4EBkGEAV5GQYQE1VlthALJWWwBbNIAVYQBpV1+A/VtQYQByYQDLVltgQFFhAH+RkGEBeFZbYEBRgJEDkPNbNIAVYQCTV1+A/VtQYQCcYQDRVltgQFFhAKmRkGEBeFZbYEBRgJEDkPNbgHP//////////////////////////xb/W2ADVIFWW2ACVIFWW1+A/Vtfc///////////////////////////ghaQUJGQUFZbX2EBBIJhANtWW5BQkZBQVlthARSBYQD6VluBFGEBHldfgP1bUFZbX4E1kFBhAS+BYQELVluSkVBQVltfYCCChAMSFWEBSldhAUlhANdWW1tfYQFXhIKFAWEBIVZbkVBQkpFQUFZbX4GQUJGQUFZbYQFygWEBYFZbglJQUFZbX2AgggGQUGEBi1+DAYRhAWlWW5KRUFBW/qJkaXBmc1giEiB4nf69TDoE8FAm15HxiG0PzBM9wtshFgRZSoALW9IyMGRzb2xjQwAIGQAzomRpcGZzWCISIL9Ul2tC0esNcimyvdSOilHtvOnMDOEu4+006a2DuQEVZHNvbGNDAAgZADM=",
              "newHash": "SCiyEasTfEh/c8vA9xQ/UVY7EnPvfmQlXKBqXUD/TxU=",
              "oldHash": "xdJGAYb3IzySfn2y3McDwOUAtlPKgic7e/rYBF2FpHA=",
              "ordinal": "44"
            }
          ],
          "endOrdinal": "45",
          "gasChanges": [
            {
              "newValue": "671148",
              "oldValue": "779146",
              "ordinal": "3",
              "reason": "REASON_INTRINSIC_GAS"
            },
            {
              "newValue": "626589",
              "oldValue": "626722",
              "ordinal": "13",
              "reason": "REASON_CODE_COPY"
            },
            {
              "newValue": "594380",
              "oldValue": "626548",
              "ordinal": "14",
              "reason": "REASON_CONTRACT_CREATION2"
            },
            {
              "newValue": "9287",
              "oldValue": "594380",
              "ordinal": "15",
              "reason": "REASON_CONTRACT_CREATION2"
            },
            {
              "newValue": "458909",
              "oldValue": "9287",
              "ordinal": "26",
              "reason": "REASON_REFUND_AFTER_EXECUTION"
            },
            {
              "newValue": "6675",
              "oldValue": "436353",
              "ordinal": "28",
              "reason": "REASON_CALL"
            },
            {
              "newValue": "429498",
              "oldValue": "6675",
              "ordinal": "34",
              "reason": "REASON_REFUND_AFTER_EXECUTION"
            },
            {
              "newValue": "6698",
              "oldValue": "428786",
              "ordinal": "35",
              "reason": "REASON_CALL"
            },
            {
              "newValue": "423285",
              "oldValue": "6698",
              "ordinal": "41",
              "reason": "REASON_REFUND_AFTER_EXECUTION"
            },
            {
              "newValue": "422895",
              "oldValue": "423220",
              "ordinal": "42",
              "reason": "REASON_CODE_COPY"
            },
            {
              "newValue": "7293",
              "oldValue": "422893",
              "ordinal": "43",
              "reason": "REASON_CODE_STORAGE"
            }
          ],
          "gasConsumed": "663855",
          "gasLimit": "671148",
          "index": 1,
          "logs": [
            {
              "address": "AAAAAAAAAAAAAAAAAAAAAAAAEBA=",
              "data": "AAAAAAAAAAAAAAAAAAAAAAAAAAAAAAAAAAAAAHdWzqAAAAAAAAAAAAAAAAAAAAAAAAAAAAAAAAANtNa2/8vvqQAAAAAAAAAAAAAAAAAAAAAAAAAAAAAAAAAAAAAAAAAAAAAAAAAAAAAAAAAAAAAAAAAAAAAAAAAADbTWtoh1IQkAAAAAAAAAAAAAAAAAAAAAAAAAAAAAAAAAAAAAd1bOoA==",
              "ordinal": "10",
              "topics": [
                "5kl+PuVIozchNq8vywaW2zH8bPICYHB2RQaL0/6X88Q=",
                "AAAAAAAAAAAAAAAAAAAAAAAAAAAAAAAAAAAAAAAAEBA=",
                "AAAAAAAAAAAAAAAAeiOPKY1V+NsnuGDv8eAtFSixZYU=",
                "AAAAAAAAAAAAAAAAtmHJ8wNCN1AUM716ZYd4S3AgslQ="
              ]
            },
            {
              "address": "AAAAAAAAAAAAAAAAAAAAAAAAEBA=",
              "blockIndex": 2,
              "data": "AAAAAAAAAAAAAAAAAAAAAAAAAAAAAAAAAABKZsz3s68AAAAAAAAAAAAAAAAAAAAAAAAAAAAAAAANu/XOtPefHQAAAAAAAAAAAAAAAAAAAAAAAAAAAAAA3mbtxTnosse6AAAAAAAAAAAAAAAAAAAAAAAAAAAAAAAADburZ+f/624AAAAAAAAAAAAAAAAAAAAAAAAAAAAAAN5m7g+gtap7aQ==",
              "index": 2,
              "ordinal": "50",
              "topics": [
                "Tf4bu88Hfdw+ASke6i1ccMK0IrQV2VZFua3P1njLHWM=",
                "AAAAAAAAAAAAAAAAAAAAAAAAAAAAAAAAAAAAAAAAEBA=",
                "AAAAAAAAAAAAAAAAeiOPKY1V+NsnuGDv8eAtFSixZYU=",
                "AAAAAAAAAAAAAAAAKx2Hm14QLmAWYgLeeVN7SOLxikI="
              ]
            }
          ],
          "nonceChanges": [
            {
              "address": "eiOPKY1V+NsnuGDv8eAtFSixZYU=",
              "newValue": "9",
              "oldValue": "8",
              "ordinal": "5"
            },
            {
              "address": "tmHJ8wNCN1AUM716ZYd4S3AgslQ=",
              "newValue": "1",
              "ordinal": "7"
            }
          ],
          "storageChanges": [
            {
              "address": "tmHJ8wNCN1AUM716ZYd4S3AgslQ=",
              "key": "AAAAAAAAAAAAAAAAAAAAAAAAAAAAAAAAAAAAAAAAAAI=",
              "newValue": "AAAAAAAAAAAAAAAAQwAAAAAAAAAAAAAAAAAAAAAAAAA=",
              "oldValue": "AAAAAAAAAAAAAAAAAAAAAAAAAAAAAAAAAAAAAAAAAAA=",
              "ordinal": "11"
            },
            {
              "address": "tmHJ8wNCN1AUM716ZYd4S3AgslQ=",
              "key": "AAAAAAAAAAAAAAAAAAAAAAAAAAAAAAAAAAAAAAAAAAM=",
              "newValue": "AAAAAAAAAAAAAAAAeiOPKY1V+NsnuGDv8eAtFSixZYU=",
              "oldValue": "AAAAAAAAAAAAAAAAAAAAAAAAAAAAAAAAAAAAAAAAAAA=",
              "ordinal": "12"
            },
            {
              "address": "tmHJ8wNCN1AUM716ZYd4S3AgslQ=",
              "key": "AAAAAAAAAAAAAAAAAAAAAAAAAAAAAAAAAAAAAAAAAAA=",
              "newValue": "AAAAAAAAAAAAAAAAVmsCLVeUvExlb0NlkADTCzuyRWs=",
              "oldValue": "AAAAAAAAAAAAAAAAAAAAAAAAAAAAAAAAAAAAAAAAAAA=",
              "ordinal": "27"
            }
          ],
          "value": {
            "bytes": "d1bOoA=="
          }
        },
        {
          "accountCreations": [
            {
              "account": "VmsCLVeUvExlb0NlkADTCzuyRWs=",
              "ordinal": "18"
            }
          ],
          "address": "VmsCLVeUvExlb0NlkADTCzuyRWs=",
          "beginOrdinal": "16",
          "callType": "CREATE",
          "caller": "tmHJ8wNCN1AUM716ZYd4S3AgslQ=",
          "codeChanges": [
            {
              "address": "VmsCLVeUvExlb0NlkADTCzuyRWs=",
              "newCode": "YIBgQFJgBDYQYQA3V181YOAcgGMPrxAhFGEAQleAYx1j4k0UYQBeV4BjdHf3ABRhAIhXYQA+Vls2YQA+VwBbX4D9W2EAXGAEgDYDgQGQYQBXkZBhATVWW2EAslZbAFs0gBVhAGlXX4D9W1BhAHJhAMtWW2BAUWEAf5GQYQF4VltgQFGAkQOQ81s0gBVhAJNXX4D9W1BhAJxhANFWW2BAUWEAqZGQYQF4VltgQFGAkQOQ81uAc///////////////////////////Fv9bYANUgVZbYAJUgVZbX4D9W19z//////////////////////////+CFpBQkZBQVltfYQEEgmEA21ZbkFCRkFBWW2EBFIFhAPpWW4EUYQEeV1+A/VtQVltfgTWQUGEBL4FhAQtWW5KRUFBWW19gIIKEAxIVYQFKV2EBSWEA11ZbW19hAVeEgoUBYQEhVluRUFCSkVBQVltfgZBQkZBQVlthAXKBYQFgVluCUlBQVltfYCCCAZBQYQGLX4MBhGEBaVZbkpFQUFb+omRpcGZzWCISIHid/r1MOgTwUCbXkfGIbQ/MEz3C2yEWBFlKgAtb0jIwZHNvbGNDAAgZADM=",
              "newHash": "6CUXyeRMWXwdWTThEgzSUhJR2IxY3DiiPnUZpa1qPpY=",
              "oldHash": "xdJGAYb3IzySfn2y3McDwOUAtlPKgic7e/rYBF2FpHA=",
              "ordinal": "24"
            }
          ],
          "depth": 1,
          "endOrdinal": "25",
          "gasChanges": [
            {
              "newValue": "540624",
              "oldValue": "540708",
              "ordinal": "22",
              "reason": "REASON_CODE_COPY"
            },
            {
              "newValue": "449622",
              "oldValue": "540622",
              "ordinal": "23",
              "reason": "REASON_CODE_STORAGE"
            }
          ],
          "gasConsumed": "135471",
          "gasLimit": "585093",
          "index": 2,
          "nonceChanges": [
            {
              "address": "tmHJ8wNCN1AUM716ZYd4S3AgslQ=",
              "newValue": "2",
              "oldValue": "1",
              "ordinal": "17"
            },
            {
              "address": "VmsCLVeUvExlb0NlkADTCzuyRWs=",
              "newValue": "1",
              "ordinal": "19"
            }
          ],
          "parentIndex": 1,
          "storageChanges": [
            {
              "address": "VmsCLVeUvExlb0NlkADTCzuyRWs=",
              "key": "AAAAAAAAAAAAAAAAAAAAAAAAAAAAAAAAAAAAAAAAAAA=",
              "newValue": "AAAAAAAAAAAAAAAAQwAAAAAAAAAAAAAAAAAAAAAAAAA=",
              "oldValue": "AAAAAAAAAAAAAAAAAAAAAAAAAAAAAAAAAAAAAAAAAAA=",
              "ordinal": "20"
            },
            {
              "address": "VmsCLVeUvExlb0NlkADTCzuyRWs=",
              "key": "AAAAAAAAAAAAAAAAAAAAAAAAAAAAAAAAAAAAAAAAAAE=",
              "newValue": "AAAAAAAAAAAAAAAAeiOPKY1V+NsnuGDv8eAtFSixZYU=",
              "oldValue": "AAAAAAAAAAAAAAAAAAAAAAAAAAAAAAAAAAAAAAAAAAA=",
              "ordinal": "21"
            }
          ]
        },
        {
          "address": "VmsCLVeUvExlb0NlkADTCzuyRWs=",
          "balanceChanges": [
            {
              "address": "tmHJ8wNCN1AUM716ZYd4S3AgslQ=",
              "oldValue": {
                "bytes": "d1bOoA=="
              },
              "ordinal": "30",
              "reason": "REASON_TRANSFER"
            },
            {
              "address": "VmsCLVeUvExlb0NlkADTCzuyRWs=",
              "newValue": {
                "bytes": "d1bOoA=="
              },
              "ordinal": "31",
              "reason": "REASON_TRANSFER"
            }
          ],
          "beginOrdinal": "29",
          "callType": "CALL",
          "caller": "tmHJ8wNCN1AUM716ZYd4S3AgslQ=",
          "depth": 1,
          "endOrdinal": "33",
          "gasConsumed": "55",
          "gasLimit": "422878",
          "index": 3,
          "logs": [
            {
              "address": "AAAAAAAAAAAAAAAAAAAAAAAAEBA=",
              "blockIndex": 1,
              "data": "AAAAAAAAAAAAAAAAAAAAAAAAAAAAAAAAAAAAAHdWzqAAAAAAAAAAAAAAAAAAAAAAAAAAAAAAAAAAAAAAd1bOoAAAAAAAAAAAAAAAAAAAAAAAAAAAAAAAAAAAAAAAAAAAAAAAAAAAAAAAAAAAAAAAAAAAAAAAAAAAAAAAAAAAAAAAAAAAAAAAAAAAAAAAAAAAAAAAAAAAAAAAAAAAd1bOoA==",
              "index": 1,
              "ordinal": "32",
              "topics": [
                "5kl+PuVIozchNq8vywaW2zH8bPICYHB2RQaL0/6X88Q=",
                "AAAAAAAAAAAAAAAAAAAAAAAAAAAAAAAAAAAAAAAAEBA=",
                "AAAAAAAAAAAAAAAAtmHJ8wNCN1AUM716ZYd4S3AgslQ=",
                "AAAAAAAAAAAAAAAAVmsCLVeUvExlb0NlkADTCzuyRWs="
              ]
            }
          ],
          "parentIndex": 1,
          "value": {
            "bytes": "d1bOoA=="
          }
        },
        {
          "address": "VmsCLVeUvExlb0NlkADTCzuyRWs=",
          "balanceChanges": [
            {
              "address": "VmsCLVeUvExlb0NlkADTCzuyRWs=",
              "newValue": {
                "bytes": "d1bOoA=="
              },
              "ordinal": "38",
              "reason": "REASON_SUICIDE_REFUND"
            },
            {
              "address": "VmsCLVeUvExlb0NlkADTCzuyRWs=",
              "oldValue": {
                "bytes": "d1bOoA=="
              },
              "ordinal": "39",
              "reason": "REASON_SUICIDE_WITHDRAW"
            }
          ],
          "beginOrdinal": "36",
          "callType": "CALL",
          "caller": "tmHJ8wNCN1AUM716ZYd4S3AgslQ=",
          "depth": 1,
          "endOrdinal": "40",
          "executedCode": true,
          "gasChanges": [
            {
              "newValue": "416587",
              "oldValue": "421587",
              "ordinal": "37",
              "reason": "REASON_SELF_DESTRUCT"
            }
          ],
          "gasConsumed": "5401",
          "gasLimit": "421988",
          "index": 4,
          "input": "D68QIQAAAAAAAAAAAAAAAFZrAi1XlLxMZW9DZZAA0ws7skVr",
          "parentIndex": 1,
          "suicide": true
        }
      ],
      "endOrdinal": "51",
      "from": "eiOPKY1V+NsnuGDv8eAtFSixZYU=",
      "gasLimit": "779146",
      "gasPrice": {
        "bytes": "mVhWcg=="
      },
      "gasUsed": "771853",
      "hash": "5gTFisgmyZvp3w4jvWMAn6e93CFPnMRbzXnM9NcV2lg=",
      "input": "YIBgQFJzQwAAAAAAAAAAAAAAAAAAAAAAAABgAl9hAQAKgVSBc///////////////////////////AhkWkINz//////////////////////////8WAheQVVBzeiOPKY1V+NsnuGDv8eAtFSixZYVgA19hAQAKgVSBc///////////////////////////AhkWkINz//////////////////////////8WAheQVVBhALphAL9gIBtgIBxWW2EDHlZbX3+cIv9fIfC4GxE+Y/fbbalP7e8RshGbQIi4lmT7mjy2WJBQgGBAUWEA8JBhAnhWW4GQYEBRgJEDkF/1kFCAFYAVYQENVz1fgD49X/1bUF+AYQEACoFUgXP//////////////////////////wIZFpCDc///////////////////////////FgIXkFVQX4BUkGEBAAqQBHP//////////////////////////xZz//////////////////////////8WNGBAUWEBj5BhArJWW19gQFGAgwOBhYda8ZJQUFA9gF+BFGEByVdgQFGRUGAfGWA/PQEWggFgQFI9glI9X2AghAE+YQHOVltgYJFQW1BQUF+AVJBhAQAKkARz//////////////////////////8Wc///////////////////////////FmMPrxAhX4BUkGEBAAqQBHP//////////////////////////xZgQFGCY/////8WYOAbgVJgBAFhAkiRkGEDBVZbX2BAUYCDA4Ffh4A7FYAVYQJfV1+A/VtQWvEVgBVhAnFXPV+APj1f/VtQUFBQUFZbYQKKgGELSYM5AZBWW1+BkFCSkVBQVltQVltfYQKdX4NhAoVWW5FQYQKogmECj1ZbX4IBkFCRkFBWW19hAryCYQKSVluRUIGQUJGQUFZbX3P//////////////////////////4IWkFCRkFBWW19hAu+CYQLGVluQUJGQUFZbYQL/gWEC5VZbglJQUFZbX2AgggGQUGEDGF+DAYRhAvZWW5KRUFBWW2EIHoBhAytfOV/z/mCAYEBSYAQ2EGEAc1dfNWDgHIBjTffj0BFhAE1XgGNN9+PQFGEA3FeAY3R39wAUYQEGV4Bjex2CnBRhATBXgGPPOiF+FGEBWldhAHpWW4BjC2HNfxRhAH5XgGMNvmcfFGEAiFeAYx1j4k0UYQCyV2EAelZbNmEAelcAW1+A/VthAIZhAXBWWwBbNIAVYQCTV1+A/VtQYQCcYQMpVltgQFFhAKmRkGEEmlZbYEBRgJEDkPNbNIAVYQC9V1+A/VtQYQDGYQNMVltgQFFhANORkGEEy1ZbYEBRgJEDkPNbNIAVYQDnV1+A/VtQYQDwYQNSVltgQFFhAP2RkGEEmlZbYEBRgJEDkPNbNIAVYQERV1+A/VtQYQEaYQN3VltgQFFhASeRkGEEy1ZbYEBRgJEDkPNbNIAVYQE7V1+A/VtQYQFEYQN9VltgQFFhAVGRkGEEy1ZbYEBRgJEDkPNbNIAVYQFlV1+A/VtQYQFuYQODVlsAW19/nCL/XyHwuBsRPmP3222pT+3vEbIRm0CIuJZk+5o8tliQUIBgQFFhAaGQYQQTVluBkGBAUYCRA5Bf9ZBQgBWAFWEBvlc9X4A+PV/9W1BfgGEBAAqBVIFz//////////////////////////8CGRaQg3P//////////////////////////xYCF5BVUF+AVJBhAQAKkARz//////////////////////////8Wc///////////////////////////FjRgQFFhAkCQYQURVltfYEBRgIMDgYWHWvGSUFBQPYBfgRRhAnpXYEBRkVBgHxlgPz0BFoIBYEBSPYJSPV9gIIQBPmECf1ZbYGCRUFtQUFBfgFSQYQEACpAEc///////////////////////////FnP//////////////////////////xZjD68QIV+AVJBhAQAKkARz//////////////////////////8WYEBRgmP/////FmDgG4FSYAQBYQL5kZBhBUVWW19gQFGAgwOBX4eAOxWAFWEDEFdfgP1bUFrxFYAVYQMiVz1fgD49X/1bUFBQUFBWW1+AVJBhAQAKkARz//////////////////////////8WgVZbYAVUgVZbYAFfkFSQYQEACpAEc///////////////////////////FoFWW2AEVIFWW2AGVIFWW19/nCL/XyHwuBsRPmP3222pT+3vEbIRm0CIuJZk+5o8tliQUIBgQFFhA7SQYQQTVluBkGBAUYCRA5Bf9ZBQgBWAFWED0Vc9X4A+PV/9W1BfgGEBAAqBVIFz//////////////////////////8CGRaQg3P//////////////////////////xYCF5BVUFBWW2ECioBhBV+DOQGQVltfc///////////////////////////ghaQUJGQUFZbX4GQUJGQUFZbX2EEYmEEXWEEWIRhBCBWW2EEP1ZbYQQgVluQUJGQUFZbX2EEc4JhBEhWW5BQkZBQVltfYQSEgmEEaVZbkFCRkFBWW2EElIFhBHpWW4JSUFBWW19gIIIBkFBhBK1fgwGEYQSLVluSkVBQVltfgZBQkZBQVlthBMWBYQSzVluCUlBQVltfYCCCAZBQYQTeX4MBhGEEvFZbkpFQUFZbX4GQUJKRUFBWW1BWW19hBPxfg2EE5FZbkVBhBQeCYQTuVltfggGQUJGQUFZbX2EFG4JhBPFWW5FQgZBQkZBQVltfYQUvgmEEIFZbkFCRkFBWW2EFP4FhBSVWW4JSUFBWW19gIIIBkFBhBVhfgwGEYQU2VluSkVBQVv5ggGBAUnNDAAAAAAAAAAAAAAAAAAAAAAAAAF+AYQEACoFUgXP//////////////////////////wIZFpCDc///////////////////////////FgIXkFVQc3ojjymNVfjbJ7hg7/HgLRUosWWFYAFfYQEACoFUgXP//////////////////////////wIZFpCDc///////////////////////////FgIXkFVQNIAVYLVXX4D9W1BhAceAYQDDXzlf8/5ggGBAUmAENhBhADdXXzVg4ByAYw+vECEUYQBCV4BjHWPiTRRhAF5XgGN0d/cAFGEAiFdhAD5WWzZhAD5XAFtfgP1bYQBcYASANgOBAZBhAFeRkGEBNVZbYQCyVlsAWzSAFWEAaVdfgP1bUGEAcmEAy1ZbYEBRYQB/kZBhAXhWW2BAUYCRA5DzWzSAFWEAk1dfgP1bUGEAnGEA0VZbYEBRYQCpkZBhAXhWW2BAUYCRA5DzW4Bz//////////////////////////8W/1tgA1SBVltgAlSBVltfgP1bX3P//////////////////////////4IWkFCRkFBWW19hAQSCYQDbVluQUJGQUFZbYQEUgWEA+lZbgRRhAR5XX4D9W1BWW1+BNZBQYQEvgWEBC1ZbkpFQUFZbX2AggoQDEhVhAUpXYQFJYQDXVltbX2EBV4SChQFhASFWW5FQUJKRUFBWW1+BkFCRkFBWW2EBcoFhAWBWW4JSUFBWW19gIIIBkFBhAYtfgwGEYQFpVluSkVBQVv6iZGlwZnNYIhIgeJ3+vUw6BPBQJteR8YhtD8wTPcLbIRYEWUqAC1vSMjBkc29sY0MACBkAM6JkaXBmc1giEiC/VJdrQtHrDXIpsr3UjopR7bzpzAzhLuPtNOmtg7kBFWRzb2xjQwAIGQAzYIBgQFJzQwAAAAAAAAAAAAAAAAAAAAAAAABfgGEBAAqBVIFz//////////////////////////8CGRaQg3P//////////////////////////xYCF5BVUHN6I48pjVX42ye4YO/x4C0VKLFlhWABX2EBAAqBVIFz//////////////////////////8CGRaQg3P//////////////////////////xYCF5BVUDSAFWC1V1+A/VtQYQHHgGEAw185X/P+YIBgQFJgBDYQYQA3V181YOAcgGMPrxAhFGEAQleAYx1j4k0UYQBeV4BjdHf3ABRhAIhXYQA+Vls2YQA+VwBbX4D9W2EAXGAEgDYDgQGQYQBXkZBhATVWW2EAslZbAFs0gBVhAGlXX4D9W1BhAHJhAMtWW2BAUWEAf5GQYQF4VltgQFGAkQOQ81s0gBVhAJNXX4D9W1BhAJxhANFWW2BAUWEAqZGQYQF4VltgQFGAkQOQ81uAc///////////////////////////Fv9bYANUgVZbYAJUgVZbX4D9W19z//////////////////////////+CFpBQkZBQVltfYQEEgmEA21ZbkFCRkFBWW2EBFIFhAPpWW4EUYQEeV1+A/VtQVltfgTWQUGEBL4FhAQtWW5KRUFBWW19gIIKEAxIVYQFKV2EBSWEA11ZbW19hAVeEgoUBYQEhVluRUFCSkVBQVltfgZBQkZBQVlthAXKBYQFgVluCUlBQVltfYCCCAZBQYQGLX4MBhGEBaVZbkpFQUFb+omRpcGZzWCISIHid/r1MOgTwUCbXkfGIbQ/MEz3C2yEWBFlKgAtb0jIwZHNvbGNDAAgZADM=",
      "maxFeePerGas": {
        "bytes": "yOKYzA=="
      },
      "maxPriorityFeePerGas": {
        "bytes": "BlE2qw=="
      },
      "nonce": "8",
      "r": "uEHvjD26MNMUOogGHEac8h8Gyz2aw+Nbzc+mi2kmRS8=",
      "receipt": {
        "cumulativeGasUsed": "771853",
        "logs": [
          {
            "address": "AAAAAAAAAAAAAAAAAAAAAAAAEBA=",
            "data": "AAAAAAAAAAAAAAAAAAAAAAAAAAAAAAAAAAAAAHdWzqAAAAAAAAAAAAAAAAAAAAAAAAAAAAAAAAANtNa2/8vvqQAAAAAAAAAAAAAAAAAAAAAAAAAAAAAAAAAAAAAAAAAAAAAAAAAAAAAAAAAAAAAAAAAAAAAAAAAADbTWtoh1IQkAAAAAAAAAAAAAAAAAAAAAAAAAAAAAAAAAAAAAd1bOoA==",
            "ordinal": "10",
            "topics": [
              "5kl+PuVIozchNq8vywaW2zH8bPICYHB2RQaL0/6X88Q=",
              "AAAAAAAAAAAAAAAAAAAAAAAAAAAAAAAAAAAAAAAAEBA=",
              "AAAAAAAAAAAAAAAAeiOPKY1V+NsnuGDv8eAtFSixZYU=",
              "AAAAAAAAAAAAAAAAtmHJ8wNCN1AUM716ZYd4S3AgslQ="
            ]
          },
          {
            "address": "AAAAAAAAAAAAAAAAAAAAAAAAEBA=",
            "blockIndex": 1,
            "data": "AAAAAAAAAAAAAAAAAAAAAAAAAAAAAAAAAAAAAHdWzqAAAAAAAAAAAAAAAAAAAAAAAAAAAAAAAAAAAAAAd1bOoAAAAAAAAAAAAAAAAAAAAAAAAAAAAAAAAAAAAAAAAAAAAAAAAAAAAAAAAAAAAAAAAAAAAAAAAAAAAAAAAAAAAAAAAAAAAAAAAAAAAAAAAAAAAAAAAAAAAAAAAAAAd1bOoA==",
            "index": 1,
            "ordinal": "32",
            "topics": [
              "5kl+PuVIozchNq8vywaW2zH8bPICYHB2RQaL0/6X88Q=",
              "AAAAAAAAAAAAAAAAAAAAAAAAAAAAAAAAAAAAAAAAEBA=",
              "AAAAAAAAAAAAAAAAtmHJ8wNCN1AUM716ZYd4S3AgslQ=",
              "AAAAAAAAAAAAAAAAVmsCLVeUvExlb0NlkADTCzuyRWs="
            ]
          },
          {
            "address": "AAAAAAAAAAAAAAAAAAAAAAAAEBA=",
            "blockIndex": 2,
            "data": "AAAAAAAAAAAAAAAAAAAAAAAAAAAAAAAAAABKZsz3s68AAAAAAAAAAAAAAAAAAAAAAAAAAAAAAAANu/XOtPefHQAAAAAAAAAAAAAAAAAAAAAAAAAAAAAA3mbtxTnosse6AAAAAAAAAAAAAAAAAAAAAAAAAAAAAAAADburZ+f/624AAAAAAAAAAAAAAAAAAAAAAAAAAAAAAN5m7g+gtap7aQ==",
            "index": 2,
            "ordinal": "50",
            "topics": [
              "Tf4bu88Hfdw+ASke6i1ccMK0IrQV2VZFua3P1njLHWM=",
              "AAAAAAAAAAAAAAAAAAAAAAAAAAAAAAAAAAAAAAAAEBA=",
              "AAAAAAAAAAAAAAAAeiOPKY1V+NsnuGDv8eAtFSixZYU=",
              "AAAAAAAAAAAAAAAAKx2Hm14QLmAWYgLeeVN7SOLxikI="
            ]
          }
        ],
        "logsBloom": "AAAAAAAAAAAAAAAAAAAAAAAAAAQAAAAAAAAAAAAAAAAAAAAAAAAAAAIAABAAAAAAAACAAAEAAAAAAAAAAAAAAAAAAAAAAAAAAAAAAAAAAIAAAAAAAAAAgAABAAIAAAAAAAAAAAAAAAAAAAAAAAAAAAAAAAAAAAAAgAAAAAAAAAAAAAEAAAAAAAAAAAAAAAAAAgAAAAAAAAAAAQABAAAAACAAAAAAAAAAAAAAAAAAAAAAAAAAAAAAAAAAAAAAAABAAAAAAAAAAAAAAQAAAAAAAAAAAAQAAIAAABCAAAAAAAAAAAAAAAAAAAAAAAAAAAAAAAIgAAAAAAAAAAAAABAAAA=="
      },
      "s": "E8IkJGk6TjnE8pl+DO4Ty/WfNsTFicVgSpPI2ayGblU=",
      "status": "SUCCEEDED",
      "to": "tmHJ8wNCN1AUM716ZYd4S3AgslQ=",
      "type": "TRX_TYPE_DYNAMIC_FEE",
      "value": {
        "bytes": "d1bOoA=="
      }
    }
  ],
  "ver": 3
}