{
  "hash": "xgYB8edXIYU/8WgLNlTDyqoWaDw+AS43yWODOsaT81I=",
  "header": {
    "baseFeePerGas": {
      "bytes": "Bw=="
    },
    "coinbase": "RV5aoYRpvGzO9JWUZFZmxYejpxs=",
    "difficulty": {
      "bytes": "AA=="
    },
    "gasLimit": "30000000",
    "hash": "xgYB8edXIYU/8WgLNlTDyqoWaDw+AS43yWODOsaT81I=",
    "logsBloom": "AAAAAAAAAAAAAAAAAAAAAAAAAAAAAAAAAAAAAAAAAAAAAAAAAAAAAAAAAAAAAAAAAAAAAAAAAAAAAAAAAAAAAAAAAAAAAAAAAAAAAAAAAAAAAAAAAAAAAAAAAAAAAAAAAAAAAAAAAAAAAAAAAAAAAAAAAAAAAAAAAAAAAAAAAAAAAAAAAAAAAAAAAAAAAAAAAAAAAAAAAAAAAAAAAAAAAAAAAAAAAAAAAAAAAAAAAAAAAAAAAAAAAAAAAAAAAAAAAAAAAAAAAAAAAAAAAAAAAAAAAAAAAAAAAAAAAAAAAAAAAAAAAAAAAAAAAAAAAAAAAAAAAAAAAAAAAAAAAAAAAA==",
    "mixHash": "AAAAAAAAAAAAAAAAAAAAAAAAAAAAAAAAAAAAAAAAAAA=",
    "number": "207938",
    "parentBeaconRoot": "AAAAAAAAAAAAAAAAAAAAAAAAAAAAAAAAAAAAAAAAAAA=",
    "parentHash": "o2NCDNaKBu+Vf70zTx4riQ9MDdLI6St1OyRbDI37ZHI=",
    "receiptRoot": "VugfFxvMVab/g0XmksD4bltI4BuZbK3AAWIvteNjtCE=",
    "stateRoot": "AAAAAAAAAAAAAAAAAAAAAAAAAAAAAAAAAAAAAAAAAAA=",
    "timestamp": "2023-10-29T10:11:12Z",
    "transactionsRoot": "0yEw5Z71BzpX25P3pM6JtJzwwAKrFMgJGulCMo+tLw8=",
    "uncleHash": "HcxN6N7HXXqrhbVntszUGtMSRRuUinQT8KFC/UDUk0c="
  },
  "number": "207938",
  "size": "2807",
  "transactionTraces": [
    {
      "beginOrdinal": "1",
      "calls": [
        {
          "address": "X/E31LD9zUncowx89X5XigJtJ4k=",
          "balanceChanges": [
            {
              "address": "diuuNYBn2VTD1f0iIcjfhQt9Leo=",
              "newValue": {
                "bytes": "BBz5LMZCX1A="
              },
              "oldValue": {
                "bytes": "BCJNar1sH1A="
              },
              "ordinal": "3",
              "reason": "REASON_GAS_BUY"
            },
            {
              "address": "diuuNYBn2VTD1f0iIcjfhQt9Leo=",
              "newValue": {
                "bytes": "BB7Hv5qdgVA="
              },
              "oldValue": {
                "bytes": "BBz5LMZCX1A="
              },
              "ordinal": "61",
              "reason": "REASON_GAS_REFUND"
            },
            {
              "address": "eo7Sf0wwUSMmh4ZS0g/IVydAGFQ=",
              "newValue": {
                "bytes": "FS2x"
              },
              "ordinal": "63",
              "reason": "REASON_TRANSFER"
            },
            {
              "address": "RV5aoYRpvGzO9JWUZFZmxYejpxs=",
              "newValue": {
                "bytes": "0c8D0k8RubU="
              },
              "oldValue": {
                "bytes": "0ct+JyxYSWY="
              },
              "ordinal": "64",
              "reason": "REASON_TRANSFER"
            }
          ],
          "beginOrdinal": "6",
          "callType": "CALL",
          "caller": "diuuNYBn2VTD1f0iIcjfhQt9Leo=",
          "endOrdinal": "60",
          "executedCode": true,
          "failureReason": "execution reverted",
          "gasChanges": [
            {
              "newValue": "300000",
              "ordinal": "2",
              "reason": "REASON_TX_INITIAL_BALANCE"
            },
            {
              "newValue": "263880",
              "oldValue": "300000",
              "ordinal": "4",
              "reason": "REASON_INTRINSIC_GAS"
            },
            {
              "newValue": "263880",
              "ordinal": "7",
              "reason": "REASON_CALL_INITIAL_BALANCE"
            },
            {
              "newValue": "255906",
              "oldValue": "255927",
              "ordinal": "9",
              "reason": "REASON_CALL_DATA_COPY"
            },
            {
              "newValue": "255616",
              "oldValue": "255659",
              "ordinal": "10",
              "reason": "REASON_CALL_DATA_COPY"
            },
            {
              "newValue": "255327",
              "oldValue": "255336",
              "ordinal": "11",
              "reason": "REASON_CALL_DATA_COPY"
            },
            {
              "newValue": "251104",
              "oldValue": "251122",
              "ordinal": "12",
              "reason": "REASON_CALL_DATA_COPY"
            },
            {
              "newValue": "248417",
              "oldValue": "250917",
              "ordinal": "13",
              "reason": "REASON_STATE_COLD_ACCESS"
            },
            {
              "newValue": "98417",
              "oldValue": "251017",
              "ordinal": "14",
              "reason": "REASON_CALL"
            },
            {
              "newValue": "102180",
              "oldValue": "98417",
              "ordinal": "58",
              "reason": "REASON_REFUND_AFTER_EXECUTION"
            },
            {
              "oldValue": "101721",
              "ordinal": "59",
              "reason": "REASON_CALL_LEFT_OVER_RETURNED"
            },
            {
              "oldValue": "101721",
              "ordinal": "62",
              "reason": "REASON_TX_LEFT_OVER_RETURNED"
            }
          ],
          "gasConsumed": "162159",
          "gasLimit": "263880",
          "index": 1,
          "input": "H62UjAAAAAAAAAAAAAAAAAAAAAAAAAAAAAAAAAAAAAAAAABAAAAAAAAAAAAAAAAAdiuuNYBn2VTD1f0iIcjfhQt9LeoAAAAAAAAAAAAAAAAAAAAAAAAAAAAAAAAAAAAAAAAAAgAAAAAAAAAAAAAAAAAAAAAAAAAAAAAAAAAAAAAAAABAAAAAAAAAAAAAAAAAAAAAAAAAAAAAAAAAAAAAAAAABCAAAAAAAAAAAAAAAAACO4OBgTp9mNlz73DP47b9PrWvjwAAAAAAAAAAAAAAAAAAAAAAAAAAAAAAAAAAAAAAAAAAAAAAAAAAAAAAAAAAAAAAAAAAAAAAAAAAAAAAAAAAAWAAAAAAAAAAAAAAAAAAAAAAAAAAAAAAAAAAAAAAAAAB4AAAAAAAAAAAAAAAAAAAAAAAAAAAAAAAAAAAAAAAAAAAAAAAAAAAAAAAAAAAAAAAAAAAAAAAAAAAAAAAAAACSfAAAAAAAAAAAAAAAAAAAAAAAAAAAAAAAAAAAAAAAABSCAAAAAAAAAAAAAAAAAAAAAAAAAAAAAAAAAAAAAAAAAAAAAAAAAAAAAAAAAAAAAAAAAAAAAAAAAAAAAAAADuaygAAAAAAAAAAAAAAAAAAAAAAAAAAAAAAAAAAAAAAAAADAAAAAAAAAAAAAAAAAAAAAAAAAAAAAAAAAAAAAAAAAANgAAAAAAAAAAAAAAAAAAAAAAAAAAAAAAAAAAAAAAAAAFiUBsxhhaNGkGKWhAdGEloORJdkVF+/uc8AAAAAAAAAAAAAAAB2K641gGfZVMPV/SIhyN+FC30t6gAAAAAAAAAAAAAAAAAAAAAAAAAAAAAAAAAAAAAAAAAAAAAAAAAAAAAAAAAAAAAAAAAAAAAAAAAAAAAAAAAAAAAAAAAAAAAA5LYdJ/YAAAAAAAAAAAAAAAB9dzrz0pdDRC3JkcFoxDTZmDanIwAAAAAAAAAAAAAAAAAAAAAAAAAAAAAAAAAAAAAAAAAAAAAAAAAAAAAAAAAAAAAAAAAAAAAAAAAAAAAAAAAAAGAAAAAAAAAAAAAAAAAAAAAAAAAAAAAAAAAAAAAAAAAARAlep7MAAAAAAAAAAAAAAAC5jLHaT5vWQIefC7yzClQchBY0Bv//////////////////////////////////////////AAAAAAAAAAAAAAAAAAAAAAAAAAAAAAAAAAAAAAAAAAAAAAAAAAAAAAAAAAAAAAAAAAAAAAAAAAAAAAAAAAAAAAAAAAAAAAAAAAAAAAAAAAAAAAAAAAAAKLmMsdpPm9ZAh58LvLMKVByEFjQGfXc689KXQ0QtyZHBaMQ02Zg2pyMAAAAAAAAAAAAAAAAAAAAAAAAAAAAAAAAAAAAAAAAAAAAAAAAAAAAAAAAAAAAAAAAAAAAAAAAAQWPbbHRb92GQN0A5BcCRplGg0yKGn1EwMQ93f/0H+09pWGuA5GRL1aXDgP2qgF5V+4i3OkM10yvL+4eJ8UgTtYIcAAAAAAAAAAAAAAAAAAAAAAAAAAAAAAAAAAAAAAAAAAAAAAAAAAAAAAAAAAI7g4GBOn2Y2XPvcM/jtv0+ta+PAAAAAAAAAAAAAAAAAAAAAAAAAAAAAAAAAAAAAAAAAAEAAAAAAAAAAAAAAAAAAAAAAAAAAAAAAAAAAAAAAAABYAAAAAAAAAAAAAAAAAAAAAAAAAAAAAAAAAAAAAAAAAHgAAAAAAAAAAAAAAAAAAAAAAAAAAAAAAAAAAAAAAAAAAAAAAAAAAAAAAAAAAAAAAAAAAAAAAAAAAAAAAAAAAJJ8AAAAAAAAAAAAAAAAAAAAAAAAAAAAAAAAAAAAAAAAFIIAAAAAAAAAAAAAAAAAAAAAAAAAAAAAAAAAAAAAAAAAAAAAAAAAAAAAAAAAAAAAAAAAAAAAAAAAAAAAAAAO5rKAAAAAAAAAAAAAAAAAAAAAAAAAAAAAAAAAAAAAAAAAAMAAAAAAAAAAAAAAAAAAAAAAAAAAAAAAAAAAAAAAAAAA2AAAAAAAAAAAAAAAAAAAAAAAAAAAAAAAAAAAAAAAAAAWJQGzGGFo0aQYpaEB0YSWg5El2RUX7+5zwAAAAAAAAAAAAAAAHYrrjWAZ9lUw9X9IiHI34ULfS3qAAAAAAAAAAAAAAAAAAAAAAAAAAAAAAAAAAAAAAAAAAAAAAAAAAAAAAAAAAAAAAAAAAAAAAAAAAAAAAAAAAAAAAAAAAAAAADkth0n9gAAAAAAAAAAAAAAAH13OvPSl0NELcmRwWjENNmYNqcjAAAAAAAAAAAAAAAAAAAAAAAAAAAAAAAAAAAAAAAAAAAAAAAAAAAAAAAAAAAAAAAAAAAAAAAAAAAAAAAAAAAAYAAAAAAAAAAAAAAAAAAAAAAAAAAAAAAAAAAAAAAAAABEqQWcuwAAAAAAAAAAAAAAAAI7g4GBOn2Y2XPvcM/jtv0+ta+PAAAAAAAAAAAAAAAAAAAAAAAAAAAAAAAADeC2s6dkAAAAAAAAAAAAAAAAAAAAAAAAAAAAAAAAAAAAAAAAAAAAAAAAAAAAAAAAAAAAAAAAAAAAAAAAAAAAAAAAAAAAAAAAAAAAAAAAAAAAAAAAAAAAAAAAAAAAAAAouYyx2k+b1kCHnwu8swpUHIQWNAZ9dzrz0pdDRC3JkcFoxDTZmDanIwAAAAAAAAAAAAAAAAAAAAAAAAAAAAAAAAAAAAAAAAAAAAAAAAAAAAAAAAAAAAAAAAAAAAAAAABBdXr7NNBzY7d7FR1EcG8QFoP7byo4jlRHObr95zrDf6gLFDbbZsjtIMqWubWmj4oVtRCklUggA3RTcOHI3aTRixsAAAAAAAAAAAAAAAAAAAAAAAAAAAAAAAAAAAAAAAAA",
          "keccakPreimages": {
            "28d9e8e57be8527d0679250d50e4fae027ae189be41776c0a4a2a0a42c2218da": "a16ebae5813bd19aa03287aa905d783611ff8b419ce30428f2da9457d9aa27630000000000000000000000005ff137d4b0fdcd49dca30c7cf57e578a026d27890000000000000000000000000000000000000000000000000000000000004268",
            "58ce8202536a0e9871f92a2e42a02c92ee563a7817d29ae23b734f34e7ddda6c": "b98cb1da4f9bd640879f0bbcb30a541c841634067d773af3d29743442dc991c168c434d99836a723",
            "a16ebae5813bd19aa03287aa905d783611ff8b419ce30428f2da9457d9aa2763": "000000000000000000000000023b8381813a7d98d973ef70cfe3b6fd3eb5af8f0000000000000000000000000000000000000000000000000000000000000000fe7e16dbeb61a0da1615b2a5b44efb2dc9288a102d97b83968a814c67dcb8b08d525d4a8e0332b956f801a3fc3094f9edf480fcda1a4ea641e7c51240fd0b2da000000000000000000000000000000000000000000000000000000000000000000000000000000000000000000000000000000000000000000000000000249f000000000000000000000000000000000000000000000000000000000000052080000000000000000000000000000000000000000000000000000000000000000000000000000000000000000000000000000000000000000000000003b9aca0058ce8202536a0e9871f92a2e42a02c92ee563a7817d29ae23b734f34e7ddda6c",
            "d525d4a8e0332b956f801a3fc3094f9edf480fcda1a4ea641e7c51240fd0b2da": "b61d27f60000000000000000000000007d773af3d29743442dc991c168c434d99836a723000000000000000000000000000000000000000000000000000000000000000000000000000000000000000000000000000000000000000000000000000000600000000000000000000000000000000000000000000000000000000000000044095ea7b3000000000000000000000000b98cb1da4f9bd640879f0bbcb30a541c84163406ffffffffffffffffffffffffffffffffffffffffffffffffffffffffffffffff00000000000000000000000000000000000000000000000000000000",
            "fe7e16dbeb61a0da1615b2a5b44efb2dc9288a102d97b83968a814c67dcb8b08": "9406cc6185a346906296840746125a0e449764545fbfb9cf000000000000000000000000762bae358067d954c3d5fd2221c8df850b7d2dea0000000000000000000000000000000000000000000000000000000000000000"
          },
          "logs": [
            {
              "address": "AAAAAAAAAAAAAAAAAAAAAAAAEBA=",
              "data": "AAAAAAAAAAAAAAAAAAAAAAAAAAAAAAAAAAOFqyK5cE8AAAAAAAAAAAAAAAAAAAAAAAAAAAAAAAAEIk1qvWwfUAAAAAAAAAAAAAAAAAAAAAAAAAAAAAAAANHLficsWElmAAAAAAAAAAAAAAAAAAAAAAAAAAAAAAAABB7Hv5qyrwEAAAAAAAAAAAAAAAAAAAAAAAAAAAAAAADRzwPSTxG5tQ==",
              "index": 3,
              "ordinal": "65",
              "topics": [
                "Tf4bu88Hfdw+ASke6i1ccMK0IrQV2VZFua3P1njLHWM=",
                "AAAAAAAAAAAAAAAAAAAAAAAAAAAAAAAAAAAAAAAAEBA=",
                "AAAAAAAAAAAAAAAAdiuuNYBn2VTD1f0iIcjfhQt9Leo=",
                "AAAAAAAAAAAAAAAARV5aoYRpvGzO9JWUZFZmxYejpxs="
              ]
            }
          ],
          "nonceChanges": [
            {
              "address": "diuuNYBn2VTD1f0iIcjfhQt9Leo=",
              "newValue": "5",
              "oldValue": "4",
              "ordinal": "5"
            }
          ],
          "returnData": "IgJmtgAAAAAAAAAAAAAAAAAAAAAAAAAAAAAAAAAAAAAAAAAAAAAAAAAAAAAAAAAAAAAAAAAAAAAAAAAAAAAAAAAAAEAAAAAAAAAAAAAAAAAAAAAAAAAAAAAAAAAAAAAAAAAAG0FBMTMgaW5pdENvZGUgZmFpbGVkIG9yIE9PRwAAAAAA",
          "stateReverted": true,
          "statusFailed": true,
          "statusReverted": true,
          "storageChanges": [
            {
              "address": "X/E31LD9zUncowx89X5XigJtJ4k=",
              "key": "AAAAAAAAAAAAAAAAAAAAAAAAAAAAAAAAAAAAAAAAAAI=",
              "newValue": "AAAAAAAAAAAAAAAAAAAAAAAAAAAAAAAAAAAAAAAAAAI=",
              "oldValue": "AAAAAAAAAAAAAAAAAAAAAAAAAAAAAAAAAAAAAAAAAAE=",
              "ordinal": "8"
            }
          ]
        },
        {
          "address": "f8mEMOrtu2Bws1s515hyUEkIg0g=",
          "beginOrdinal": "15",
          "callType": "CALL",
          "caller": "X/E31LD9zUncowx89X5XigJtJ4k=",
          "depth": 1,
          "endOrdinal": "57",
          "executedCode": true,
          "gasChanges": [
            {
              "newValue": "150000",
              "ordinal": "16",
              "reason": "REASON_CALL_INITIAL_BALANCE"
            },
            {
              "newValue": "149459",
              "oldValue": "149480",
              "ordinal": "17",
              "reason": "REASON_CALL_DATA_COPY"
            },
            {
              "newValue": "146827",
              "oldValue": "149327",
              "ordinal": "18",
              "reason": "REASON_STATE_COLD_ACCESS"
            },
            {
              "newValue": "2294",
              "oldValue": "149427",
              "ordinal": "19",
              "reason": "REASON_CALL"
            },
            {
              "newValue": "3869",
              "oldValue": "2294",
              "ordinal": "55",
              "reason": "REASON_REFUND_AFTER_EXECUTION"
            },
            {
              "oldValue": "3763",
              "ordinal": "56",
              "reason": "REASON_CALL_LEFT_OVER_RETURNED"
            }
          ],
          "gasConsumed": "146237",
          "gasLimit": "150000",
          "index": 2,
          "input": "Vw4aNgAAAAAAAAAAAAAAAAAAAAAAAAAAAAAAAAAAAAAAAAAgAAAAAAAAAAAAAAAAAAAAAAAAAAAAAAAAAAAAAAAAAFiUBsxhhaNGkGKWhAdGEloORJdkVF+/uc8AAAAAAAAAAAAAAAB2K641gGfZVMPV/SIhyN+FC30t6gAAAAAAAAAAAAAAAAAAAAAAAAAAAAAAAAAAAAAAAAAAAAAAAAAAAAA=",
          "parentIndex": 1,
          "returnData": "AAAAAAAAAAAAAAAAAAAAAAAAAAAAAAAAAAAAAAAAAAA=",
          "stateReverted": true
        },
        {
          "address": "lAbMYYWjRpBiloQHRhJaDkSXZFQ=",
          "beginOrdinal": "20",
          "callType": "CALL",
          "caller": "f8mEMOrtu2Bws1s515hyUEkIg0g=",
          "depth": 2,
          "endOrdinal": "54",
          "executedCode": true,
          "failureReason": "execution reverted",
          "gasChanges": [
            {
              "newValue": "144533",
              "ordinal": "21",
              "reason": "REASON_CALL_INITIAL_BALANCE"
            },
            {
              "newValue": "143783",
              "oldValue": "144179",
              "ordinal": "22",
              "reason": "REASON_CODE_COPY"
            },
            {
              "newValue": "136634",
              "oldValue": "137052",
              "ordinal": "23",
              "reason": "REASON_CODE_COPY"
            },
            {
              "newValue": "103778",
              "oldValue": "136186",
              "ordinal": "24",
              "reason": "REASON_CONTRACT_CREATION2"
            },
            {
              "newValue": "1621",
              "oldValue": "103778",
              "ordinal": "25",
              "reason": "REASON_CONTRACT_CREATION2"
            },
            {
              "newValue": "1580",
              "oldValue": "1583",
              "ordinal": "52",
              "reason": "REASON_RETURN_DATA_COPY"
            },
            {
              "oldValue": "1575",
              "ordinal": "53",
              "reason": "REASON_CALL_LEFT_OVER_RETURNED"
            }
          ],
          "gasConsumed": "142958",
          "gasLimit": "144533",
          "index": 3,
          "input": "X7+5zwAAAAAAAAAAAAAAAHYrrjWAZ9lUw9X9IiHI34ULfS3qAAAAAAAAAAAAAAAAAAAAAAAAAAAAAAAAAAAAAAAAAAA=",
          "keccakPreimages": {
            "b20e9a365b254be6244c7505a127ea9cd797608e023ebff1d696fef26de7ed6c": "60806040526040516107c13803806107c183398101604081905261002291610321565b61002e82826000610035565b505061043e565b61003e8361006b565b60008251118061004b5750805b156100665761006483836100ab60201b6100291760201c565b505b505050565b610074816100d7565b6040516001600160a01b038216907fbc7cd75a20ee27fd9adebab32041f755214dbc6bffa90cc0225b39da2e5c2d3b90600090a250565b60606100d0838360405180606001604052806027815260200161079a602791396101a9565b9392505050565b6100ea8161022260201b6100551760201c565b6101515760405162461bcd60e51b815260206004820152602d60248201527f455243313936373a206e657720696d706c656d656e746174696f6e206973206e60448201526c1bdd08184818dbdb9d1c9858dd609a1b60648201526084015b60405180910390fd5b806101887f360894a13ba1a3210667c828492db98dca3e2076cc3735a920a3ca505d382bbc60001b61023160201b6100711760201c565b80546001600160a01b0319166001600160a01b039290921691909117905550565b6060600080856001600160a01b0316856040516101c691906103ef565b600060405180830381855af49150503d8060008114610201576040519150601f19603f3d011682016040523d82523d6000602084013e610206565b606091505b50909250905061021886838387610234565b9695505050505050565b6001600160a01b03163b151590565b90565b606083156102a357825160000361029c576001600160a01b0385163b61029c5760405162461bcd60e51b815260206004820152601d60248201527f416464726573733a2063616c6c20746f206e6f6e2d636f6e74726163740000006044820152606401610148565b50816102ad565b6102ad83836102b5565b949350505050565b8151156102c55781518083602001fd5b8060405162461bcd60e51b8152600401610148919061040b565b634e487b7160e01b600052604160045260246000fd5b60005b838110156103105781810151838201526020016102f8565b838111156100645750506000910152565b6000806040838503121561033457600080fd5b82516001600160a01b038116811461034b57600080fd5b60208401519092506001600160401b038082111561036857600080fd5b818501915085601f83011261037c57600080fd5b81518181111561038e5761038e6102df565b604051601f8201601f19908116603f011681019083821181831017156103b6576103b66102df565b816040528281528860208487010111156103cf57600080fd5b6103e08360208301602088016102f5565b80955050505050509250929050565b600082516104018184602087016102f5565b9190910192915050565b602081526000825180602084015261042a8160408501602087016102f5565b601f01601f19169190910160400192915050565b61034d8061044d6000396000f3fe60806040523661001357610011610017565b005b6100115b610027610022610074565b6100b9565b565b606061004e83836040518060600160405280602781526020016102f1602791396100dd565b9392505050565b73ffffffffffffffffffffffffffffffffffffffff163b151590565b90565b60006100b47f360894a13ba1a3210667c828492db98dca3e2076cc3735a920a3ca505d382bbc5473ffffffffffffffffffffffffffffffffffffffff1690565b905090565b3660008037600080366000845af43d6000803e8080156100d8573d6000f35b3d6000fd5b60606000808573ffffffffffffffffffffffffffffffffffffffff16856040516101079190610283565b600060405180830381855af49150503d8060008114610142576040519150601f19603f3d011682016040523d82523d6000602084013e610147565b606091505b509150915061015886838387610162565b9695505050505050565b606083156101fd5782516000036101f65773ffffffffffffffffffffffffffffffffffffffff85163b6101f6576040517f08c379a000000000000000000000000000000000000000000000000000000000815260206004820152601d60248201527f416464726573733a2063616c6c20746f206e6f6e2d636f6e747261637400000060448201526064015b60405180910390fd5b5081610207565b610207838361020f565b949350505050565b81511561021f5781518083602001fd5b806040517f08c379a00000000000000000000000000000000000000000000000000000000081526004016101ed919061029f565b60005b8381101561026e578181015183820152602001610256565b8381111561027d576000848401525b50505050565b60008251610295818460208701610253565b9190910192915050565b60208152600082518060208401526102be816040850160208701610253565b601f017fffffffffffffffffffffffffffffffffffffffffffffffffffffffffffffffe016919091016040019291505056fe416464726573733a206c6f772d6c6576656c2064656c65676174652063616c6c206661696c6564a26469706673582212201cd78ab6a31213989661cff2d7d05fc9b9c38b1a848e8249e2e398659a9eb7e364736f6c634300080f0033416464726573733a206c6f772d6c6576656c2064656c65676174652063616c6c206661696c65640000000000000000000000008abb13360b87be5eeb1b98647a016add927a136c00000000000000000000000000000000000000000000000000000000000000400000000000000000000000000000000000000000000000000000000000000024c4d66de8000000000000000000000000762bae358067d954c3d5fd2221c8df850b7d2dea00000000000000000000000000000000000000000000000000000000",
            "c295fa357a42b337dcef09d6023b8381813a7d98d973ef70cfe3b6fd3eb5af8f": "ff9406cc6185a346906296840746125a0e449764540000000000000000000000000000000000000000000000000000000000000000b20e9a365b254be6244c7505a127ea9cd797608e023ebff1d696fef26de7ed6c"
          },
          "parentIndex": 2,
          "stateReverted": true,
          "statusFailed": true,
          "statusReverted": true
        },
        {
          "address": "AjuDgYE6fZjZc+9wz+O2/T61r48=",
          "beginOrdinal": "26",
          "callType": "CREATE",
          "caller": "lAbMYYWjRpBiloQHRhJaDkSXZFQ=",
          "depth": 3,
          "endOrdinal": "51",
          "executedCode": true,
          "failureReason": "contract creation code storage out of gas",
          "gasChanges": [
            {
              "newValue": "102157",
              "ordinal": "27",
              "reason": "REASON_CALL_INITIAL_BALANCE"
            },
            {
              "newValue": "102080",
              "oldValue": "102116",
              "ordinal": "30",
              "reason": "REASON_CODE_COPY"
            },
            {
              "newValue": "75232",
              "oldValue": "76357",
              "ordinal": "32",
              "reason": "REASON_EVENT_LOG"
            },
            {
              "newValue": "75062",
              "oldValue": "75077",
              "ordinal": "34",
              "reason": "REASON_CODE_COPY"
            },
            {
              "newValue": "1165",
              "oldValue": "74671",
              "ordinal": "35",
              "reason": "REASON_DELEGATE_CALL"
            },
            {
              "newValue": "48457",
              "oldValue": "1165",
              "ordinal": "48",
              "reason": "REASON_REFUND_AFTER_EXECUTION"
            },
            {
              "newValue": "47943",
              "oldValue": "48055",
              "ordinal": "49",
              "reason": "REASON_CODE_COPY"
            },
            {
              "oldValue": "47940",
              "ordinal": "50",
              "reason": "REASON_FAILED_EXECUTION"
            }
          ],
          "gasConsumed": "102157",
          "gasLimit": "102157",
          "index": 4,
          "input": "YIBgQFJgQFFhB8E4A4BhB8GDOYEBYECBkFJhACKRYQMhVlthAC6CgmAAYQA1VltQUGEEPlZbYQA+g2EAa1ZbYACCURGAYQBLV1CAWxVhAGZXYQBkg4NhAKtgIBthACkXYCAcVltQW1BQUFZbYQB0gWEA11ZbYEBRYAFgAWCgGwOCFpB/vHzXWiDuJ/2a3rqzIEH3VSFNvGv/qQzAIls52i5cLTuQYACQolBWW2BgYQDQg4NgQFGAYGABYEBSgGAngVJgIAFhB5pgJ5E5YQGpVluTklBQUFZbYQDqgWECImAgG2EAVRdgIBxWW2EBUVdgQFFiRhvNYOUbgVJgIGAEggFSYC1gJIIBUn9FUkMxOTY3OiBuZXcgaW1wbGVtZW50YXRpb24gaXMgbmBEggFSbBvdCBhIGNvbnRyYWN1gmhtgZIIBUmCEAVtgQFGAkQOQ/VuAYQGIfzYIlKE7oaMhBmfIKEktuY3KPiB2zDc1qSCjylBdOCu8YAAbYQIxYCAbYQBxF2AgHFZbgFRgAWABYKAbAxkWYAFgAWCgGwOSkJIWkZCRF5BVUFZbYGBgAICFYAFgAWCgGwMWhWBAUWEBxpGQYQPvVltgAGBAUYCDA4GFWvSRUFA9gGAAgRRhAgFXYEBRkVBgHxlgPz0BFoIBYEBSPYJSPWAAYCCEAT5hAgZWW2BgkVBbUJCSUJBQYQIYhoODh2ECNFZblpVQUFBQUFBWW2ABYAFgoBsDFjsVFZBWW5BWW2BggxVhAqNXglFgAANhApxXYAFgAWCgGwOFFjthApxXYEBRYkYbzWDlG4FSYCBgBIIBUmAdYCSCAVJ/QWRkcmVzczogY2FsbCB0byBub24tY29udHJhY3QAAABgRIIBUmBkAWEBSFZbUIFhAq1WW2ECrYODYQK1VluUk1BQUFBWW4FRFWECxVeBUYCDYCAB/VuAYEBRYkYbzWDlG4FSYAQBYQFIkZBhBAtWW2NOSHtxYOAbYABSYEFgBFJgJGAA/VtgAFuDgRAVYQMQV4GBAVGDggFSYCABYQL4VluDgREVYQBkV1BQYACRAVJWW2AAgGBAg4UDEhVhAzRXYACA/VuCUWABYAFgoBsDgRaBFGEDS1dgAID9W2AghAFRkJJQYAFgAWBAGwOAghEVYQNoV2AAgP1bgYUBkVCFYB+DARJhA3xXYACA/VuBUYGBERVhA45XYQOOYQLfVltgQFFgH4IBYB8ZkIEWYD8BFoEBkIOCEYGDEBcVYQO2V2EDtmEC31ZbgWBAUoKBUohgIISHAQERFWEDz1dgAID9W2ED4INgIIMBYCCIAWEC9VZbgJVQUFBQUFCSUJKQUFZbYACCUWEEAYGEYCCHAWEC9VZbkZCRAZKRUFBWW2AggVJgAIJRgGAghAFSYQQqgWBAhQFgIIcBYQL1VltgHwFgHxkWkZCRAWBAAZKRUFBWW2EDTYBhBE1gADlgAPP+YIBgQFI2YQATV2EAEWEAF1ZbAFthABFbYQAnYQAiYQB0VlthALlWW1ZbYGBhAE6Dg2BAUYBgYAFgQFKAYCeBUmAgAWEC8WAnkTlhAN1WW5OSUFBQVltz//////////////////////////8WOxUVkFZbkFZbYABhALR/NgiUoTuhoyEGZ8goSS25jco+IHbMNzWpIKPKUF04K7xUc///////////////////////////FpBWW5BQkFZbNmAAgDdgAIA2YACEWvQ9YACAPoCAFWEA2Fc9YADzWz1gAP1bYGBgAICFc///////////////////////////FoVgQFFhAQeRkGECg1ZbYABgQFGAgwOBhVr0kVBQPYBgAIEUYQFCV2BAUZFQYB8ZYD89ARaCAWBAUj2CUj1gAGAghAE+YQFHVltgYJFQW1CRUJFQYQFYhoODh2EBYlZblpVQUFBQUFBWW2BggxVhAf1XglFgAANhAfZXc///////////////////////////hRY7YQH2V2BAUX8Iw3mgAAAAAAAAAAAAAAAAAAAAAAAAAAAAAAAAAAAAAIFSYCBgBIIBUmAdYCSCAVJ/QWRkcmVzczogY2FsbCB0byBub24tY29udHJhY3QAAABgRIIBUmBkAVtgQFGAkQOQ/VtQgWECB1ZbYQIHg4NhAg9WW5STUFBQUFZbgVEVYQIfV4FRgINgIAH9W4BgQFF/CMN5oAAAAAAAAAAAAAAAAAAAAAAAAAAAAAAAAAAAAACBUmAEAWEB7ZGQYQKfVltgAFuDgRAVYQJuV4GBAVGDggFSYCABYQJWVluDgREVYQJ9V2AAhIQBUltQUFBQVltgAIJRYQKVgYRgIIcBYQJTVluRkJEBkpFQUFZbYCCBUmAAglGAYCCEAVJhAr6BYECFAWAghwFhAlNWW2AfAX//////////////////////////////////////////4BaRkJEBYEABkpFQUFb+QWRkcmVzczogbG93LWxldmVsIGRlbGVnYXRlIGNhbGwgZmFpbGVkomRpcGZzWCISIBzXirajEhOYlmHP8tfQX8m5w4sahI6CSeLjmGWanrfjZHNvbGNDAAgPADNBZGRyZXNzOiBsb3ctbGV2ZWwgZGVsZWdhdGUgY2FsbCBmYWlsZWQAAAAAAAAAAAAAAACKuxM2C4e+XusbmGR6AWrdknoTbAAAAAAAAAAAAAAAAAAAAAAAAAAAAAAAAAAAAAAAAABAAAAAAAAAAAAAAAAAAAAAAAAAAAAAAAAAAAAAAAAAACTE1m3oAAAAAAAAAAAAAAAAdiuuNYBn2VTD1f0iIcjfhQt9LeoAAAAAAAAAAAAAAAAAAAAAAAAAAAAAAAAAAAAA",
          "logs": [
            {
              "address": "AjuDgYE6fZjZc+9wz+O2/T61r48=",
              "ordinal": "33",
              "topics": [
                "vHzXWiDuJ/2a3rqzIEH3VSFNvGv/qQzAIls52i5cLTs=",
                "AAAAAAAAAAAAAAAAirsTNguHvl7rG5hkegFq3ZJ6E2w="
              ]
            }
          ],
          "nonceChanges": [
            {
              "address": "lAbMYYWjRpBiloQHRhJaDkSXZFQ=",
              "newValue": "3",
              "oldValue": "2",
              "ordinal": "28"
            },
            {
              "address": "AjuDgYE6fZjZc+9wz+O2/T61r48=",
              "newValue": "1",
              "ordinal": "29"
            }
          ],
          "parentIndex": 3,
          "stateReverted": true,
          "statusFailed": true,
          "storageChanges": [
            {
              "address": "AjuDgYE6fZjZc+9wz+O2/T61r48=",
              "key": "NgiUoTuhoyEGZ8goSS25jco+IHbMNzWpIKPKUF04K7w=",
              "newValue": "AAAAAAAAAAAAAAAAirsTNguHvl7rG5hkegFq3ZJ6E2w=",
              "oldValue": "AAAAAAAAAAAAAAAAAAAAAAAAAAAAAAAAAAAAAAAAAAA=",
              "ordinal": "31"
            }
          ]
        },
        {
          "address": "irsTNguHvl7rG5hkegFq3ZJ6E2w=",
          "beginOrdinal": "36",
          "callType": "DELEGATE",
          "caller": "AjuDgYE6fZjZc+9wz+O2/T61r48=",
          "depth": 4,
          "endOrdinal": "47",
          "executedCode": true,
          "gasChanges": [
            {
              "newValue": "73406",
              "ordinal": "37",
              "reason": "REASON_CALL_INITIAL_BALANCE"
            },
            {
              "newValue": "48607",
              "oldValue": "50107",
              "ordinal": "41",
              "reason": "REASON_EVENT_LOG"
            },
            {
              "newValue": "47305",
              "oldValue": "48311",
              "ordinal": "44",
              "reason": "REASON_EVENT_LOG"
            },
            {
              "oldValue": "47292",
              "ordinal": "46",
              "reason": "REASON_CALL_LEFT_OVER_RETURNED"
            }
          ],
          "gasConsumed": "26114",
          "gasLimit": "73406",
          "index": 5,
          "input": "xNZt6AAAAAAAAAAAAAAAAHYrrjWAZ9lUw9X9IiHI34ULfS3q",
          "logs": [
            {
              "address": "AjuDgYE6fZjZc+9wz+O2/T61r48=",
              "index": 1,
              "ordinal": "42",
              "topics": [
                "R+Vcduem8f2JlqHagAjB6ilpnMo157zQV/LewxO25d4=",
                "AAAAAAAAAAAAAAAAX/E31LD9zUncowx89X5XigJtJ4k=",
                "AAAAAAAAAAAAAAAAdiuuNYBn2VTD1f0iIcjfhQt9Leo="
              ]
            },
            {
              "address": "AjuDgYE6fZjZc+9wz+O2/T61r48=",
              "data": "AAAAAAAAAAAAAAAAAAAAAAAAAAAAAAAAAAAAAAAAAAE=",
              "index": 2,
              "ordinal": "45",
              "topics": [
                "fya4P/luHytqaC8TOFL2eYoJxGXalZIUYM77OEdAJJg="
              ]
            }
          ],
          "parentIndex": 4,
          "stateReverted": true,
          "storageChanges": [
            {
              "address": "AjuDgYE6fZjZc+9wz+O2/T61r48=",
              "key": "AAAAAAAAAAAAAAAAAAAAAAAAAAAAAAAAAAAAAAAAAAA=",
              "newValue": "AAAAAAAAAAAAAAAAAAAAAAAAAAAAAAAAAAAAAAAAAAE=",
              "oldValue": "AAAAAAAAAAAAAAAAAAAAAAAAAAAAAAAAAAAAAAAAAAA=",
              "ordinal": "38"
            },
            {
              "address": "AjuDgYE6fZjZc+9wz+O2/T61r48=",
              "key": "AAAAAAAAAAAAAAAAAAAAAAAAAAAAAAAAAAAAAAAAAAA=",
              "newValue": "AAAAAAAAAAAAAAAAAAAAAAAAAAAAAAAAAAAAAAAAAQE=",
              "oldValue": "AAAAAAAAAAAAAAAAAAAAAAAAAAAAAAAAAAAAAAAAAAE=",
              "ordinal": "39"
            },
            {
              "address": "AjuDgYE6fZjZc+9wz+O2/T61r48=",
              "key": "AAAAAAAAAAAAAAAAAAAAAAAAAAAAAAAAAAAAAAAAAAA=",
              "newValue": "AAAAAAAAAAAAAHYrrjWAZ9lUw9X9IiHI34ULfS3qAQE=",
              "oldValue": "AAAAAAAAAAAAAAAAAAAAAAAAAAAAAAAAAAAAAAAAAQE=",
              "ordinal": "40"
            },
            {
              "address": "AjuDgYE6fZjZc+9wz+O2/T61r48=",
              "key": "AAAAAAAAAAAAAAAAAAAAAAAAAAAAAAAAAAAAAAAAAAA=",
              "newValue": "AAAAAAAAAAAAAHYrrjWAZ9lUw9X9IiHI34ULfS3qAAE=",
              "oldValue": "AAAAAAAAAAAAAHYrrjWAZ9lUw9X9IiHI34ULfS3qAQE=",
              "ordinal": "43"
            }
          ]
        }
      ],
      "endOrdinal": "66",
      "from": "diuuNYBn2VTD1f0iIcjfhQt9Leo=",
      "gasLimit": "300000",
      "gasPrice": {
        "bytes": "ASoF8gA="
      },
      "gasUsed": "198279",
      "hash": "4t4kgzDQkJ+jBDUJgCn1J0QkxepFeDbojFN7R4lupdY=",
      "input": "H62UjAAAAAAAAAAAAAAAAAAAAAAAAAAAAAAAAAAAAAAAAABAAAAAAAAAAAAAAAAAdiuuNYBn2VTD1f0iIcjfhQt9LeoAAAAAAAAAAAAAAAAAAAAAAAAAAAAAAAAAAAAAAAAAAgAAAAAAAAAAAAAAAAAAAAAAAAAAAAAAAAAAAAAAAABAAAAAAAAAAAAAAAAAAAAAAAAAAAAAAAAAAAAAAAAABCAAAAAAAAAAAAAAAAACO4OBgTp9mNlz73DP47b9PrWvjwAAAAAAAAAAAAAAAAAAAAAAAAAAAAAAAAAAAAAAAAAAAAAAAAAAAAAAAAAAAAAAAAAAAAAAAAAAAAAAAAAAAWAAAAAAAAAAAAAAAAAAAAAAAAAAAAAAAAAAAAAAAAAB4AAAAAAAAAAAAAAAAAAAAAAAAAAAAAAAAAAAAAAAAAAAAAAAAAAAAAAAAAAAAAAAAAAAAAAAAAAAAAAAAAACSfAAAAAAAAAAAAAAAAAAAAAAAAAAAAAAAAAAAAAAAABSCAAAAAAAAAAAAAAAAAAAAAAAAAAAAAAAAAAAAAAAAAAAAAAAAAAAAAAAAAAAAAAAAAAAAAAAAAAAAAAAADuaygAAAAAAAAAAAAAAAAAAAAAAAAAAAAAAAAAAAAAAAAADAAAAAAAAAAAAAAAAAAAAAAAAAAAAAAAAAAAAAAAAAANgAAAAAAAAAAAAAAAAAAAAAAAAAAAAAAAAAAAAAAAAAFiUBsxhhaNGkGKWhAdGEloORJdkVF+/uc8AAAAAAAAAAAAAAAB2K641gGfZVMPV/SIhyN+FC30t6gAAAAAAAAAAAAAAAAAAAAAAAAAAAAAAAAAAAAAAAAAAAAAAAAAAAAAAAAAAAAAAAAAAAAAAAAAAAAAAAAAAAAAAAAAAAAAA5LYdJ/YAAAAAAAAAAAAAAAB9dzrz0pdDRC3JkcFoxDTZmDanIwAAAAAAAAAAAAAAAAAAAAAAAAAAAAAAAAAAAAAAAAAAAAAAAAAAAAAAAAAAAAAAAAAAAAAAAAAAAAAAAAAAAGAAAAAAAAAAAAAAAAAAAAAAAAAAAAAAAAAAAAAAAAAARAlep7MAAAAAAAAAAAAAAAC5jLHaT5vWQIefC7yzClQchBY0Bv//////////////////////////////////////////AAAAAAAAAAAAAAAAAAAAAAAAAAAAAAAAAAAAAAAAAAAAAAAAAAAAAAAAAAAAAAAAAAAAAAAAAAAAAAAAAAAAAAAAAAAAAAAAAAAAAAAAAAAAAAAAAAAAKLmMsdpPm9ZAh58LvLMKVByEFjQGfXc689KXQ0QtyZHBaMQ02Zg2pyMAAAAAAAAAAAAAAAAAAAAAAAAAAAAAAAAAAAAAAAAAAAAAAAAAAAAAAAAAAAAAAAAAAAAAAAAAQWPbbHRb92GQN0A5BcCRplGg0yKGn1EwMQ93f/0H+09pWGuA5GRL1aXDgP2qgF5V+4i3OkM10yvL+4eJ8UgTtYIcAAAAAAAAAAAAAAAAAAAAAAAAAAAAAAAAAAAAAAAAAAAAAAAAAAAAAAAAAAI7g4GBOn2Y2XPvcM/jtv0+ta+PAAAAAAAAAAAAAAAAAAAAAAAAAAAAAAAAAAAAAAAAAAEAAAAAAAAAAAAAAAAAAAAAAAAAAAAAAAAAAAAAAAABYAAAAAAAAAAAAAAAAAAAAAAAAAAAAAAAAAAAAAAAAAHgAAAAAAAAAAAAAAAAAAAAAAAAAAAAAAAAAAAAAAAAAAAAAAAAAAAAAAAAAAAAAAAAAAAAAAAAAAAAAAAAAAJJ8AAAAAAAAAAAAAAAAAAAAAAAAAAAAAAAAAAAAAAAAFIIAAAAAAAAAAAAAAAAAAAAAAAAAAAAAAAAAAAAAAAAAAAAAAAAAAAAAAAAAAAAAAAAAAAAAAAAAAAAAAAAO5rKAAAAAAAAAAAAAAAAAAAAAAAAAAAAAAAAAAAAAAAAAAMAAAAAAAAAAAAAAAAAAAAAAAAAAAAAAAAAAAAAAAAAA2AAAAAAAAAAAAAAAAAAAAAAAAAAAAAAAAAAAAAAAAAAWJQGzGGFo0aQYpaEB0YSWg5El2RUX7+5zwAAAAAAAAAAAAAAAHYrrjWAZ9lUw9X9IiHI34ULfS3qAAAAAAAAAAAAAAAAAAAAAAAAAAAAAAAAAAAAAAAAAAAAAAAAAAAAAAAAAAAAAAAAAAAAAAAAAAAAAAAAAAAAAAAAAAAAAADkth0n9gAAAAAAAAAAAAAAAH13OvPSl0NELcmRwWjENNmYNqcjAAAAAAAAAAAAAAAAAAAAAAAAAAAAAAAAAAAAAAAAAAAAAAAAAAAAAAAAAAAAAAAAAAAAAAAAAAAAAAAAAAAAYAAAAAAAAAAAAAAAAAAAAAAAAAAAAAAAAAAAAAAAAABEqQWcuwAAAAAAAAAAAAAAAAI7g4GBOn2Y2XPvcM/jtv0+ta+PAAAAAAAAAAAAAAAAAAAAAAAAAAAAAAAADeC2s6dkAAAAAAAAAAAAAAAAAAAAAAAAAAAAAAAAAAAAAAAAAAAAAAAAAAAAAAAAAAAAAAAAAAAAAAAAAAAAAAAAAAAAAAAAAAAAAAAAAAAAAAAAAAAAAAAAAAAAAAAouYyx2k+b1kCHnwu8swpUHIQWNAZ9dzrz0pdDRC3JkcFoxDTZmDanIwAAAAAAAAAAAAAAAAAAAAAAAAAAAAAAAAAAAAAAAAAAAAAAAAAAAAAAAAAAAAAAAAAAAAAAAABBdXr7NNBzY7d7FR1EcG8QFoP7byo4jlRHObr95zrDf6gLFDbbZsjtIMqWubWmj4oVtRCklUggA3RTcOHI3aTRixsAAAAAAAAAAAAAAAAAAAAAAAAAAAAAAAAAAAAAAAAA",
      "nonce": "4",
      "r": "SDMAY2eUIzuof42iuJbp7ICVqnBmYRZTwaymE2ozrcA=",
      "receipt": {
        "cumulativeGasUsed": "198279",
        "logs": [
          {
            "address": "AAAAAAAAAAAAAAAAAAAAAAAAEBA=",
            "data": "AAAAAAAAAAAAAAAAAAAAAAAAAAAAAAAAAAOFqyK5cE8AAAAAAAAAAAAAAAAAAAAAAAAAAAAAAAAEIk1qvWwfUAAAAAAAAAAAAAAAAAAAAAAAAAAAAAAAANHLficsWElmAAAAAAAAAAAAAAAAAAAAAAAAAAAAAAAABB7Hv5qyrwEAAAAAAAAAAAAAAAAAAAAAAAAAAAAAAADRzwPSTxG5tQ==",
            "index": 3,
            "ordinal": "65",
            "topics": [
              "Tf4bu88Hfdw+ASke6i1ccMK0IrQV2VZFua3P1njLHWM=",
              "AAAAAAAAAAAAAAAAAAAAAAAAAAAAAAAAAAAAAAAAEBA=",
              "AAAAAAAAAAAAAAAAdiuuNYBn2VTD1f0iIcjfhQt9Leo=",
              "AAAAAAAAAAAAAAAARV5aoYRpvGzO9JWUZFZmxYejpxs="
            ]
          }
        ],
        "logsBloom": "AgAAAAAAAAAAAAAAAAAAAAAAAAAAAAAAAAAAAAAAAAAAAAAAAAAAAAAAAAAAAAAAAACAAAAAAAAAAAAAAAAAAAAAIAAAAAAAgAAAAAAAAIAAAAAAAAAAAAABAAAAAAAAAAAAAAAAAAAAAAAAAAAAAAAAAAAAAAAAgAAAAAAAAAAAAAAAgAAAAAAAAAEAAAAAAAAAAAAAAAAAAAAAAAAAACAAAAAQAAAAAAAAAAAAAAAAAAAAAAAAAAAAAAAAAABAAAAAAAAAAAAAAQAAAAAAAAAAAAAAAAAAABAAAAAAAAAAAAAAAAAAAAAAAAAAAAAAAAAAAAAAAAAAAAAAABAAAA=="
      },
      "returnData": "IgJmtgAAAAAAAAAAAAAAAAAAAAAAAAAAAAAAAAAAAAAAAAAAAAAAAAAAAAAAAAAAAAAAAAAAAAAAAAAAAAAAAAAAAEAAAAAAAAAAAAAAAAAAAAAAAAAAAAAAAAAAAAAAAAAAG0FBMTMgaW5pdENvZGUgZmFpbGVkIG9yIE9PRwAAAAAA",
      "s": "bk+EAD3UiLUfxRzH3Bbv5y8N7rhKESSMRwXu3bqryaQ=",
      "status": "REVERTED",
      "to": "X/E31LD9zUncowx89X5XigJtJ4k=",
      "v": "hPM="
    }
  ],
  "ver": 4
}