{
  "hash":  "ycVHQ3rBt3mfRIpHGewnuEXRq5LmU9/i+qoNZkx0qew=",
  "number":  "1550267",
  "size":  "4196",
  "header":  {
    "parentHash":  "Lqnb2KULZPqYeoP7inwY5jwKzNhQQaD6YS01a/i6ZrA=",
    "uncleHash":  "HcxN6N7HXXqrhbVntszUGtMSRRuUinQT8KFC/UDUk0c=",
    "coinbase":  "Kx2Hm14QLmAWYgLeeVN7SOLxikI=",
    "stateRoot":  "AAAAAAAAAAAAAAAAAAAAAAAAAAAAAAAAAAAAAAAAAAA=",
    "transactionsRoot":  "UGovRwB9IOw9P7ACFl+hfCxFwgTa3lRZNqwqrJ0NJ20=",
    "receiptRoot":  "VugfFxvMVab/g0XmksD4bltI4BuZbK3AAWIvteNjtCE=",
    "logsBloom":  "AAAAAAAAAAAAAAAAAAAAAAAAAAAAAAAAAAAAAAAAAAAAAAAAAAAAAAAAAAAAAAAAAAAAAAAAAAAAAAAAAAAAAAAAAAAAAAAAAAAAAAAAAAAAAAAAAAAAAAAAAAAAAAAAAAAAAAAAAAAAAAAAAAAAAAAAAAAAAAAAAAAAAAAAAAAAAAAAAAAAAAAAAAAAAAAAAAAAAAAAAAAAAAAAAAAAAAAAAAAAAAAAAAAAAAAAAAAAAAAAAAAAAAAAAAAAAAAAAAAAAAAAAAAAAAAAAAAAAAAAAAAAAAAAAAAAAAAAAAAAAAAAAAAAAAAAAAAAAAAAAAAAAAAAAAAAAAAAAAAAAA==",
    "difficulty":  {
      "bytes":  "AA=="
    },
    "number":  "1550267",
    "gasLimit":  "30000000",
    "timestamp":  "2024-05-15T17:12:36Z",
    "mixHash":  "AAAAAAAAAAAAAAAAAAAAAAAAAAAAAAAAAAAAAAAAAAA=",
    "hash":  "ycVHQ3rBt3mfRIpHGewnuEXRq5LmU9/i+qoNZkx0qew=",
    "baseFeePerGas":  {
      "bytes":  "kwcfxw=="
    },
    "parentBeaconRoot":  "AAAAAAAAAAAAAAAAAAAAAAAAAAAAAAAAAAAAAAAAAAA="
  },
  "transactionTraces":  [
    {
      "to":  "tmHJ8wNCN1AUM716ZYd4S3AgslQ=",
      "nonce":  "8",
      "gasPrice":  {
        "bytes":  "mVhWcg=="
      },
      "gasLimit":  "779146",
      "value":  {
        "bytes":  "d1bOoA=="
      },
      "input":  "YIBgQFJzQwAAAAAAAAAAAAAAAAAAAAAAAABgAl9hAQAKgVSBc///////////////////////////AhkWkINz//////////////////////////8WAheQVVBzeiOPKY1V+NsnuGDv8eAtFSixZYVgA19hAQAKgVSBc///////////////////////////AhkWkINz//////////////////////////8WAheQVVBhALphAL9gIBtgIBxWW2EDHlZbX3+cIv9fIfC4GxE+Y/fbbalP7e8RshGbQIi4lmT7mjy2WJBQgGBAUWEA8JBhAnhWW4GQYEBRgJEDkF/1kFCAFYAVYQENVz1fgD49X/1bUF+AYQEACoFUgXP//////////////////////////wIZFpCDc///////////////////////////FgIXkFVQX4BUkGEBAAqQBHP//////////////////////////xZz//////////////////////////8WNGBAUWEBj5BhArJWW19gQFGAgwOBhYda8ZJQUFA9gF+BFGEByVdgQFGRUGAfGWA/PQEWggFgQFI9glI9X2AghAE+YQHOVltgYJFQW1BQUF+AVJBhAQAKkARz//////////////////////////8Wc///////////////////////////FmMPrxAhX4BUkGEBAAqQBHP//////////////////////////xZgQFGCY/////8WYOAbgVJgBAFhAkiRkGEDBVZbX2BAUYCDA4Ffh4A7FYAVYQJfV1+A/VtQWvEVgBVhAnFXPV+APj1f/VtQUFBQUFZbYQKKgGELSYM5AZBWW1+BkFCSkVBQVltQVltfYQKdX4NhAoVWW5FQYQKogmECj1ZbX4IBkFCRkFBWW19hAryCYQKSVluRUIGQUJGQUFZbX3P//////////////////////////4IWkFCRkFBWW19hAu+CYQLGVluQUJGQUFZbYQL/gWEC5VZbglJQUFZbX2AgggGQUGEDGF+DAYRhAvZWW5KRUFBWW2EIHoBhAytfOV/z/mCAYEBSYAQ2EGEAc1dfNWDgHIBjTffj0BFhAE1XgGNN9+PQFGEA3FeAY3R39wAUYQEGV4Bjex2CnBRhATBXgGPPOiF+FGEBWldhAHpWW4BjC2HNfxRhAH5XgGMNvmcfFGEAiFeAYx1j4k0UYQCyV2EAelZbNmEAelcAW1+A/VthAIZhAXBWWwBbNIAVYQCTV1+A/VtQYQCcYQMpVltgQFFhAKmRkGEEmlZbYEBRgJEDkPNbNIAVYQC9V1+A/VtQYQDGYQNMVltgQFFhANORkGEEy1ZbYEBRgJEDkPNbNIAVYQDnV1+A/VtQYQDwYQNSVltgQFFhAP2RkGEEmlZbYEBRgJEDkPNbNIAVYQERV1+A/VtQYQEaYQN3VltgQFFhASeRkGEEy1ZbYEBRgJEDkPNbNIAVYQE7V1+A/VtQYQFEYQN9VltgQFFhAVGRkGEEy1ZbYEBRgJEDkPNbNIAVYQFlV1+A/VtQYQFuYQODVlsAW19/nCL/XyHwuBsRPmP3222pT+3vEbIRm0CIuJZk+5o8tliQUIBgQFFhAaGQYQQTVluBkGBAUYCRA5Bf9ZBQgBWAFWEBvlc9X4A+PV/9W1BfgGEBAAqBVIFz//////////////////////////8CGRaQg3P//////////////////////////xYCF5BVUF+AVJBhAQAKkARz//////////////////////////8Wc///////////////////////////FjRgQFFhAkCQYQURVltfYEBRgIMDgYWHWvGSUFBQPYBfgRRhAnpXYEBRkVBgHxlgPz0BFoIBYEBSPYJSPV9gIIQBPmECf1ZbYGCRUFtQUFBfgFSQYQEACpAEc///////////////////////////FnP//////////////////////////xZjD68QIV+AVJBhAQAKkARz//////////////////////////8WYEBRgmP/////FmDgG4FSYAQBYQL5kZBhBUVWW19gQFGAgwOBX4eAOxWAFWEDEFdfgP1bUFrxFYAVYQMiVz1fgD49X/1bUFBQUFBWW1+AVJBhAQAKkARz//////////////////////////8WgVZbYAVUgVZbYAFfkFSQYQEACpAEc///////////////////////////FoFWW2AEVIFWW2AGVIFWW19/nCL/XyHwuBsRPmP3222pT+3vEbIRm0CIuJZk+5o8tliQUIBgQFFhA7SQYQQTVluBkGBAUYCRA5Bf9ZBQgBWAFWED0Vc9X4A+PV/9W1BfgGEBAAqBVIFz//////////////////////////8CGRaQg3P//////////////////////////xYCF5BVUFBWW2ECioBhBV+DOQGQVltfc///////////////////////////ghaQUJGQUFZbX4GQUJGQUFZbX2EEYmEEXWEEWIRhBCBWW2EEP1ZbYQQgVluQUJGQUFZbX2EEc4JhBEhWW5BQkZBQVltfYQSEgmEEaVZbkFCRkFBWW2EElIFhBHpWW4JSUFBWW19gIIIBkFBhBK1fgwGEYQSLVluSkVBQVltfgZBQkZBQVlthBMWBYQSzVluCUlBQVltfYCCCAZBQYQTeX4MBhGEEvFZbkpFQUFZbX4GQUJKRUFBWW1BWW19hBPxfg2EE5FZbkVBhBQeCYQTuVltfggGQUJGQUFZbX2EFG4JhBPFWW5FQgZBQkZBQVltfYQUvgmEEIFZbkFCRkFBWW2EFP4FhBSVWW4JSUFBWW19gIIIBkFBhBVhfgwGEYQU2VluSkVBQVv5ggGBAUnNDAAAAAAAAAAAAAAAAAAAAAAAAAF+AYQEACoFUgXP//////////////////////////wIZFpCDc///////////////////////////FgIXkFVQc3ojjymNVfjbJ7hg7/HgLRUosWWFYAFfYQEACoFUgXP//////////////////////////wIZFpCDc///////////////////////////FgIXkFVQNIAVYLVXX4D9W1BhAceAYQDDXzlf8/5ggGBAUmAENhBhADdXXzVg4ByAYw+vECEUYQBCV4BjHWPiTRRhAF5XgGN0d/cAFGEAiFdhAD5WWzZhAD5XAFtfgP1bYQBcYASANgOBAZBhAFeRkGEBNVZbYQCyVlsAWzSAFWEAaVdfgP1bUGEAcmEAy1ZbYEBRYQB/kZBhAXhWW2BAUYCRA5DzWzSAFWEAk1dfgP1bUGEAnGEA0VZbYEBRYQCpkZBhAXhWW2BAUYCRA5DzW4Bz//////////////////////////8W/1tgA1SBVltgAlSBVltfgP1bX3P//////////////////////////4IWkFCRkFBWW19hAQSCYQDbVluQUJGQUFZbYQEUgWEA+lZbgRRhAR5XX4D9W1BWW1+BNZBQYQEvgWEBC1ZbkpFQUFZbX2AggoQDEhVhAUpXYQFJYQDXVltbX2EBV4SChQFhASFWW5FQUJKRUFBWW1+BkFCRkFBWW2EBcoFhAWBWW4JSUFBWW19gIIIBkFBhAYtfgwGEYQFpVluSkVBQVv6iZGlwZnNYIhIgeJ3+vUw6BPBQJteR8YhtD8wTPcLbIRYEWUqAC1vSMjBkc29sY0MACBkAM6JkaXBmc1giEiC/VJdrQtHrDXIpsr3UjopR7bzpzAzhLuPtNOmtg7kBFWRzb2xjQwAIGQAzYIBgQFJzQwAAAAAAAAAAAAAAAAAAAAAAAABfgGEBAAqBVIFz//////////////////////////8CGRaQg3P//////////////////////////xYCF5BVUHN6I48pjVX42ye4YO/x4C0VKLFlhWABX2EBAAqBVIFz//////////////////////////8CGRaQg3P//////////////////////////xYCF5BVUDSAFWC1V1+A/VtQYQHHgGEAw185X/P+YIBgQFJgBDYQYQA3V181YOAcgGMPrxAhFGEAQleAYx1j4k0UYQBeV4BjdHf3ABRhAIhXYQA+Vls2YQA+VwBbX4D9W2EAXGAEgDYDgQGQYQBXkZBhATVWW2EAslZbAFs0gBVhAGlXX4D9W1BhAHJhAMtWW2BAUWEAf5GQYQF4VltgQFGAkQOQ81s0gBVhAJNXX4D9W1BhAJxhANFWW2BAUWEAqZGQYQF4VltgQFGAkQOQ81uAc///////////////////////////Fv9bYANUgVZbYAJUgVZbX4D9W19z//////////////////////////+CFpBQkZBQVltfYQEEgmEA21ZbkFCRkFBWW2EBFIFhAPpWW4EUYQEeV1+A/VtQVltfgTWQUGEBL4FhAQtWW5KRUFBWW19gIIKEAxIVYQFKV2EBSWEA11ZbW19hAVeEgoUBYQEhVluRUFCSkVBQVltfgZBQkZBQVlthAXKBYQFgVluCUlBQVltfYCCCAZBQYQGLX4MBhGEBaVZbkpFQUFb+omRpcGZzWCISIHid/r1MOgTwUCbXkfGIbQ/MEz3C2yEWBFlKgAtb0jIwZHNvbGNDAAgZADM=",
      "r":  "uEHvjD26MNMUOogGHEac8h8Gyz2aw+Nbzc+mi2kmRS8=",
      "s":  "E8IkJGk6TjnE8pl+DO4Ty/WfNsTFicVgSpPI2ayGblU=",
      "gasUsed":  "771853",
      "type":  "TRX_TYPE_DYNAMIC_FEE",
      "maxFeePerGas":  {
        "bytes":  "yOKYzA=="
      },
      "maxPriorityFeePerGas":  {
        "bytes":  "BlE2qw=="
      },
      "hash":  "5gTFisgmyZvp3w4jvWMAn6e93CFPnMRbzXnM9NcV2lg=",
      "from":  "eiOPKY1V+NsnuGDv8eAtFSixZYU=",
      "beginOrdinal":  "1",
      "endOrdinal":  "44",
      "status":  "SUCCEEDED",
      "receipt":  {
        "cumulativeGasUsed":  "771853",
        "logsBloom":  "AAAAAAAAAAAAAAAAAAAAAAAAAAAAAAAAAAAAAAAAAAAAAAAAAAAAAAAAAAAAAAAAAAAAAAAAAAAAAAAAAAAAAAAAAAAAAAAAAAAAAAAAAAAAAAAAAAAAAAAAAAAAAAAAAAAAAAAAAAAAAAAAAAAAAAAAAAAAAAAAAAAAAAAAAAAAAAAAAAAAAAAAAAAAAAAAAAAAAAAAAAAAAAAAAAAAAAAAAAAAAAAAAAAAAAAAAAAAAAAAAAAAAAAAAAAAAAAAAAAAAAAAAAAAAAAAAAAAAAAAAAAAAAAAAAAAAAAAAAAAAAAAAAAAAAAAAAAAAAAAAAAAAAAAAAAAAAAAAAAAAA=="
      },
      "calls":  [
        {
          "index":  1,
          "callType":  "CREATE",
          "caller":  "eiOPKY1V+NsnuGDv8eAtFSixZYU=",
          "address":  "tmHJ8wNCN1AUM716ZYd4S3AgslQ=",
          "value":  {
            "bytes":  "d1bOoA=="
          },
          "gasLimit":  "671148",
          "gasConsumed":  "663855",
          "storageChanges":  [
            {
              "address":  "tmHJ8wNCN1AUM716ZYd4S3AgslQ=",
              "key":  "AAAAAAAAAAAAAAAAAAAAAAAAAAAAAAAAAAAAAAAAAAI=",
              "oldValue":  "AAAAAAAAAAAAAAAAAAAAAAAAAAAAAAAAAAAAAAAAAAA=",
              "newValue":  "AAAAAAAAAAAAAAAAQwAAAAAAAAAAAAAAAAAAAAAAAAA=",
              "ordinal":  "9"
            },
            {
              "address":  "tmHJ8wNCN1AUM716ZYd4S3AgslQ=",
              "key":  "AAAAAAAAAAAAAAAAAAAAAAAAAAAAAAAAAAAAAAAAAAM=",
              "oldValue":  "AAAAAAAAAAAAAAAAAAAAAAAAAAAAAAAAAAAAAAAAAAA=",
              "newValue":  "AAAAAAAAAAAAAAAAeiOPKY1V+NsnuGDv8eAtFSixZYU=",
              "ordinal":  "10"
            },
            {
              "address":  "tmHJ8wNCN1AUM716ZYd4S3AgslQ=",
              "key":  "AAAAAAAAAAAAAAAAAAAAAAAAAAAAAAAAAAAAAAAAAAA=",
              "oldValue":  "AAAAAAAAAAAAAAAAAAAAAAAAAAAAAAAAAAAAAAAAAAA=",
              "newValue":  "AAAAAAAAAAAAAAAAVmsCLVeUvExlb0NlkADTCzuyRWs=",
              "ordinal":  "24"
            }
          ],
          "balanceChanges":  [
            {
              "address":  "eiOPKY1V+NsnuGDv8eAtFSixZYU=",
              "oldValue":  {
                "bytes":  "Dbv1zrT3nx0="
              },
              "newValue":  {
                "bytes":  "DbTWtv/L76k="
              },
              "reason":  "REASON_GAS_BUY",
              "ordinal":  "2"
            },
            {
              "address":  "eiOPKY1V+NsnuGDv8eAtFSixZYU=",
              "oldValue":  {
                "bytes":  "DbTWtv/L76k="
              },
              "newValue":  {
                "bytes":  "DbTWtoh1IQk="
              },
              "reason":  "REASON_TRANSFER",
              "ordinal":  "7"
            },
            {
              "address":  "tmHJ8wNCN1AUM716ZYd4S3AgslQ=",
              "newValue":  {
                "bytes":  "d1bOoA=="
              },
              "reason":  "REASON_TRANSFER",
              "ordinal":  "8"
            },
            {
              "address":  "eiOPKY1V+NsnuGDv8eAtFSixZYU=",
              "oldValue":  {
                "bytes":  "DbTWtoh1IQk="
              },
              "newValue":  {
                "bytes":  "DbTnxxILzrM="
              },
              "reason":  "REASON_GAS_REFUND",
              "ordinal":  "42"
            },
            {
              "address":  "Kx2Hm14QLmAWYgLeeVN7SOLxikI=",
              "oldValue":  {
                "bytes":  "3mbtxTnosse6"
              },
              "newValue":  {
                "bytes":  "3mbuD6C1qntp"
              },
              "reason":  "REASON_REWARD_TRANSACTION_FEE",
              "ordinal":  "43"
            }
          ],
          "nonceChanges":  [
            {
              "address":  "eiOPKY1V+NsnuGDv8eAtFSixZYU=",
              "oldValue":  "8",
              "newValue":  "9",
              "ordinal":  "5"
            },
            {
              "address":  "tmHJ8wNCN1AUM716ZYd4S3AgslQ=",
              "newValue":  "1",
              "ordinal":  "6"
            }
          ],
          "codeChanges":  [
            {
              "address":  "tmHJ8wNCN1AUM716ZYd4S3AgslQ=",
              "oldHash":  "xdJGAYb3IzySfn2y3McDwOUAtlPKgic7e/rYBF2FpHA=",
              "newHash":  "SCiyEasTfEh/c8vA9xQ/UVY7EnPvfmQlXKBqXUD/TxU=",
              "newCode":  "YIBgQFJgBDYQYQBzV181YOAcgGNN9+PQEWEATVeAY03349AUYQDcV4BjdHf3ABRhAQZXgGN7HYKcFGEBMFeAY886IX4UYQFaV2EAelZbgGMLYc1/FGEAfleAYw2+Zx8UYQCIV4BjHWPiTRRhALJXYQB6Vls2YQB6VwBbX4D9W2EAhmEBcFZbAFs0gBVhAJNXX4D9W1BhAJxhAylWW2BAUWEAqZGQYQSaVltgQFGAkQOQ81s0gBVhAL1XX4D9W1BhAMZhA0xWW2BAUWEA05GQYQTLVltgQFGAkQOQ81s0gBVhAOdXX4D9W1BhAPBhA1JWW2BAUWEA/ZGQYQSaVltgQFGAkQOQ81s0gBVhARFXX4D9W1BhARphA3dWW2BAUWEBJ5GQYQTLVltgQFGAkQOQ81s0gBVhATtXX4D9W1BhAURhA31WW2BAUWEBUZGQYQTLVltgQFGAkQOQ81s0gBVhAWVXX4D9W1BhAW5hA4NWWwBbX3+cIv9fIfC4GxE+Y/fbbalP7e8RshGbQIi4lmT7mjy2WJBQgGBAUWEBoZBhBBNWW4GQYEBRgJEDkF/1kFCAFYAVYQG+Vz1fgD49X/1bUF+AYQEACoFUgXP//////////////////////////wIZFpCDc///////////////////////////FgIXkFVQX4BUkGEBAAqQBHP//////////////////////////xZz//////////////////////////8WNGBAUWECQJBhBRFWW19gQFGAgwOBhYda8ZJQUFA9gF+BFGECeldgQFGRUGAfGWA/PQEWggFgQFI9glI9X2AghAE+YQJ/VltgYJFQW1BQUF+AVJBhAQAKkARz//////////////////////////8Wc///////////////////////////FmMPrxAhX4BUkGEBAAqQBHP//////////////////////////xZgQFGCY/////8WYOAbgVJgBAFhAvmRkGEFRVZbX2BAUYCDA4Ffh4A7FYAVYQMQV1+A/VtQWvEVgBVhAyJXPV+APj1f/VtQUFBQUFZbX4BUkGEBAAqQBHP//////////////////////////xaBVltgBVSBVltgAV+QVJBhAQAKkARz//////////////////////////8WgVZbYARUgVZbYAZUgVZbX3+cIv9fIfC4GxE+Y/fbbalP7e8RshGbQIi4lmT7mjy2WJBQgGBAUWEDtJBhBBNWW4GQYEBRgJEDkF/1kFCAFYAVYQPRVz1fgD49X/1bUF+AYQEACoFUgXP//////////////////////////wIZFpCDc///////////////////////////FgIXkFVQUFZbYQKKgGEFX4M5AZBWW19z//////////////////////////+CFpBQkZBQVltfgZBQkZBQVltfYQRiYQRdYQRYhGEEIFZbYQQ/VlthBCBWW5BQkZBQVltfYQRzgmEESFZbkFCRkFBWW19hBISCYQRpVluQUJGQUFZbYQSUgWEEelZbglJQUFZbX2AgggGQUGEErV+DAYRhBItWW5KRUFBWW1+BkFCRkFBWW2EExYFhBLNWW4JSUFBWW19gIIIBkFBhBN5fgwGEYQS8VluSkVBQVltfgZBQkpFQUFZbUFZbX2EE/F+DYQTkVluRUGEFB4JhBO5WW1+CAZBQkZBQVltfYQUbgmEE8VZbkVCBkFCRkFBWW19hBS+CYQQgVluQUJGQUFZbYQU/gWEFJVZbglJQUFZbX2AgggGQUGEFWF+DAYRhBTZWW5KRUFBW/mCAYEBSc0MAAAAAAAAAAAAAAAAAAAAAAAAAX4BhAQAKgVSBc///////////////////////////AhkWkINz//////////////////////////8WAheQVVBzeiOPKY1V+NsnuGDv8eAtFSixZYVgAV9hAQAKgVSBc///////////////////////////AhkWkINz//////////////////////////8WAheQVVA0gBVgtVdfgP1bUGEBx4BhAMNfOV/z/mCAYEBSYAQ2EGEAN1dfNWDgHIBjD68QIRRhAEJXgGMdY+JNFGEAXleAY3R39wAUYQCIV2EAPlZbNmEAPlcAW1+A/VthAFxgBIA2A4EBkGEAV5GQYQE1VlthALJWWwBbNIAVYQBpV1+A/VtQYQByYQDLVltgQFFhAH+RkGEBeFZbYEBRgJEDkPNbNIAVYQCTV1+A/VtQYQCcYQDRVltgQFFhAKmRkGEBeFZbYEBRgJEDkPNbgHP//////////////////////////xb/W2ADVIFWW2ACVIFWW1+A/Vtfc///////////////////////////ghaQUJGQUFZbX2EBBIJhANtWW5BQkZBQVlthARSBYQD6VluBFGEBHldfgP1bUFZbX4E1kFBhAS+BYQELVluSkVBQVltfYCCChAMSFWEBSldhAUlhANdWW1tfYQFXhIKFAWEBIVZbkVBQkpFQUFZbX4GQUJGQUFZbYQFygWEBYFZbglJQUFZbX2AgggGQUGEBi1+DAYRhAWlWW5KRUFBW/qJkaXBmc1giEiB4nf69TDoE8FAm15HxiG0PzBM9wtshFgRZSoALW9IyMGRzb2xjQwAIGQAzomRpcGZzWCISIL9Ul2tC0esNcimyvdSOilHtvOnMDOEu4+006a2DuQEVZHNvbGNDAAgZADM=",
              "ordinal":  "40"
            }
          ],
          "gasChanges":  [
            {
              "oldValue":  "779146",
              "newValue":  "671148",
              "reason":  "REASON_INTRINSIC_GAS",
              "ordinal":  "3"
            },
            {
              "oldValue":  "626722",
              "newValue":  "626589",
              "reason":  "REASON_CODE_COPY",
              "ordinal":  "11"
            },
            {
              "oldValue":  "626548",
              "newValue":  "594380",
              "reason":  "REASON_CONTRACT_CREATION2",
              "ordinal":  "12"
            },
            {
              "oldValue":  "594380",
              "newValue":  "9287",
              "reason":  "REASON_CONTRACT_CREATION2",
              "ordinal":  "13"
            },
            {
              "oldValue":  "9287",
              "newValue":  "458909",
              "reason":  "REASON_REFUND_AFTER_EXECUTION",
              "ordinal":  "23"
            },
            {
              "oldValue":  "436353",
              "newValue":  "6675",
              "reason":  "REASON_CALL",
              "ordinal":  "25"
            },
            {
              "oldValue":  "6675",
              "newValue":  "429498",
              "reason":  "REASON_REFUND_AFTER_EXECUTION",
              "ordinal":  "30"
            },
            {
              "oldValue":  "428786",
              "newValue":  "6698",
              "reason":  "REASON_CALL",
              "ordinal":  "31"
            },
            {
              "oldValue":  "6698",
              "newValue":  "423285",
              "reason":  "REASON_REFUND_AFTER_EXECUTION",
              "ordinal":  "37"
            },
            {
              "oldValue":  "423220",
              "newValue":  "422895",
              "reason":  "REASON_CODE_COPY",
              "ordinal":  "38"
            },
            {
              "oldValue":  "422893",
              "newValue":  "7293",
              "reason":  "REASON_CODE_STORAGE",
              "ordinal":  "39"
            }
          ],
          "endOrdinal":  "41"
        },
        {
          "index":  2,
          "parentIndex":  1,
          "depth":  1,
          "callType":  "CREATE",
          "caller":  "tmHJ8wNCN1AUM716ZYd4S3AgslQ=",
          "address":  "VmsCLVeUvExlb0NlkADTCzuyRWs=",
          "gasLimit":  "585093",
          "gasConsumed":  "135471",
          "storageChanges":  [
            {
              "address":  "VmsCLVeUvExlb0NlkADTCzuyRWs=",
              "key":  "AAAAAAAAAAAAAAAAAAAAAAAAAAAAAAAAAAAAAAAAAAA=",
              "oldValue":  "AAAAAAAAAAAAAAAAAAAAAAAAAAAAAAAAAAAAAAAAAAA=",
              "newValue":  "AAAAAAAAAAAAAAAAQwAAAAAAAAAAAAAAAAAAAAAAAAA=",
              "ordinal":  "17"
            },
            {
              "address":  "VmsCLVeUvExlb0NlkADTCzuyRWs=",
              "key":  "AAAAAAAAAAAAAAAAAAAAAAAAAAAAAAAAAAAAAAAAAAE=",
              "oldValue":  "AAAAAAAAAAAAAAAAAAAAAAAAAAAAAAAAAAAAAAAAAAA=",
              "newValue":  "AAAAAAAAAAAAAAAAeiOPKY1V+NsnuGDv8eAtFSixZYU=",
              "ordinal":  "18"
            }
          ],
          "nonceChanges":  [
            {
              "address":  "tmHJ8wNCN1AUM716ZYd4S3AgslQ=",
              "oldValue":  "1",
              "newValue":  "2",
              "ordinal":  "15"
            },
            {
              "address":  "VmsCLVeUvExlb0NlkADTCzuyRWs=",
              "newValue":  "1",
              "ordinal":  "16"
            }
          ],
          "codeChanges":  [
            {
              "address":  "VmsCLVeUvExlb0NlkADTCzuyRWs=",
              "oldHash":  "xdJGAYb3IzySfn2y3McDwOUAtlPKgic7e/rYBF2FpHA=",
              "newHash":  "6CUXyeRMWXwdWTThEgzSUhJR2IxY3DiiPnUZpa1qPpY=",
              "newCode":  "YIBgQFJgBDYQYQA3V181YOAcgGMPrxAhFGEAQleAYx1j4k0UYQBeV4BjdHf3ABRhAIhXYQA+Vls2YQA+VwBbX4D9W2EAXGAEgDYDgQGQYQBXkZBhATVWW2EAslZbAFs0gBVhAGlXX4D9W1BhAHJhAMtWW2BAUWEAf5GQYQF4VltgQFGAkQOQ81s0gBVhAJNXX4D9W1BhAJxhANFWW2BAUWEAqZGQYQF4VltgQFGAkQOQ81uAc///////////////////////////Fv9bYANUgVZbYAJUgVZbX4D9W19z//////////////////////////+CFpBQkZBQVltfYQEEgmEA21ZbkFCRkFBWW2EBFIFhAPpWW4EUYQEeV1+A/VtQVltfgTWQUGEBL4FhAQtWW5KRUFBWW19gIIKEAxIVYQFKV2EBSWEA11ZbW19hAVeEgoUBYQEhVluRUFCSkVBQVltfgZBQkZBQVlthAXKBYQFgVluCUlBQVltfYCCCAZBQYQGLX4MBhGEBaVZbkpFQUFb+omRpcGZzWCISIHid/r1MOgTwUCbXkfGIbQ/MEz3C2yEWBFlKgAtb0jIwZHNvbGNDAAgZADM=",
              "ordinal":  "21"
            }
          ],
          "gasChanges":  [
            {
              "oldValue":  "540708",
              "newValue":  "540624",
              "reason":  "REASON_CODE_COPY",
              "ordinal":  "19"
            },
            {
              "oldValue":  "540622",
              "newValue":  "449622",
              "reason":  "REASON_CODE_STORAGE",
              "ordinal":  "20"
            }
          ],
          "beginOrdinal":  "14",
          "endOrdinal":  "22"
        },
        {
          "index":  3,
          "parentIndex":  1,
          "depth":  1,
          "callType":  "CALL",
          "caller":  "tmHJ8wNCN1AUM716ZYd4S3AgslQ=",
          "address":  "VmsCLVeUvExlb0NlkADTCzuyRWs=",
          "value":  {
            "bytes":  "d1bOoA=="
          },
          "gasLimit":  "422878",
          "gasConsumed":  "55",
          "balanceChanges":  [
            {
              "address":  "tmHJ8wNCN1AUM716ZYd4S3AgslQ=",
              "oldValue":  {
                "bytes":  "d1bOoA=="
              },
              "reason":  "REASON_TRANSFER",
              "ordinal":  "27"
            },
            {
              "address":  "VmsCLVeUvExlb0NlkADTCzuyRWs=",
              "newValue":  {
                "bytes":  "d1bOoA=="
              },
              "reason":  "REASON_TRANSFER",
              "ordinal":  "28"
            }
          ],
          "beginOrdinal":  "26",
          "endOrdinal":  "29"
        },
        {
          "index":  4,
          "parentIndex":  1,
          "depth":  1,
          "callType":  "CALL",
          "caller":  "tmHJ8wNCN1AUM716ZYd4S3AgslQ=",
          "address":  "VmsCLVeUvExlb0NlkADTCzuyRWs=",
          "gasLimit":  "421988",
          "gasConsumed":  "5401",
          "input":  "D68QIQAAAAAAAAAAAAAAAFZrAi1XlLxMZW9DZZAA0ws7skVr",
          "executedCode":  true,
          "suicide":  true,
          "balanceChanges":  [
            {
              "address":  "VmsCLVeUvExlb0NlkADTCzuyRWs=",
              "newValue":  {
                "bytes":  "d1bOoA=="
              },
              "reason":  "REASON_SUICIDE_REFUND",
              "ordinal":  "34"
            },
            {
              "address":  "VmsCLVeUvExlb0NlkADTCzuyRWs=",
              "oldValue":  {
                "bytes":  "d1bOoA=="
              },
              "reason":  "REASON_SUICIDE_WITHDRAW",
              "ordinal":  "35"
            }
          ],
          "gasChanges":  [
            {
              "oldValue":  "421587",
              "newValue":  "416587",
              "reason":  "REASON_SELF_DESTRUCT",
              "ordinal":  "33"
            }
          ],
          "beginOrdinal":  "32",
          "endOrdinal":  "36"
        }
      ]
    }
  ],
  "ver":  3
}