{
  "hash": "y71D1kwLevzO3QM7Tb/HTbugkWunCsMQfX6tEDlYxvQ=",
  "header": {
    "baseFeePerGas": {
      "bytes": "Cqc="
    },
    "coinbase": "AAAAaRaoe4IzP0JFBGYjsjeUxlw=",
    "difficulty": {
      "bytes": "AA=="
    },
    "gasLimit": "30000000",
    "hash": "y71D1kwLevzO3QM7Tb/HTbugkWunCsMQfX6tEDlYxvQ=",
    "logsBloom": "AAAAAAAAAAAAAAAAAAAAAAAAAAAAAAAAAAAAAAAAAAAAAAAAAAAAAAAAAAAAAAAAAAAAAAAAAAAAAAAAAAAAAAAAAAAAAAAAAAAAAAAAAAAAAAAAAAAAAAAAAAAAAAAAAAAAAAAAAAAAAAAAAAAAAAAAAAAAAAAAAAAAAAAAAAAAAAAAAAAAAAAAAAAAAAAAAAAAAAAAAAAAAAAAAAAAAAAAAAAAAAAAAAAAAAAAAAAAAAAAAAAAAAAAAAAAAAAAAAAAAAAAAAAAAAAAAAAAAAAAAAAAAAAAAAAAAAAAAAAAAAAAAAAAAAAAAAAAAAAAAAAAAAAAAAAAAAAAAAAAAA==",
    "mixHash": "AAAAAAAAAAAAAAAAAAAAAAAAAAAAAAAAAAAAAAAAAAA=",
    "number": "3733424",
    "parentBeaconRoot": "AAAAAAAAAAAAAAAAAAAAAAAAAAAAAAAAAAAAAAAAAAA=",
    "parentHash": "tiPea7U9cF1d/n81G6Joc9l8W4QXaechfBMHho0LHBY=",
    "receiptRoot": "VugfFxvMVab/g0XmksD4bltI4BuZbK3AAWIvteNjtCE=",
    "stateRoot": "AAAAAAAAAAAAAAAAAAAAAAAAAAAAAAAAAAAAAAAAAAA=",
    "timestamp": "2023-06-20T21:02:36Z",
    "transactionsRoot": "qGt8M+EeGIjvA3CmiVt41zk8Ap6NokQ0xxIVjv/5oCY=",
    "uncleHash": "HcxN6N7HXXqrhbVntszUGtMSRRuUinQT8KFC/UDUk0c="
  },
  "number": "3733424",
  "size": "673",
  "transactionTraces": [
    {
      "beginOrdinal": "1",
      "calls": [
        {
          "accountCreations": [
            {
              "account": "eo7Sf0wwUSMmh4ZS0g/IVydAGFQ=",
              "ordinal": "21"
            }
          ],
          "address": "VJoy1Xw102gR3mpGJZaXDIPqmyM=",
          "balanceChanges": [
            {
              "address": "6z09YW8+Q+ntNh7dLQ5kTRjRebc=",
              "newValue": {
                "bytes": "B5sluJ/kW34="
              },
              "oldValue": {
                "bytes": "B5sluMJIrb4="
              },
              "ordinal": "2",
              "reason": "REASON_GAS_BUY"
            },
            {
              "address": "6z09YW8+Q+ntNh7dLQ5kTRjRebc=",
              "newValue": {
                "bytes": "B5sluLmEBFg="
              },
              "oldValue": {
                "bytes": "B5sluJ/kW34="
              },
              "ordinal": "20",
              "reason": "REASON_GAS_REFUND"
            },
            {
              "address": "eo7Sf0wwUSMmh4ZS0g/IVydAGFQ=",
              "newValue": {
                "bytes": "CEm7Ag=="
              },
              "ordinal": "22",
              "reason": "REASON_BURN"
            },
            {
              "address": "AAAAaRaoe4IzP0JFBGYjsjeUxlw=",
              "newValue": {
                "bytes": "Aecpt9WGjDRS35o="
              },
              "oldValue": {
                "bytes": "Aecpt9WGjDPX8TY="
              },
              "ordinal": "23",
              "reason": "REASON_REWARD_TRANSACTION_FEE"
            }
          ],
          "callType": "CALL",
          "caller": "6z09YW8+Q+ntNh7dLQ5kTRjRebc=",
          "endOrdinal": "19",
          "executedCode": true,
          "gasChanges": [
            {
              "newValue": "178664",
              "oldValue": "200000",
              "ordinal": "3",
              "reason": "REASON_INTRINSIC_GAS"
            },
            {
              "newValue": "175937",
              "oldValue": "178437",
              "ordinal": "6",
              "reason": "REASON_STATE_COLD_ACCESS"
            },
            {
              "newValue": "2748",
              "oldValue": "178537",
              "ordinal": "7",
              "reason": "REASON_CALL"
            },
            {
              "newValue": "173596",
              "oldValue": "2748",
              "ordinal": "10",
              "reason": "REASON_REFUND_AFTER_EXECUTION"
            },
            {
              "newValue": "2677",
              "oldValue": "171474",
              "ordinal": "11",
              "reason": "REASON_CALL"
            },
            {
              "newValue": "144210",
              "oldValue": "2677",
              "ordinal": "18",
              "reason": "REASON_REFUND_AFTER_EXECUTION"
            }
          ],
          "gasConsumed": "34454",
          "gasLimit": "178664",
          "index": 1,
          "input": "ASy2ctjBKKzAgl3Lr2HkOik6WlJ2",
          "logs": [
            {
              "address": "AAAAAAAAAAAAAAAAAAAAAAAAEBA=",
              "blockIndex": 1,
              "data": "AAAAAAAAAAAAAAAAAAAAAAAAAAAAAAAAAAAAAAB67mQAAAAAAAAAAAAAAAAAAAAAAAAAAAAAAAAHmyW4wkitvgAAAAAAAAAAAAAAAAAAAAAAAAAAAAHnKbfVhowz1/E2AAAAAAAAAAAAAAAAAAAAAAAAAAAAAAAAB5sluMHNv1oAAAAAAAAAAAAAAAAAAAAAAAAAAAAB5ym31YaMNFLfmg==",
              "index": 1,
              "ordinal": "24",
              "topics": [
                "Tf4bu88Hfdw+ASke6i1ccMK0IrQV2VZFua3P1njLHWM=",
                "AAAAAAAAAAAAAAAAAAAAAAAAAAAAAAAAAAAAAAAAEBA=",
                "AAAAAAAAAAAAAAAA6z09YW8+Q+ntNh7dLQ5kTRjRebc=",
                "AAAAAAAAAAAAAAAAAAAAaRaoe4IzP0JFBGYjsjeUxlw="
              ]
            }
          ],
          "nonceChanges": [
            {
              "address": "6z09YW8+Q+ntNh7dLQ5kTRjRebc=",
              "newValue": "28",
              "oldValue": "27",
              "ordinal": "4"
            }
          ]
        },
        {
          "address": "LLZy2MEorMCCXcuvYeQ6KTpaUnY=",
          "beginOrdinal": "8",
          "callType": "CALL",
          "caller": "VJoy1Xw102gR3mpGJZaXDIPqmyM=",
          "depth": 1,
          "endOrdinal": "9",
          "executedCode": true,
          "gasConsumed": "2338",
          "gasLimit": "173186",
          "index": 2,
          "input": "cKCCMQAAAAAAAAAAAAAAAFSaMtV8NdNoEd5qRiWWlwyD6psj",
          "keccakPreimages": {
            "dfecc5e296fad583cf3240a878ef92ffb0955f284f0216e1670f60c2279e53ba": "000000000000000000000000549a32d57c35d36811de6a462596970c83ea9b230000000000000000000000000000000000000000000000000000000000000000"
          },
          "parentIndex": 1,
          "returnData": "AAAAAAAAAAAAAAAAAAAAAAAAAAAAAAAAAAAAAAAAAJY="
        },
        {
          "address": "LLZy2MEorMCCXcuvYeQ6KTpaUnY=",
          "beginOrdinal": "12",
          "callType": "CALL",
          "caller": "VJoy1Xw102gR3mpGJZaXDIPqmyM=",
          "depth": 1,
          "endOrdinal": "17",
          "executedCode": true,
          "gasChanges": [
            {
              "newValue": "141533",
              "oldValue": "143289",
              "ordinal": "15",
              "reason": "REASON_EVENT_LOG"
            }
          ],
          "gasConsumed": "27164",
          "gasLimit": "168697",
          "index": 3,
          "input": "qQWcuwAAAAAAAAAAAAAAAOs9PWFvPkPp7TYe3S0OZE0Y0Xm3AAAAAAAAAAAAAAAAAAAAAAAAAAAAAAAAAAAAAAAAAJY=",
          "keccakPreimages": {
            "bb65ff7a03b11b79143b011da0de7c67f6d9bb8f57df2381d88d503cdb07b0b6": "000000000000000000000000eb3d3d616f3e43e9ed361edd2d0e644d18d179b70000000000000000000000000000000000000000000000000000000000000000",
            "dfecc5e296fad583cf3240a878ef92ffb0955f284f0216e1670f60c2279e53ba": "000000000000000000000000549a32d57c35d36811de6a462596970c83ea9b230000000000000000000000000000000000000000000000000000000000000000"
          },
          "logs": [
            {
              "address": "LLZy2MEorMCCXcuvYeQ6KTpaUnY=",
              "data": "AAAAAAAAAAAAAAAAAAAAAAAAAAAAAAAAAAAAAAAAAJY=",
              "ordinal": "16",
              "topics": [
                "3fJSrRviyJtpwrBo/DeNqpUrp/FjxKEWKPVaTfUjs+8=",
                "AAAAAAAAAAAAAAAAVJoy1Xw102gR3mpGJZaXDIPqmyM=",
                "AAAAAAAAAAAAAAAA6z09YW8+Q+ntNh7dLQ5kTRjRebc="
              ]
            }
          ],
          "parentIndex": 1,
          "storageChanges": [
            {
              "address": "LLZy2MEorMCCXcuvYeQ6KTpaUnY=",
              "key": "u2X/egOxG3kUOwEdoN58Z/bZu49X3yOB2I1QPNsHsLY=",
              "newValue": "AAAAAAAAAAAAAAAAAAAAAAAAAAAAAAAAAAAAAAAAAJY=",
              "oldValue": "AAAAAAAAAAAAAAAAAAAAAAAAAAAAAAAAAAAAAAAAAAA=",
              "ordinal": "13"
            },
            {
              "address": "LLZy2MEorMCCXcuvYeQ6KTpaUnY=",
              "key": "3+zF4pb61YPPMkCoeO+S/7CVXyhPAhbhZw9gwieeU7o=",
              "newValue": "AAAAAAAAAAAAAAAAAAAAAAAAAAAAAAAAAAAAAAAAAAA=",
              "oldValue": "AAAAAAAAAAAAAAAAAAAAAAAAAAAAAAAAAAAAAAAAAJY=",
              "ordinal": "14"
            }
          ]
        }
      ],
      "endOrdinal": "25",
      "from": "6z09YW8+Q+ntNh7dLQ5kTRjRebc=",
      "gasLimit": "200000",
      "gasPrice": {
        "bytes": "C0U="
      },
      "gasUsed": "50990",
      "hash": "E2euJ14Brg/hLbsRFBismbxzpqbwfKtvvBhA1ZB2cD8=",
      "input": "ASy2ctjBKKzAgl3Lr2HkOik6WlJ2",
      "nonce": "27",
      "r": "/n8N4OD9KzN9vfG0/fl6FERX+FAklxcusTRKtuJaaAY=",
      "receipt": {
        "cumulativeGasUsed": "50990",
        "logs": [
          {
            "address": "LLZy2MEorMCCXcuvYeQ6KTpaUnY=",
            "data": "AAAAAAAAAAAAAAAAAAAAAAAAAAAAAAAAAAAAAAAAAJY=",
            "ordinal": "16",
            "topics": [
              "3fJSrRviyJtpwrBo/DeNqpUrp/FjxKEWKPVaTfUjs+8=",
              "AAAAAAAAAAAAAAAAVJoy1Xw102gR3mpGJZaXDIPqmyM=",
              "AAAAAAAAAAAAAAAA6z09YW8+Q+ntNh7dLQ5kTRjRebc="
            ]
          },
          {
            "address": "AAAAAAAAAAAAAAAAAAAAAAAAEBA=",
            "blockIndex": 1,
            "data": "AAAAAAAAAAAAAAAAAAAAAAAAAAAAAAAAAAAAAAB67mQAAAAAAAAAAAAAAAAAAAAAAAAAAAAAAAAHmyW4wkitvgAAAAAAAAAAAAAAAAAAAAAAAAAAAAHnKbfVhowz1/E2AAAAAAAAAAAAAAAAAAAAAAAAAAAAAAAAB5sluMHNv1oAAAAAAAAAAAAAAAAAAAAAAAAAAAAB5ym31YaMNFLfmg==",
            "index": 1,
            "ordinal": "24",
            "topics": [
              "Tf4bu88Hfdw+ASke6i1ccMK0IrQV2VZFua3P1njLHWM=",
              "AAAAAAAAAAAAAAAAAAAAAAAAAAAAAAAAAAAAAAAAEBA=",
              "AAAAAAAAAAAAAAAA6z09YW8+Q+ntNh7dLQ5kTRjRebc=",
              "AAAAAAAAAAAAAAAAAAAAaRaoe4IzP0JFBGYjsjeUxlw="
            ]
          }
        ],
        "logsBloom": "AAAAAAAAAAAAAAAAAAAAAAAAAAAAAAAAAAAAAAAAAAAAAAAAAAAAIAAAEAAAAAAAAACAAAAAAAAAAAAAAAAAAAAAAAAAAAAAAJAACAAAAIAAAAAAAAAAAAABAAAAAAAAAAAAAAAAAAAAAAAAAAAAAAAAAAAAAAAAgAAAEQAAAAAAAAAAAAAAAAAAAAAAAAAAAAAAAAAAAAAAAIAAAAAAACAAAAAAAAAIAAACAAAAAAAAAAAAAAAAAAAAAAAAAABAAAAAAgAAAAAAAQAAAAAAAAAAAAAEAAAAABAAAAAAAACQAACAAAAAAAAAAAAAAAAAAAAAAAAAAAAAAAAAABAAAA=="
      },
      "s": "C4wVifsU3LuR1ToPisse4e3pAciXSe4Vv+hsa+7HBS4=",
      "status": "SUCCEEDED",
      "to": "VJoy1Xw102gR3mpGJZaXDIPqmyM=",
      "v": "Gw=="
    }
  ],
  "ver": 3
}